Archive member included because of file (symbol)

C:\fehqt\Proteus/EWL/lib/armv7e-m\libc.a(sprintf.o)
                              Libraries\FEHLCD.o (sprintf)
C:\fehqt\Proteus/EWL/lib/armv7e-m\libc.a(vsnprintf.o)
                              C:\fehqt\Proteus/EWL/lib/armv7e-m\libc.a(sprintf.o) (vsnprintf)
C:\fehqt\Proteus/EWL/lib/armv7e-m\libc.a(vsscanf.o)
                              Libraries\FEHSD.o (vsscanf)
C:\fehqt\Proteus/EWL/lib/armv7e-m\libc.a(exit.o)
                              Startup\__arm_start.o (exit)
C:\fehqt\Proteus/EWL/lib/armv7e-m\libc.a(memcpy.o)
                              C:\fehqt\Proteus/EWL/lib/armv7e-m\libc.a(vsnprintf.o) (memcpy)
C:\fehqt\Proteus/EWL/lib/armv7e-m\libc.a(memset.o)
                              Startup\__arm_start.o (memset)
C:\fehqt\Proteus/EWL/lib/armv7e-m\libc.a(strcmp.o)
                              Libraries\FEHLCD.o (strcmp)
C:\fehqt\Proteus/EWL/lib/armv7e-m\libc.a(strcpy.o)
                              Libraries\FEHLCD.o (strcpy)
C:\fehqt\Proteus/EWL/lib/armv7e-m\libc.a(strlen.o)
                              Libraries\FEHLCD.o (strlen)
C:\fehqt\Proteus/EWL/lib/armv7e-m\libc.a(printformat_.o)
                              (__pformatter_)
C:\fehqt\Proteus/EWL/lib/armv7e-m\libc.a(scanformat_.o)
                              (__sformatter)
C:\fehqt\Proteus/EWL/lib/armv7e-m\libc.a(ctype_aeabi.o)
                              C:\fehqt\Proteus/EWL/lib/armv7e-m\libc.a(scanformat_.o) (isspace)
C:\fehqt\Proteus/EWL/lib/armv7e-m\libc.a(__strtoul.o)
                              C:\fehqt\Proteus/EWL/lib/armv7e-m\libc.a(scanformat_.o) (__strtoul)
C:\fehqt\Proteus/EWL/lib/armv7e-m\libc.a(__filll_mem.o)
                              C:\fehqt\Proteus/EWL/lib/armv7e-m\libc.a(memset.o) (__fill_mem)
C:\fehqt\Proteus/EWL/lib/armv7e-m\libc.a(memchr.o)
                              C:\fehqt\Proteus/EWL/lib/armv7e-m\libc.a(printformat_.o) (memchr)
C:\fehqt\Proteus/EWL/lib/armv7e-m\libc.a(strchr.o)
                              C:\fehqt\Proteus/EWL/lib/armv7e-m\libc.a(printformat_.o) (strchr)
c:/fehqt/proteus/gcc/bin/../lib/gcc/arm-none-eabi/4.6.2/armv7e-m\libgcc.a(_arm_addsubdf3.o)
                              ..\bump-switch-functions.o (__aeabi_dsub)
c:/fehqt/proteus/gcc/bin/../lib/gcc/arm-none-eabi/4.6.2/armv7e-m\libgcc.a(_arm_muldivdf3.o)
                              ..\bump-switch-functions.o (__aeabi_dmul)
c:/fehqt/proteus/gcc/bin/../lib/gcc/arm-none-eabi/4.6.2/armv7e-m\libgcc.a(_arm_cmpdf2.o)
                              ..\bump-switch-functions.o (__aeabi_dcmplt)
c:/fehqt/proteus/gcc/bin/../lib/gcc/arm-none-eabi/4.6.2/armv7e-m\libgcc.a(_arm_fixdfsi.o)
                              Libraries\FEHMotor.o (__aeabi_d2iz)
c:/fehqt/proteus/gcc/bin/../lib/gcc/arm-none-eabi/4.6.2/armv7e-m\libgcc.a(_arm_fixunsdfsi.o)
                              Libraries\FEHUtility.o (__aeabi_d2uiz)
c:/fehqt/proteus/gcc/bin/../lib/gcc/arm-none-eabi/4.6.2/armv7e-m\libgcc.a(_arm_truncdfsf2.o)
                              ..\bump-switch-functions.o (__aeabi_d2f)
c:/fehqt/proteus/gcc/bin/../lib/gcc/arm-none-eabi/4.6.2/armv7e-m\libgcc.a(_arm_addsubsf3.o)
                              ..\pid-drive-functions.o (__aeabi_fsub)
c:/fehqt/proteus/gcc/bin/../lib/gcc/arm-none-eabi/4.6.2/armv7e-m\libgcc.a(_arm_muldivsf3.o)
                              ..\shaft-encoders-drive-functions.o (__aeabi_fmul)
c:/fehqt/proteus/gcc/bin/../lib/gcc/arm-none-eabi/4.6.2/armv7e-m\libgcc.a(_arm_cmpsf2.o)
                              ..\rps-functions.o (__aeabi_fcmpeq)
c:/fehqt/proteus/gcc/bin/../lib/gcc/arm-none-eabi/4.6.2/armv7e-m\libgcc.a(_arm_fixsfsi.o)
                              ..\pid-drive-functions.o (__aeabi_f2iz)
c:/fehqt/proteus/gcc/bin/../lib/gcc/arm-none-eabi/4.6.2/armv7e-m\libgcc.a(_arm_fixunssfsi.o)
                              Drivers\mcg.o (__aeabi_f2uiz)
C:\fehqt\Proteus/EWL/lib/armv7e-m\librt.a(gcc_ctor_dtor.o)
                              Startup\__arm_start.o (__init_cpp)
C:\fehqt\Proteus/EWL/lib/armv7e-m\librt.a(ROMCopy.o)
                              Startup\__arm_start.o (__copy_rom_sections_to_ram)
C:\fehqt\Proteus/EWL/lib/armv7e-m\librt.a(__arm_eabi_init.o)
                              C:\fehqt\Proteus/EWL/lib/armv7e-m\libc.a(exit.o) (__destroy_global_chain)
C:\fehqt\Proteus/EWL/lib/armv7e-m\librt.a(New.o)
                              Libraries\FEHIO.o (operator new(unsigned int))
c:/fehqt/proteus/gcc/bin/../lib/gcc/arm-none-eabi/4.6.2/../../../../arm-none-eabi/lib/armv7e-m\libsupc++.a(class_type_info.o)
                              C:\fehqt\Proteus/EWL/lib/armv7e-m\librt.a(New.o) (vtable for __cxxabiv1::__class_type_info)
c:/fehqt/proteus/gcc/bin/../lib/gcc/arm-none-eabi/4.6.2/../../../../arm-none-eabi/lib/armv7e-m\libsupc++.a(eh_alloc.o)
                              C:\fehqt\Proteus/EWL/lib/armv7e-m\librt.a(New.o) (__cxa_allocate_exception)
c:/fehqt/proteus/gcc/bin/../lib/gcc/arm-none-eabi/4.6.2/../../../../arm-none-eabi/lib/armv7e-m\libsupc++.a(eh_arm.o)
[...]
Memory Configuration

Name             Origin             Length             Attributes
m_interrupts     0x0000c000         0x00000400         xr
m_cfmprotrom     0x0000c400         0x00000010         xr
m_text           0x0000c410         0x00073bf0         xr
m_data           0x1fff0400         0x0000fc00         xrw
m_data2          0x20000000         0x00010000         xrw
*default*        0x00000000         0xffffffff

Linker script and memory map

LOAD ..\bump-switch-functions.o
LOAD ..\cds-cell-functions.o
LOAD ..\exploration-one.o
LOAD ..\exploration-two.o
LOAD ..\full-course.o
LOAD ..\line-following-functions.o
LOAD ..\other-functions.o
LOAD ..\performance-test-four.o
LOAD ..\performance-test-one.o
LOAD ..\performance-test-three.o
LOAD ..\performance-test-two.o
LOAD ..\pid-drive-functions.o
LOAD ..\rps-functions.o
LOAD ..\shaft-encoders-drive-functions.o
LOAD ..\time-drive-functions.o
LOAD ..\main.o
LOAD Startup\__arm_start.o
LOAD Startup\__arm_end.o
LOAD Startup\kinetis_sysinit.o
LOAD Libraries\FEHMotor.o
LOAD Drivers\mcg.o
LOAD Drivers\i2c.o
LOAD Drivers\spi.o
LOAD Drivers\uart.o
LOAD Drivers\ff.o
LOAD Drivers\SDHC.o
LOAD Drivers\lptmr.o
LOAD FEHProteus.o
LOAD Drivers\FEHPropeller.o
LOAD Libraries\FEHUtility.o
LOAD Libraries\FEHIO.o
LOAD Drivers\adc16.o
LOAD Libraries\FEHBuzzer.o
LOAD Libraries\FEHServo.o
LOAD Libraries\FEHLCD.o
LOAD Libraries\FEHAccel.o
LOAD Libraries\FEHBattery.o
LOAD Drivers\FEHXBee.o
LOAD Libraries\FEHRPS.o
LOAD Libraries\FEHSD.o
                0x00018404                __pformatter = __pformatter_
                [0x000187fc]                __sformatter = __sformatter
LOAD C:\fehqt\Proteus/EWL/lib/armv7e-m\libstdc++.a
LOAD C:\fehqt\Proteus/EWL/lib/armv7e-m\libm.a
START GROUP
LOAD C:\fehqt\Proteus/EWL/lib/armv7e-m\libc.a
LOAD C:\fehqt\Proteus/EWL/lib/armv7e-m\libc++.a
LOAD C:\fehqt\Proteus/EWL/lib/armv7e-m\libm.a
LOAD c:/fehqt/proteus/gcc/bin/../lib/gcc/arm-none-eabi/4.6.2/armv7e-m\libgcc.a
LOAD C:\fehqt\Proteus/EWL/lib/armv7e-m\librt.a
LOAD c:/fehqt/proteus/gcc/bin/../lib/gcc/arm-none-eabi/4.6.2/../../../../arm-none-eabi/lib/armv7e-m\libsupc++.a
END GROUP
                0x20000000                _estack = 0x20000000
                0x20000000                __SP_INIT = _estack
                0x00000800                __heap_size = 0x800
                0x00000800                __stack_size = 0x800

.interrupts     0x0000c000      0x1e0
                0x0000c000                __vector_table = .
                0x0000c000                . = ALIGN (0x4)
 *(.vectortable)
 .vectortable   0x0000c000      0x1e0 Startup\kinetis_sysinit.o
                0x0000c1e0                . = ALIGN (0x4)

.cfmprotect     0x0000c400        0x0
                0x0000c400                . = ALIGN (0x4)
 *(.cfmconfig)
                0x0000c400                . = ALIGN (0x4)

.text           0x0000c410     0xd838
                0x0000c410                . = ALIGN (0x4)
 *(.text)
 .text          0x0000c410      0x370 c:/fehqt/proteus/gcc/bin/../lib/gcc/arm-none-eabi/4.6.2/armv7e-m\libgcc.a(_arm_addsubdf3.o)
                0x0000c410                __aeabi_drsub
                0x0000c418                __aeabi_dsub
                0x0000c418                __subdf3
                0x0000c41c                __aeabi_dadd
                0x0000c41c                __adddf3
                0x0000c694                __floatunsidf
                0x0000c694                __aeabi_ui2d
                0x0000c6b4                __floatsidf
                0x0000c6b4                __aeabi_i2d
                0x0000c6d8                __aeabi_f2d
                0x0000c6d8                __extendsfdf2
                0x0000c714                __floatundidf
                0x0000c714                __aeabi_ul2d
                0x0000c724                __floatdidf
                0x0000c724                __aeabi_l2d
 .text          0x0000c780      0x424 c:/fehqt/proteus/gcc/bin/../lib/gcc/arm-none-eabi/4.6.2/armv7e-m\libgcc.a(_arm_muldivdf3.o)
                0x0000c780                __aeabi_dmul
                0x0000c780                __muldf3
                0x0000c9d4                __divdf3
                0x0000c9d4                __aeabi_ddiv
 .text          0x0000cba4      0x110 c:/fehqt/proteus/gcc/bin/../lib/gcc/arm-none-eabi/4.6.2/armv7e-m\libgcc.a(_arm_cmpdf2.o)
                0x0000cba4                __gtdf2
                0x0000cba4                __gedf2
                0x0000cbac                __ltdf2
                0x0000cbac                __ledf2
                0x0000cbb4                __nedf2
                0x0000cbb4                __eqdf2
                0x0000cbb4                __cmpdf2
                0x0000cc30                __aeabi_cdrcmple
                0x0000cc40                __aeabi_cdcmpeq
                0x0000cc40                __aeabi_cdcmple
                0x0000cc50                __aeabi_dcmpeq
                0x0000cc64                __aeabi_dcmplt
                0x0000cc78                __aeabi_dcmple
                0x0000cc8c                __aeabi_dcmpge
                0x0000cca0                __aeabi_dcmpgt
 .text          0x0000ccb4       0x50 c:/fehqt/proteus/gcc/bin/../lib/gcc/arm-none-eabi/4.6.2/armv7e-m\libgcc.a(_arm_fixdfsi.o)
                0x0000ccb4                __aeabi_d2iz
                0x0000ccb4                __fixdfsi
 .text          0x0000cd04       0x40 c:/fehqt/proteus/gcc/bin/../lib/gcc/arm-none-eabi/4.6.2/armv7e-m\libgcc.a(_arm_fixunsdfsi.o)
                0x0000cd04                __aeabi_d2uiz
                0x0000cd04                __fixunsdfsi
 .text          0x0000cd44       0xa0 c:/fehqt/proteus/gcc/bin/../lib/gcc/arm-none-eabi/4.6.2/armv7e-m\libgcc.a(_arm_truncdfsf2.o)
                0x0000cd44                __truncdfsf2
                0x0000cd44                __aeabi_d2f
 .text          0x0000cde4      0x21c c:/fehqt/proteus/gcc/bin/../lib/gcc/arm-none-eabi/4.6.2/armv7e-m\libgcc.a(_arm_addsubsf3.o)
                0x0000cde4                __aeabi_frsub
                0x0000cdec                __subsf3
                0x0000cdec                __aeabi_fsub
                0x0000cdf0                __aeabi_fadd
                0x0000cdf0                __addsf3
                0x0000cf50                __aeabi_ui2f
                0x0000cf50                __floatunsisf
                0x0000cf58                __aeabi_i2f
                0x0000cf58                __floatsisf
                0x0000cf74                __aeabi_ul2f
                0x0000cf74                __floatundisf
                0x0000cf84                __aeabi_l2f
                0x0000cf84                __floatdisf
 .text          0x0000d000      0x2a0 c:/fehqt/proteus/gcc/bin/../lib/gcc/arm-none-eabi/4.6.2/armv7e-m\libgcc.a(_arm_muldivsf3.o)
                0x0000d000                __mulsf3
                0x0000d000                __aeabi_fmul
                0x0000d168                __aeabi_fdiv
                0x0000d168                __divsf3
 .text          0x0000d2a0       0xec c:/fehqt/proteus/gcc/bin/../lib/gcc/arm-none-eabi/4.6.2/armv7e-m\libgcc.a(_arm_cmpsf2.o)
                0x0000d2a0                __gesf2
                0x0000d2a0                __gtsf2
                0x0000d2a8                __lesf2
                0x0000d2a8                __ltsf2
                0x0000d2b0                __nesf2
                0x0000d2b0                __eqsf2
                0x0000d2b0                __cmpsf2
                0x0000d310                __aeabi_cfrcmple
                0x0000d318                __aeabi_cfcmpeq
                0x0000d318                __aeabi_cfcmple
                0x0000d328                __aeabi_fcmpeq
                0x0000d33c                __aeabi_fcmplt
                0x0000d350                __aeabi_fcmple
                0x0000d364                __aeabi_fcmpge
                0x0000d378                __aeabi_fcmpgt
 .text          0x0000d38c       0x4c c:/fehqt/proteus/gcc/bin/../lib/gcc/arm-none-eabi/4.6.2/armv7e-m\libgcc.a(_arm_fixsfsi.o)
                0x0000d38c                __aeabi_f2iz
                0x0000d38c                __fixsfsi
 *(.text*)
 .text._Z26DriveSkidFirstUntilHitWalli
                0x0000d3d8      0x188 ..\bump-switch-functions.o
                0x0000d3d8                DriveSkidFirstUntilHitWall(int)
 .text._Z11detectLightd
                0x0000d560       0xc0 ..\cds-cell-functions.o
                0x0000d560                detectLight(double)
 .text._Z17waitForStartLightv
                0x0000d620      0x128 ..\cds-cell-functions.o
                0x0000d620                waitForStartLight()
 .text._Z18navigateFullCoursev
                0x0000d748      0xa80 ..\full-course.o
                0x0000d748                navigateFullCourse()
 .text._Z15calibrateServosv
                0x0000e1c8       0x48 ..\other-functions.o
                0x0000e1c8                calibrateServos()
 .text._Z12waitForTouchv
                0x0000e210       0x64 ..\other-functions.o
                0x0000e210                waitForTouch()
 .text._Z11setupServosv
                0x0000e274       0x2c ..\other-functions.o
                0x0000e274                setupServos()
 .text._Z31waitForSkidServoBumpSwitchPressv
                0x0000e2a0       0x34 ..\other-functions.o
                0x0000e2a0                waitForSkidServoBumpSwitchPress()
 *fill*         0x0000e2d4        0x4 00
 .text._Z17setRPSCoordinatesv
                0x0000e2d8      0x1b8 ..\other-functions.o
                0x0000e2d8                setRPSCoordinates()
 .text._Z15prepareToLaunchv
                0x0000e490       0x68 ..\other-functions.o
                0x0000e490                prepareToLaunch()
 .text._Z8dropCoinv
                0x0000e4f8       0x84 ..\other-functions.o
                0x0000e4f8                dropCoin()
 *fill*         0x0000e57c        0x4 00
 .text._Z12check_x_plusf
                0x0000e580      0x318 ..\rps-functions.o
                0x0000e580                check_x_plus(float)
 .text._Z12check_y_plusf
                0x0000e898      0x318 ..\rps-functions.o
                0x0000e898                check_y_plus(float)
 .text._Z12RPSIsWorkingv
                0x0000ebb0       0xbc ..\rps-functions.o
                0x0000ebb0                RPSIsWorking()
 *fill*         0x0000ec6c        0x4 00
 .text._Z13check_headingf
                0x0000ec70      0x228 ..\rps-functions.o
                0x0000ec70                check_heading(float)
 .text._Z14driveForInchesbdif
                0x0000ee98      0x3f8 ..\shaft-encoders-drive-functions.o
                0x0000ee98                driveForInches(bool, double, int, float)
 .text._Z17turnCountsInPlacebii
                0x0000f290      0x220 ..\shaft-encoders-drive-functions.o
                0x0000f290                turnCountsInPlace(bool, int, int)
 .text._Z15driveForSecondsbdi
                0x0000f4b0      0x160 ..\time-drive-functions.o
                0x0000f4b0                driveForSeconds(bool, double, int)
 .text.main     0x0000f610       0x10 ..\main.o
                0x0000f610                main
 .text._Z41__static_initialization_and_destruction_0ii
                0x0000f620       0xbc ..\main.o
 .text._GLOBAL__sub_I_cdsCell
                0x0000f6dc       0x14 ..\main.o
 .text.zero_fill_bss
                0x0000f6f0       0x34 Startup\__arm_start.o
 .text.__thumb_startup
                0x0000f724       0x34 Startup\__arm_start.o
                0x0000f724                __thumb_startup
 .text.InitFEHProteus
                0x0000f758      0x15c Startup\__arm_start.o
                0x0000f758                InitFEHProteus
 .text.pll_init_bl
                0x0000f8b4      0x130 Startup\__arm_start.o
 .text.InitPowerButton
                0x0000f9e4       0x90 Startup\__arm_start.o
                0x0000f9e4                InitPowerButton
 .text._ExitProcess
                0x0000fa74        0xc Startup\__arm_end.o
                0x0000fa74                _ExitProcess
 .text.Default_Handler
                0x0000fa80        0xc Startup\kinetis_sysinit.o
                0x0000fa80                BusFault_Handler()
                0x0000fa80                HardFault_Handler()
                0x0000fa80                SysTick_Handler()
                0x0000fa80                PendSV_Handler()
                0x0000fa80                DebugMonitor_Handler()
                0x0000fa80                MemManage_Handler()
                0x0000fa80                NMI_Handler()
                0x0000fa80                SVC_Handler()
                0x0000fa80                Default_Handler
                0x0000fa80                UsageFault_Handler()
 .text.__init_hardware
                0x0000fa8c       0x44 Startup\kinetis_sysinit.o
                0x0000fa8c                __init_hardware
 .text._Z8PortDISRv
                0x0000fad0       0x64 Startup\kinetis_sysinit.o
                0x0000fad0                PortDISR()
 *fill*         0x0000fb34        0x4 00
 .text._ZN8FEHMotorC2ENS_12FEHMotorPortEf
                0x0000fb38       0xb0 Libraries\FEHMotor.o
                0x0000fb38                FEHMotor::FEHMotor(FEHMotor::FEHMotorPort, float)
                0x0000fb38                FEHMotor::FEHMotor(FEHMotor::FEHMotorPort, float)
 .text._ZN8FEHMotor4StopEv
                0x0000fbe8       0x3c Libraries\FEHMotor.o
                0x0000fbe8                FEHMotor::Stop()
 .text._ZN8FEHMotor8SetPowerEi
                0x0000fc24       0x60 Libraries\FEHMotor.o
                0x0000fc24                FEHMotor::SetPower(int)
 *fill*         0x0000fc84        0x4 00
 .text._ZN8FEHMotor10SetPercentEf
                0x0000fc88      0x158 Libraries\FEHMotor.o
                0x0000fc88                FEHMotor::SetPercent(float)
 .text._Z21IIC_StartTransmissionhh
                0x0000fde0       0x98 Drivers\i2c.o
                0x0000fde0                IIC_StartTransmission(unsigned char, unsigned char)
 .text._Z5Pausev
                0x0000fe78       0x34 Drivers\i2c.o
                0x0000fe78                Pause()
 .text._Z21MMA8451QWriteRegisterhh
                0x0000feac      0x12c Drivers\i2c.o
                0x0000feac                MMA8451QWriteRegister(unsigned char, unsigned char)
 .text._Z12SPI_SendCharh
                0x0000ffd8       0x1c Drivers\spi.o
                0x0000ffd8                SPI_SendChar(unsigned char)
 .text._Z16SPI_WriteCommandhh
                0x0000fff4       0x34 Drivers\spi.o
                0x0000fff4                SPI_WriteCommand(unsigned char, unsigned char)
 .text._Z11SPI_GetCharv
                0x00010028       0x14 Drivers\spi.o
                0x00010028                SPI_GetChar()
 .text._Z15SPI_ReadCommandh
                0x0001003c       0x3c Drivers\spi.o
                0x0001003c                SPI_ReadCommand(unsigned char)
 .text._Z13SPI_CS_Assertv
                0x00010078       0x24 Drivers\spi.o
                0x00010078                SPI_CS_Assert()
 .text._Z15SPI_CS_Deassertv
                0x0001009c       0x24 Drivers\spi.o
                0x0001009c                SPI_CS_Deassert()
 .text._Z12SPI_Transferh
                0x000100c0       0x88 Drivers\spi.o
                0x000100c0                SPI_Transfer(unsigned char)
 .text._Z8SPI_Initv
                0x00010148       0xe8 Drivers\spi.o
                0x00010148                SPI_Init()
 .text._Z9uart_initPV11UART_MemMapii
                0x00010230      0x20c Drivers\uart.o
                0x00010230                uart_init(UART_MemMap volatile*, int, int)
 .text._Z12uart_getcharPV11UART_MemMap
                0x0001043c       0x34 Drivers\uart.o
                0x0001043c                uart_getchar(UART_MemMap volatile*)
 .text._Z12uart_putcharPV11UART_MemMapc
                0x00010470       0x38 Drivers\uart.o
                0x00010470                uart_putchar(UART_MemMap volatile*, char)
 .text._ZL7mem_setPvij
                0x000104a8       0x44 Drivers\ff.o
 .text._ZL11move_windowP5FATFSm
                0x000104ec       0xf0 Drivers\ff.o
 .text._ZL4syncP5FATFS
                0x000105dc      0x188 Drivers\ff.o
 .text._ZL8validateP5FATFSt
                0x00010764       0x54 Drivers\ff.o
 .text._Z6f_syncP3FIL
                0x000107b8      0x1c0 Drivers\ff.o
                0x000107b8                f_sync(FIL*)
 .text._Z7f_closeP3FIL
                0x00010978       0x2c Drivers\ff.o
                0x00010978                f_close(FIL*)
 .text._ZL17SDHC_set_baudratemm
                0x000109a4      0x14c Drivers\SDHC.o
 .text._Z9SDHC_initP17esdhc_info_structPK17esdhc_init_struct
                0x00010af0      0x1c4 Drivers\SDHC.o
                0x00010af0                SDHC_init(esdhc_info_struct*, esdhc_init_struct const*)
 .text._ZL15SDHC_is_runningv
                0x00010cb4       0x28 Drivers\SDHC.o
 .text._ZL16SDHC_status_waitm
                0x00010cdc       0x38 Drivers\SDHC.o
 .text._ZL17SDHC_send_commandP20esdhc_command_struct
                0x00010d14      0x2a0 Drivers\SDHC.o
 .text._Z10SDHC_ioctlmPv
                0x00010fb4      0x978 Drivers\SDHC.o
                0x00010fb4                SDHC_ioctl(unsigned long, void*)
 .text._ZL14rcvr_datablockPhm
                0x0001192c      0x134 Drivers\SDHC.o
 .text._Z9disk_readhPhmh
                0x00011a60      0x13c Drivers\SDHC.o
                0x00011a60                disk_read(unsigned char, unsigned char*, unsigned long, unsigned char)
 .text._ZL14xmit_datablockPKhm
                0x00011b9c       0xe0 Drivers\SDHC.o
 .text._Z10disk_writehPKhmh
                0x00011c7c      0x1cc Drivers\SDHC.o
                0x00011c7c                disk_write(unsigned char, unsigned char const*, unsigned long, unsigned char)
 .text._Z10disk_ioctlhhPv
                0x00011e48      0x128 Drivers\SDHC.o
                0x00011e48                disk_ioctl(unsigned char, unsigned char, void*)
 .text._Z11disk_statush
                0x00011f70       0x30 Drivers\SDHC.o
                0x00011f70                disk_status(unsigned char)
 .text._Z13time_delay_msm
                0x00011fa0       0xa4 Drivers\lptmr.o
                0x00011fa0                time_delay_ms(unsigned long)
 .text._Z41__static_initialization_and_destruction_0ii
                0x00012044       0x30 FEHProteus.o
 .text._GLOBAL__sub_I_Propeller
                0x00012074       0x14 FEHProteus.o
 .text._ZN12FEHPropellerC2Ev
                0x00012088       0x20 Drivers\FEHPropeller.o
                0x00012088                FEHPropeller::FEHPropeller()
                0x00012088                FEHPropeller::FEHPropeller()
 .text._ZN12FEHPropeller10InitializeEv
                0x000120a8       0x94 Drivers\FEHPropeller.o
                0x000120a8                FEHPropeller::Initialize()
 .text._ZN12FEHPropeller12SetMotorRateEhhh
                0x0001213c       0x78 Drivers\FEHPropeller.o
                0x0001213c                FEHPropeller::SetMotorRate(unsigned char, unsigned char, unsigned char)
 .text._ZL5Delaymjj
                0x000121b4       0xc4 Libraries\FEHUtility.o
 .text._Z5Sleepi
                0x00012278       0x34 Libraries\FEHUtility.o
                0x00012278                Sleep(int)
 *fill*         0x000122ac        0x4 00
 .text._Z5Sleepd
                0x000122b0       0x58 Libraries\FEHUtility.o
                0x000122b0                Sleep(double)
 .text._Z7TimeNowv
                0x00012308       0x70 Libraries\FEHUtility.o
                0x00012308                TimeNow()
 .text._Z11TimeNowMSecv
                0x00012378       0x44 Libraries\FEHUtility.o
                0x00012378                TimeNowMSec()
 .text._ZN15DigitalInputPinC2EN5FEHIO8FEHIOPinE
                0x000123bc       0x24 Libraries\FEHIO.o
                0x000123bc                DigitalInputPin::DigitalInputPin(FEHIO::FEHIOPin)
                0x000123bc                DigitalInputPin::DigitalInputPin(FEHIO::FEHIOPin)
 .text._ZN15DigitalInputPin10InitializeEN5FEHIO8FEHIOPinE
                0x000123e0      0x224 Libraries\FEHIO.o
                0x000123e0                DigitalInputPin::Initialize(FEHIO::FEHIOPin)
 .text._ZN15DigitalInputPin5ValueEv
                0x00012604      0x148 Libraries\FEHIO.o
                0x00012604                DigitalInputPin::Value()
 .text._ZN14DigitalEncoderC2EN5FEHIO8FEHIOPinE
                0x0001274c       0x2c Libraries\FEHIO.o
                0x0001274c                DigitalEncoder::DigitalEncoder(FEHIO::FEHIOPin)
                0x0001274c                DigitalEncoder::DigitalEncoder(FEHIO::FEHIOPin)
 .text._Z10enable_irqi
                0x00012778      0x1cc Libraries\FEHIO.o
                0x00012778                enable_irq(int)
 .text._ZN14DigitalEncoder10InitializeEN5FEHIO8FEHIOPinENS0_21FEHIOInterruptTriggerE
                0x00012944      0x224 Libraries\FEHIO.o
                0x00012944                DigitalEncoder::Initialize(FEHIO::FEHIOPin, FEHIO::FEHIOInterruptTrigger)
 .text._Z9portB_isrv
                0x00012b68       0xd4 Libraries\FEHIO.o
                0x00012b68                portB_isr()
 .text._Z9portC_isrv
                0x00012c3c       0xd8 Libraries\FEHIO.o
                0x00012c3c                portC_isr()
 .text._Z9portA_isrv
                0x00012d14       0xd8 Libraries\FEHIO.o
                0x00012d14                portA_isr()
 .text._Z9portE_isrv
                0x00012dec       0xd0 Libraries\FEHIO.o
                0x00012dec                portE_isr()
 .text._ZN14DigitalEncoder6CountsEv
                0x00012ebc       0x28 Libraries\FEHIO.o
                0x00012ebc                DigitalEncoder::Counts()
 .text._ZN14DigitalEncoder11ResetCountsEv
                0x00012ee4       0x28 Libraries\FEHIO.o
                0x00012ee4                DigitalEncoder::ResetCounts()
 .text._ZN14AnalogInputPinC2EN5FEHIO8FEHIOPinE
                0x00012f0c       0x20 Libraries\FEHIO.o
                0x00012f0c                AnalogInputPin::AnalogInputPin(FEHIO::FEHIOPin)
                0x00012f0c                AnalogInputPin::AnalogInputPin(FEHIO::FEHIOPin)
 *fill*         0x00012f2c        0x4 00
 .text._ZN14AnalogInputPin5ValueEv
                0x00012f30      0x180 Libraries\FEHIO.o
                0x00012f30                AnalogInputPin::Value()
 .text._ZN13AnalogEncoder12EncoderValueEv
                0x000130b0       0xe4 Libraries\FEHIO.o
                0x000130b0                AnalogEncoder::EncoderValue()
 .text._ZN14AnalogInputPin8InitADCsEv
                0x00013194      0x120 Libraries\FEHIO.o
                0x00013194                AnalogInputPin::InitADCs()
 .text._Z8pit0_isrv
                0x000132b4       0x34 Libraries\FEHIO.o
                0x000132b4                pit0_isr()
 .text._ZN13AnalogEncoder4InitEv
                0x000132e8       0x64 Libraries\FEHIO.o
                0x000132e8                AnalogEncoder::Init()
 .text._ZN13AnalogEncoder14SetCounterInitEj
                0x0001334c       0x20 Libraries\FEHIO.o
                0x0001334c                AnalogEncoder::SetCounterInit(unsigned int)
 .text._ZN13AnalogEncoder10ProcessIntEv
                0x0001336c       0x80 Libraries\FEHIO.o
                0x0001336c                AnalogEncoder::ProcessInt()
 .text._ZN13AnalogEncoder14ProcessIntSelfEv
                0x000133ec       0x80 Libraries\FEHIO.o
                0x000133ec                AnalogEncoder::ProcessIntSelf()
 .text._Z7ADC_CalPV10ADC_MemMap
                0x0001346c      0x14c Drivers\adc16.o
                0x0001346c                ADC_Cal(ADC_MemMap volatile*)
 .text._Z14ADC_Config_AltPV10ADC_MemMapP7adc_cfg
                0x000135b8       0x6c Drivers\adc16.o
                0x000135b8                ADC_Config_Alt(ADC_MemMap volatile*, adc_cfg*)
 .text._ZN9FEHBuzzerC2Ev
                0x00013624       0x18 Libraries\FEHBuzzer.o
                0x00013624                FEHBuzzer::FEHBuzzer()
                0x00013624                FEHBuzzer::FEHBuzzer()
 .text._Z41__static_initialization_and_destruction_0ii
                0x0001363c       0x30 Libraries\FEHBuzzer.o
 .text._GLOBAL__sub_I_Buzzer
                0x0001366c       0x14 Libraries\FEHBuzzer.o
 .text._ZN8FEHServoC2ENS_12FEHServoPortE
                0x00013680       0x3c Libraries\FEHServo.o
                0x00013680                FEHServo::FEHServo(FEHServo::FEHServoPort)
                0x00013680                FEHServo::FEHServo(FEHServo::FEHServoPort)
 .text._ZN8FEHServo6SetMinEi
                0x000136bc       0x3c Libraries\FEHServo.o
                0x000136bc                FEHServo::SetMin(int)
 .text._ZN8FEHServo6SetMaxEi
                0x000136f8       0x3c Libraries\FEHServo.o
                0x000136f8                FEHServo::SetMax(int)
 *fill*         0x00013734        0x4 00
 .text._ZN8FEHServo9SetDegreeEf
                0x00013738      0x148 Libraries\FEHServo.o
                0x00013738                FEHServo::SetDegree(float)
 .text._ZN6FEHLCD11_InitializeEv
                0x00013880      0x5dc Libraries\FEHLCD.o
                0x00013880                FEHLCD::_Initialize()
 .text._ZN6FEHLCDC2Ev
                0x00013e5c       0x64 Libraries\FEHLCD.o
                0x00013e5c                FEHLCD::FEHLCD()
                0x00013e5c                FEHLCD::FEHLCD()
 .text._ZN6FEHLCD10InitializeEv
                0x00013ec0       0x38 Libraries\FEHLCD.o
                0x00013ec0                FEHLCD::Initialize()
 .text._ZN6FEHLCD10PrintImageEii
                0x00013ef8      0x100 Libraries\FEHLCD.o
                0x00013ef8                FEHLCD::PrintImage(int, int)
 .text._ZN6FEHLCD9PrintLogoEii
                0x00013ff8      0x100 Libraries\FEHLCD.o
                0x00013ff8                FEHLCD::PrintLogo(int, int)
 .text._ZN6FEHLCD22ConvertFEHColorTo24BitENS_11FEHLCDColorE
                0x000140f8       0x80 Libraries\FEHLCD.o
                0x000140f8                FEHLCD::ConvertFEHColorTo24Bit(FEHLCD::FEHLCDColor)
 .text._ZN6FEHLCD24Convert24BitColorTo16BitEj
                0x00014178       0x40 Libraries\FEHLCD.o
                0x00014178                FEHLCD::Convert24BitColorTo16Bit(unsigned int)
 .text._ZN6FEHLCD22ConvertRGBColorTo16BitEhhh
                0x000141b8       0x44 Libraries\FEHLCD.o
                0x000141b8                FEHLCD::ConvertRGBColorTo16Bit(unsigned char, unsigned char, unsigned char)
 .text._ZN6FEHLCD5ClearENS_11FEHLCDColorE
                0x000141fc       0x28 Libraries\FEHLCD.o
                0x000141fc                FEHLCD::Clear(FEHLCD::FEHLCDColor)
 .text._ZN6FEHLCD5ClearEj
                0x00014224       0x2c Libraries\FEHLCD.o
                0x00014224                FEHLCD::Clear(unsigned int)
 .text._ZN6FEHLCD5ClearEv
                0x00014250       0x18 Libraries\FEHLCD.o
                0x00014250                FEHLCD::Clear()
 .text._ZN6FEHLCD18SetBackgroundColorENS_11FEHLCDColorE
                0x00014268       0x28 Libraries\FEHLCD.o
                0x00014268                FEHLCD::SetBackgroundColor(FEHLCD::FEHLCDColor)
 .text._ZN6FEHLCD18SetBackgroundColorEj
                0x00014290       0x28 Libraries\FEHLCD.o
                0x00014290                FEHLCD::SetBackgroundColor(unsigned int)
 .text._ZN6FEHLCD12SetFontColorENS_11FEHLCDColorE
                0x000142b8       0x28 Libraries\FEHLCD.o
                0x000142b8                FEHLCD::SetFontColor(FEHLCD::FEHLCDColor)
 .text._ZN6FEHLCD12SetFontColorEj
                0x000142e0       0x28 Libraries\FEHLCD.o
                0x000142e0                FEHLCD::SetFontColor(unsigned int)
 .text._ZN6FEHLCD7WriteAtEPKcii
                0x00014308       0x58 Libraries\FEHLCD.o
                0x00014308                FEHLCD::WriteAt(char const*, int, int)
 .text._ZN6FEHLCD11TS_SPI_InitEv
                0x00014360       0xa8 Libraries\FEHLCD.o
                0x00014360                FEHLCD::TS_SPI_Init()
 .text._ZN6FEHLCD5TouchEPfS0_
                0x00014408      0x240 Libraries\FEHLCD.o
                0x00014408                FEHLCD::Touch(float*, float*)
 .text._ZN6FEHLCD3absEi
                0x00014648       0x28 Libraries\FEHLCD.o
                0x00014648                FEHLCD::abs(int)
 .text._ZN6FEHLCD5WriteEPKc
                0x00014670       0x5c Libraries\FEHLCD.o
                0x00014670                FEHLCD::Write(char const*)
 .text._ZN6FEHLCD5WriteEi
                0x000146cc       0x34 Libraries\FEHLCD.o
                0x000146cc                FEHLCD::Write(int)
 .text._ZN6FEHLCD5WriteEf
                0x00014700       0xdc Libraries\FEHLCD.o
                0x00014700                FEHLCD::Write(float)
 .text._ZN6FEHLCD5WriteEd
                0x000147dc       0x28 Libraries\FEHLCD.o
                0x000147dc                FEHLCD::Write(double)
 .text._ZN6FEHLCD5WriteEc
                0x00014804       0x30 Libraries\FEHLCD.o
                0x00014804                FEHLCD::Write(char)
 .text._ZN6FEHLCD9WriteLineEPKc
                0x00014834       0x28 Libraries\FEHLCD.o
                0x00014834                FEHLCD::WriteLine(char const*)
 .text._ZN6FEHLCD9WriteLineEi
                0x0001485c       0x28 Libraries\FEHLCD.o
                0x0001485c                FEHLCD::WriteLine(int)
 .text._ZN6FEHLCD9WriteLineEf
                0x00014884       0x28 Libraries\FEHLCD.o
                0x00014884                FEHLCD::WriteLine(float)
 .text._ZN6FEHLCD9WriteLineEc
                0x000148ac       0x2c Libraries\FEHLCD.o
                0x000148ac                FEHLCD::WriteLine(char)
 .text._ZN6FEHLCD10WriteIndexEh
                0x000148d8      0x288 Libraries\FEHLCD.o
                0x000148d8                FEHLCD::WriteIndex(unsigned char)
 .text._ZN6FEHLCD14WriteParameterEh
                0x00014b60      0x254 Libraries\FEHLCD.o
                0x00014b60                FEHLCD::WriteParameter(unsigned char)
 .text._ZN6FEHLCD6_ClearEv
                0x00014db4      0x228 Libraries\FEHLCD.o
                0x00014db4                FEHLCD::_Clear()
 .text._ZN6FEHLCD8NextLineEv
                0x00014fdc       0x30 Libraries\FEHLCD.o
                0x00014fdc                FEHLCD::NextLine()
 .text._ZN6FEHLCD9CheckLineEv
                0x0001500c       0x2c Libraries\FEHLCD.o
                0x0001500c                FEHLCD::CheckLine()
 .text._ZN6FEHLCD8NextCharEv
                0x00015038       0x34 Libraries\FEHLCD.o
                0x00015038                FEHLCD::NextChar()
 .text._ZN6FEHLCD9DrawPixelEii
                0x0001506c       0x30 Libraries\FEHLCD.o
                0x0001506c                FEHLCD::DrawPixel(int, int)
 .text._Z4SwapRiS_
                0x0001509c       0x28 Libraries\FEHLCD.o
                0x0001509c                Swap(int&, int&)
 .text._ZN6FEHLCD13DrawRectangleEiiii
                0x000150c4       0x80 Libraries\FEHLCD.o
                0x000150c4                FEHLCD::DrawRectangle(int, int, int, int)
 .text._ZN6FEHLCD13SetDrawRegionEiiii
                0x00015144      0x10c Libraries\FEHLCD.o
                0x00015144                FEHLCD::SetDrawRegion(int, int, int, int)
 .text._ZN6FEHLCD8DrawLineEiiii
                0x00015250      0x17c Libraries\FEHLCD.o
                0x00015250                FEHLCD::DrawLine(int, int, int, int)
 .text._ZN6FEHLCD9WriteCharEiic
                0x000153cc       0x40 Libraries\FEHLCD.o
                0x000153cc                FEHLCD::WriteChar(int, int, char)
 .text._ZN6FEHLCD11WriteCharAtEiic
                0x0001540c      0x278 Libraries\FEHLCD.o
                0x0001540c                FEHLCD::WriteCharAt(int, int, char)
 .text._ZN6FEHLCD11RepeatColorEv
                0x00015684       0xbc Libraries\FEHLCD.o
                0x00015684                FEHLCD::RepeatColor()
 .text._ZN6FEHLCD10_ForePixelEv
                0x00015740      0x160 Libraries\FEHLCD.o
                0x00015740                FEHLCD::_ForePixel()
 .text._ZN6FEHLCD10_BackPixelEv
                0x000158a0      0x160 Libraries\FEHLCD.o
                0x000158a0                FEHLCD::_BackPixel()
 .text._ZN6FEHLCD22SetRegisterColorValuesEv
                0x00015a00      0x4c0 Libraries\FEHLCD.o
                0x00015a00                FEHLCD::SetRegisterColorValues()
 .text._ZN7FEHIcon4IconC2Ev
                0x00015ec0       0x18 Libraries\FEHLCD.o
                0x00015ec0                FEHIcon::Icon::Icon()
                0x00015ec0                FEHIcon::Icon::Icon()
 .text._ZN7FEHIcon4Icon13SetPropertiesEPciiiijj
                0x00015ed8       0x70 Libraries\FEHLCD.o
                0x00015ed8                FEHIcon::Icon::SetProperties(char*, int, int, int, int, unsigned int, unsigned int)
 .text._ZN7FEHIcon4Icon4DrawEv
                0x00015f48       0xb0 Libraries\FEHLCD.o
                0x00015f48                FEHIcon::Icon::Draw()
 .text._ZN7FEHIcon4Icon6SelectEv
                0x00015ff8       0xb8 Libraries\FEHLCD.o
                0x00015ff8                FEHIcon::Icon::Select()
 .text._ZN7FEHIcon4Icon8DeselectEv
                0x000160b0       0xb4 Libraries\FEHLCD.o
                0x000160b0                FEHIcon::Icon::Deselect()
 .text._ZN7FEHIcon4Icon7PressedEffi
                0x00016164      0x1dc Libraries\FEHLCD.o
                0x00016164                FEHIcon::Icon::Pressed(float, float, int)
 .text._ZN7FEHIcon4Icon12WhilePressedEff
                0x00016340       0x5c Libraries\FEHLCD.o
                0x00016340                FEHIcon::Icon::WhilePressed(float, float)
 .text._ZN7FEHIcon13DrawIconArrayEPNS_4IconEiiiiiiPA20_cjj
                0x0001639c      0x194 Libraries\FEHLCD.o
                0x0001639c                FEHIcon::DrawIconArray(FEHIcon::Icon*, int, int, int, int, int, int, char (*) [20], unsigned int, unsigned int)
 .text._Z41__static_initialization_and_destruction_0ii
                0x00016530       0x30 Libraries\FEHLCD.o
 .text._GLOBAL__sub_I_image
                0x00016560       0x14 Libraries\FEHLCD.o
 .text._ZN8FEHAccelC2Ev
                0x00016574       0x8c Libraries\FEHAccel.o
                0x00016574                FEHAccel::FEHAccel()
                0x00016574                FEHAccel::FEHAccel()
 .text._Z41__static_initialization_and_destruction_0ii
                0x00016600       0x30 Libraries\FEHAccel.o
 .text._GLOBAL__sub_I_Accel
                0x00016630       0x14 Libraries\FEHAccel.o
 .text._ZN10FEHBatteryC2EN5FEHIO8FEHIOPinE
                0x00016644       0x24 Libraries\FEHBattery.o
                0x00016644                FEHBattery::FEHBattery(FEHIO::FEHIOPin)
                0x00016644                FEHBattery::FEHBattery(FEHIO::FEHIOPin)
 .text._Z41__static_initialization_and_destruction_0ii
                0x00016668       0x34 Libraries\FEHBattery.o
 .text._GLOBAL__sub_I_Battery
                0x0001669c       0x14 Libraries\FEHBattery.o
 .text._ZN7FEHXBeeC2Ev
                0x000166b0       0x20 Drivers\FEHXBee.o
                0x000166b0                FEHXBee::FEHXBee()
                0x000166b0                FEHXBee::FEHXBee()
 .text._ZN7FEHXBee10InitializeEv
                0x000166d0      0x148 Drivers\FEHXBee.o
                0x000166d0                FEHXBee::Initialize()
 .text._ZN7FEHXBee13IsInitializedEv
                0x00016818       0x18 Drivers\FEHXBee.o
                0x00016818                FEHXBee::IsInitialized()
 .text._ZN7FEHXBee17ReceiveDataSearchEPcjh
                0x00016830       0xb4 Drivers\FEHXBee.o
                0x00016830                FEHXBee::ReceiveDataSearch(char*, unsigned int, unsigned char)
 .text._ZN7FEHXBee8SendDataEPcj
                0x000168e4       0x50 Drivers\FEHXBee.o
                0x000168e4                FEHXBee::SendData(char*, unsigned int)
 .text._ZN7FEHXBee17SetPacketCallBackEPFvPhhE
                0x00016934       0x20 Drivers\FEHXBee.o
                0x00016934                FEHXBee::SetPacketCallBack(void (*)(unsigned char*, unsigned char))
 .text._Z9UART0_ISRv
                0x00016954      0x174 Drivers\FEHXBee.o
                0x00016954                UART0_ISR()
 .text._ZN6FEHRPSC2Ev
                0x00016ac8       0x88 Libraries\FEHRPS.o
                0x00016ac8                FEHRPS::FEHRPS()
                0x00016ac8                FEHRPS::FEHRPS()
 .text._ZN6FEHRPS10InitializeEi
                0x00016b50      0x994 Libraries\FEHRPS.o
                0x00016b50                FEHRPS::Initialize(int)
 .text._ZN6FEHRPS10InitializeEc
                0x000174e4       0x4c Libraries\FEHRPS.o
                0x000174e4                FEHRPS::Initialize(char)
 .text._ZN6FEHRPS19InitializeTouchMenuEv
                0x00017530      0x908 Libraries\FEHRPS.o
                0x00017530                FEHRPS::InitializeTouchMenu()
 .text._ZN6FEHRPS19CurrentRegionLetterEv
                0x00017e38       0x20 Libraries\FEHRPS.o
                0x00017e38                FEHRPS::CurrentRegionLetter()
 .text._ZN6FEHRPS13WaitForPacketEv
                0x00017e58       0x78 Libraries\FEHRPS.o
                0x00017e58                FEHRPS::WaitForPacket()
 .text._ZN6FEHRPS1XEv
                0x00017ed0       0x20 Libraries\FEHRPS.o
                0x00017ed0                FEHRPS::X()
 .text._ZN6FEHRPS1YEv
                0x00017ef0       0x20 Libraries\FEHRPS.o
                0x00017ef0                FEHRPS::Y()
 .text._ZN6FEHRPS7HeadingEv
                0x00017f10       0x20 Libraries\FEHRPS.o
                0x00017f10                FEHRPS::Heading()
 .text._Z14RPSDataProcessPhh
                0x00017f30      0x164 Libraries\FEHRPS.o
                0x00017f30                RPSDataProcess(unsigned char*, unsigned char)
 .text._Z41__static_initialization_and_destruction_0ii
                0x00018094       0x30 Libraries\FEHRPS.o
 .text._GLOBAL__sub_I_RPS
                0x000180c4       0x14 Libraries\FEHRPS.o
 .text._ZN5FEHSDC2Ev
                0x000180d8       0x24 Libraries\FEHSD.o
                0x000180d8                FEHSD::FEHSD()
                0x000180d8                FEHSD::FEHSD()
 .text._ZN5FEHSD8CloseLogEv
                0x000180fc       0x38 Libraries\FEHSD.o
                0x000180fc                FEHSD::CloseLog()
 .text._Z41__static_initialization_and_destruction_0ii
                0x00018134       0x30 Libraries\FEHSD.o
 .text._GLOBAL__sub_I_SD
                0x00018164       0x14 Libraries\FEHSD.o
 .text.sprintf  0x00018178       0x1c C:\fehqt\Proteus/EWL/lib/armv7e-m\libc.a(sprintf.o)
                0x00018178                sprintf
 .text.__StringWrite
                0x00018194       0x28 C:\fehqt\Proteus/EWL/lib/armv7e-m\libc.a(vsnprintf.o)
                0x00018194                __StringWrite
 .text.vsnprintf
                0x000181bc       0x34 C:\fehqt\Proteus/EWL/lib/armv7e-m\libc.a(vsnprintf.o)
                0x000181bc                vsnprintf
 .text.exit     0x000181f0       0x38 C:\fehqt\Proteus/EWL/lib/armv7e-m\libc.a(exit.o)
                0x000181f0                exit
 .text.memcpy   0x00018228       0x12 C:\fehqt\Proteus/EWL/lib/armv7e-m\libc.a(memcpy.o)
                0x00018228                memcpy
 .text.memset   0x0001823a        0xc C:\fehqt\Proteus/EWL/lib/armv7e-m\libc.a(memset.o)
                0x0001823a                memset
 .text.strcpy   0x00018246       0x18 C:\fehqt\Proteus/EWL/lib/armv7e-m\libc.a(strcpy.o)
                0x00018246                strcpy
 .text.strlen   0x0001825e       0x10 C:\fehqt\Proteus/EWL/lib/armv7e-m\libc.a(strlen.o)
                0x0001825e                strlen
 .text.long2str.isra.0
                0x0001826e      0x196 C:\fehqt\Proteus/EWL/lib/armv7e-m\libc.a(printformat_.o)
 .text.__pformatter_
                0x00018404      0x3f8 C:\fehqt\Proteus/EWL/lib/armv7e-m\libc.a(printformat_.o)
                0x00018404                __pformatter_
 .text.__sformatter
                0x000187fc      0x74e C:\fehqt\Proteus/EWL/lib/armv7e-m\libc.a(scanformat_.o)
                0x000187fc                __sformatter
 *fill*         0x00018f4a        0x2 00
 .text.isalpha  0x00018f4c       0x1c C:\fehqt\Proteus/EWL/lib/armv7e-m\libc.a(ctype_aeabi.o)
                0x00018f4c                isalpha
 .text.isspace  0x00018f68       0x1c C:\fehqt\Proteus/EWL/lib/armv7e-m\libc.a(ctype_aeabi.o)
                0x00018f68                isspace
 .text.toupper  0x00018f84        0xc C:\fehqt\Proteus/EWL/lib/armv7e-m\libc.a(ctype_aeabi.o)
                0x00018f84                toupper
 .text.__strtoul
                0x00018f90      0x1dc C:\fehqt\Proteus/EWL/lib/armv7e-m\libc.a(__strtoul.o)
                0x00018f90                __strtoul
 .text.__fill_mem
                0x0001916c       0x76 C:\fehqt\Proteus/EWL/lib/armv7e-m\libc.a(__filll_mem.o)
                0x0001916c                __fill_mem
 .text.memchr   0x000191e2       0x1a C:\fehqt\Proteus/EWL/lib/armv7e-m\libc.a(memchr.o)
                0x000191e2                memchr
 .text.strchr   0x000191fc       0x1c C:\fehqt\Proteus/EWL/lib/armv7e-m\libc.a(strchr.o)
                0x000191fc                strchr
 .text.__init_cpp
                0x00019218       0x4c C:\fehqt\Proteus/EWL/lib/armv7e-m\librt.a(gcc_ctor_dtor.o)
                0x00019218                __init_cpp
 .text.__fini_cpp
                0x00019264       0x34 C:\fehqt\Proteus/EWL/lib/armv7e-m\librt.a(gcc_ctor_dtor.o)
                0x00019264                __fini_cpp
 .text.__copy_rom_section
                0x00019298       0x44 C:\fehqt\Proteus/EWL/lib/armv7e-m\librt.a(ROMCopy.o)
                0x00019298                __copy_rom_section
 .text.__copy_rom_sections_to_ram
                0x000192dc       0x34 C:\fehqt\Proteus/EWL/lib/armv7e-m\librt.a(ROMCopy.o)
                0x000192dc                __copy_rom_sections_to_ram
 .text.__destroy_global_chain
                0x00019310       0x1c C:\fehqt\Proteus/EWL/lib/armv7e-m\librt.a(__arm_eabi_init.o)
                0x00019310                __destroy_global_chain
 .text.__init_registers
                0x0001932c       0x20 C:\fehqt\Proteus/EWL/lib/armv7e-m\librt.a(__arm_eabi_init.o)
                0x0001932c                __init_registers
 .text.__init_user
                0x0001934c        0x4 C:\fehqt\Proteus/EWL/lib/armv7e-m\librt.a(__arm_eabi_init.o)
                0x0001934c                __init_user
 *(.rodata)
 .rodata        0x00019350       0x1c ..\bump-switch-functions.o
 .rodata        0x0001936c       0x40 ..\full-course.o
 .rodata        0x000193ac       0xf8 ..\other-functions.o
 .rodata        0x000194a4       0x70 ..\rps-functions.o
 .rodata        0x00019514       0xcc ..\shaft-encoders-drive-functions.o
 .rodata        0x000195e0       0x2c ..\time-drive-functions.o
 .rodata        0x0001960c       0x78 Libraries\FEHIO.o
 .rodata        0x00019684       0x34 Libraries\FEHLCD.o
 .rodata        0x000196b8      0x238 Libraries\FEHRPS.o
 *(.rodata*)
 .rodata.K60_SDHC0_init
                0x000198f0        0xc Drivers\SDHC.o
                0x000198f0                K60_SDHC0_init
 .rodata._ZL21ESDHC_COMMAND_XFERTYP
                0x000198fc      0x100 Drivers\SDHC.o
 .rodata._ZL9GPIOPorts
                0x000199fc       0x20 Libraries\FEHIO.o
 .rodata._ZL10ADCNumbers
                0x00019a1c       0x24 Libraries\FEHIO.o
 .rodata._ZL14GPIOPinNumbers
                0x00019a40       0x80 Libraries\FEHIO.o
 .rodata._ZL16AnalogPinNumbers
                0x00019ac0       0x84 Libraries\FEHIO.o
 .rodata.str1.1
                0x00019b44        0x1 C:\fehqt\Proteus/EWL/lib/armv7e-m\libc.a(printformat_.o)
 .rodata.__aeabi_ctype_table_C
                0x00019b45      0x101 C:\fehqt\Proteus/EWL/lib/armv7e-m\libc.a(ctype_aeabi.o)
                0x00019b45                __aeabi_ctype_table_C
 *(.glue_7)
 .glue_7        0x00000000        0x0 linker stubs
 *(.glue_7t)
 .glue_7t       0x00000000        0x0 linker stubs
 *(.eh_frame)
 *(.init)
 *(.fini)
                0x00019c48                . = ALIGN (0x4)
 *fill*         0x00019c46        0x2 00
                0x00019c48                _etext = .

.vfp11_veneer   0x00019c48        0x0
 .vfp11_veneer  0x00000000        0x0 linker stubs

.v4_bx          0x00019c48        0x0
 .v4_bx         0x00000000        0x0 linker stubs

.ARM.extab
 *(.ARM.extab* .gnu.linkonce.armextab.*)

.ARM            0x00019c48        0x0
                0x00019c48                __exidx_start = .
 *(.ARM.exidx*)
                0x00019c48                __exidx_end = .

.ctors          0x00019c48        0x0
                0x00019c48                __CTOR_LIST__ = .
 *crtbegin.o(.ctors)
 *(EXCLUDE_FILE(*crtend.o) .ctors)
 *(SORT(.ctors.*))
 *(.ctors)
                0x00019c48                __CTOR_END__ = .

.dtors          0x00019c48        0x0
                0x00019c48                __DTOR_LIST__ = .
 *crtbegin.o(.dtors)
 *(EXCLUDE_FILE(*crtend.o) .dtors)
 *(SORT(.dtors.*))
 *(.dtors)
                0x00019c48                __DTOR_END__ = .

.preinit_array  0x00019c48        0x0
                0x00019c48                PROVIDE (__preinit_array_start, .)
 *(.preinit_array*)
                0x00019c48                PROVIDE (__preinit_array_end, .)

.init_array     0x00019c48       0x20
                0x00019c48                PROVIDE (__init_array_start, .)
 *(SORT(.init_array.*))
 *(.init_array*)
 .init_array    0x00019c48        0x4 ..\main.o
 .init_array    0x00019c4c        0x4 FEHProteus.o
 .init_array    0x00019c50        0x4 Libraries\FEHBuzzer.o
 .init_array    0x00019c54        0x4 Libraries\FEHLCD.o
 .init_array    0x00019c58        0x4 Libraries\FEHAccel.o
 .init_array    0x00019c5c        0x4 Libraries\FEHBattery.o
 .init_array    0x00019c60        0x4 Libraries\FEHRPS.o
 .init_array    0x00019c64        0x4 Libraries\FEHSD.o
                0x00019c68                PROVIDE (__init_array_end, .)

.fini_array     0x00019c68        0x0
                0x00019c68                PROVIDE (__fini_array_start, .)
 *(SORT(.fini_array.*))
 *(.fini_array*)
                0x00019c68                PROVIDE (__fini_array_end, .)
                0x00019c68                ___ROM_AT = .

.data           0x1fff0400      0xd1c load address 0x00019c68
                0x1fff0400                . = ALIGN (0x4)
                0x1fff0400                _sdata = .
 *(.data)
 *(.data*)
 .data._ZL4Stat
                0x1fff0400        0x1 Drivers\SDHC.o
 *fill*         0x1fff0401        0x3 00
 .data.image    0x1fff0404      0x750 Libraries\FEHLCD.o
                0x1fff0404                image
 .data.logo     0x1fff0b54      0x3e8 Libraries\FEHLCD.o
                0x1fff0b54                logo
 .data._ZN6FEHLCD8fontDataE
                0x1fff0f3c      0x1e0 Libraries\FEHLCD.o
                0x1fff0f3c                FEHLCD::fontData
                0x1fff111c                . = ALIGN (0x4)
                0x1fff111c                _edata = .
                0x00000d1c                ___data_size = (_edata - _sdata)
                0x0001a984                ___m_data2_ROMStart = (___ROM_AT + SIZEOF (.data))

.user_data2     0x20000000        0x0 load address 0x0001a984
                0x20000000                . = ALIGN (0x4)
                0x20000000                ___m_data2_RAMStart = .
 *(.data2)
                0x20000000                ___m_data2_RAMEnd = .
                0x20000000                . = ALIGN (0x4)
                0x00000000                ___m_data2_ROMSize = (___m_data2_RAMEnd - ___m_data2_RAMStart)
                0x20000000                . = ALIGN (0x4)

.bss            0x1fff111c      0x608 load address 0x0001a984
                0x1fff111c                __START_BSS = .
                0x1fff111c                PROVIDE (__bss_start__, __START_BSS)
 *(.bss)
 *(.bss*)
 .bss.cdsCell   0x1fff111c        0x4 ..\main.o
                0x1fff111c                cdsCell
 .bss.left_encoder
                0x1fff1120        0x4 ..\main.o
                0x1fff1120                left_encoder
 .bss.right_encoder
                0x1fff1124        0x4 ..\main.o
                0x1fff1124                right_encoder
 .bss.leftMotor
                0x1fff1128        0x8 ..\main.o
                0x1fff1128                leftMotor
 .bss.rightMotor
                0x1fff1130        0x8 ..\main.o
                0x1fff1130                rightMotor
 .bss.lower_servo
                0x1fff1138        0xc ..\main.o
                0x1fff1138                lower_servo
 .bss.upper_servo
                0x1fff1144        0xc ..\main.o
                0x1fff1144                upper_servo
 .bss.skidServoCornerBump
                0x1fff1150        0x4 ..\main.o
                0x1fff1150                skidServoCornerBump
 .bss.skidNonServoCornerBump
                0x1fff1154        0x4 ..\main.o
                0x1fff1154                skidNonServoCornerBump
 .bss.yTopOfShortRamp
                0x1fff1158        0x4 ..\main.o
                0x1fff1158                yTopOfShortRamp
 .bss.xCoinSlot
                0x1fff115c        0x4 ..\main.o
                0x1fff115c                xCoinSlot
 .bss.yBeforeLever
                0x1fff1160        0x4 ..\main.o
                0x1fff1160                yBeforeLever
 .bss.yTopAcrylicRamp
                0x1fff1164        0x4 ..\main.o
                0x1fff1164                yTopAcrylicRamp
 .bss.xLeftLight
                0x1fff1168        0x4 ..\main.o
                0x1fff1168                xLeftLight
 .bss.xRightLight
                0x1fff116c        0x4 ..\main.o
                0x1fff116c                xRightLight
 .bss.yDDRLights
                0x1fff1170        0x4 ..\main.o
                0x1fff1170                yDDRLights
 .bss._ZL4argv  0x1fff1174        0x4 Startup\__arm_start.o
 .bss.MasterTransmission
                0x1fff1178        0x1 Drivers\i2c.o
                0x1fff1178                MasterTransmission
 .bss.SlaveID   0x1fff1179        0x1 Drivers\i2c.o
                0x1fff1179                SlaveID
 *fill*         0x1fff117a        0x2 00
 .bss.SDHC_Card
                0x1fff117c       0x14 Drivers\SDHC.o
                0x1fff117c                SDHC_Card
 .bss.SDHC_Info
                0x1fff1190      0x204 Drivers\SDHC.o
                0x1fff1190                SDHC_Info
 .bss.SDHC_Device
                0x1fff1394        0x8 Drivers\SDHC.o
                0x1fff1394                SDHC_Device
 .bss.Propeller
                0x1fff139c        0x4 FEHProteus.o
                0x1fff139c                Propeller
 .bss.CoreClockKHz
                0x1fff13a0        0x4 FEHProteus.o
                0x1fff13a0                CoreClockKHz
 .bss.CoreClockMHz
                0x1fff13a4        0x4 FEHProteus.o
                0x1fff13a4                CoreClockMHz
 .bss.PeripheralClockKHz
                0x1fff13a8        0x4 FEHProteus.o
                0x1fff13a8                PeripheralClockKHz
 .bss._ZN14AnalogInputPin17Master_Adc_ConfigE
                0x1fff13ac       0x10 Libraries\FEHIO.o
                0x1fff13ac                AnalogInputPin::Master_Adc_Config
 .bss._ZN14AnalogInputPin18Encoder_Adc_ConfigE
                0x1fff13bc       0x10 Libraries\FEHIO.o
                0x1fff13bc                AnalogInputPin::Encoder_Adc_Config
 .bss.interrupt_counts
                0x1fff13cc       0x80 Libraries\FEHIO.o
                0x1fff13cc                interrupt_counts
 .bss._ZN13AnalogEncoder7pinListE
                0x1fff144c        0x4 Libraries\FEHIO.o
                0x1fff144c                AnalogEncoder::pinList
 .bss.__interrupt_counter
                0x1fff1450        0x4 Libraries\FEHIO.o
                0x1fff1450                __interrupt_counter
 .bss.Buzzer    0x1fff1454        0x4 Libraries\FEHBuzzer.o
                0x1fff1454                Buzzer
 .bss.LCD       0x1fff1458       0x44 Libraries\FEHLCD.o
                0x1fff1458                LCD
 .bss.initialized
                0x1fff149c        0x1 Libraries\FEHLCD.o
                0x1fff149c                initialized
 *fill*         0x1fff149d        0x3 00
 .bss.Accel     0x1fff14a0        0x4 Libraries\FEHAccel.o
                0x1fff14a0                Accel
 .bss.Battery   0x1fff14a4        0x4 Libraries\FEHBattery.o
                0x1fff14a4                Battery
 .bss.XBeeDataProcess
                0x1fff14a8        0x4 Drivers\FEHXBee.o
                0x1fff14a8                XBeeDataProcess
 .bss._xbeebuffer
                0x1fff14ac       0x10 Drivers\FEHXBee.o
                0x1fff14ac                _xbeebuffer
 .bss._xbeebufferindex
                0x1fff14bc        0x1 Drivers\FEHXBee.o
                0x1fff14bc                _xbeebufferindex
 .bss._xbeestate
                0x1fff14bd        0x1 Drivers\FEHXBee.o
                0x1fff14bd                _xbeestate
 .bss._xbeebytereceived
                0x1fff14be        0x1 Drivers\FEHXBee.o
                0x1fff14be                _xbeebytereceived
 .bss._xbeebyte
                0x1fff14bf        0x1 Drivers\FEHXBee.o
                0x1fff14bf                _xbeebyte
 .bss.RPS       0x1fff14c0        0x8 Libraries\FEHRPS.o
                0x1fff14c0                RPS
 .bss._enabled  0x1fff14c8        0x1 Libraries\FEHRPS.o
                0x1fff14c8                _enabled
 *fill*         0x1fff14c9        0x3 00
 .bss._RPS_x    0x1fff14cc        0x4 Libraries\FEHRPS.o
                0x1fff14cc                _RPS_x
 .bss._RPS_y    0x1fff14d0        0x4 Libraries\FEHRPS.o
                0x1fff14d0                _RPS_y
 .bss._RPS_heading
                0x1fff14d4        0x4 Libraries\FEHRPS.o
                0x1fff14d4                _RPS_heading
 .bss._RPS_objective
                0x1fff14d8        0x4 Libraries\FEHRPS.o
                0x1fff14d8                _RPS_objective
 .bss._RPS_time
                0x1fff14dc        0x1 Libraries\FEHRPS.o
                0x1fff14dc                _RPS_time
 .bss._RPS_stop
                0x1fff14dd        0x1 Libraries\FEHRPS.o
                0x1fff14dd                _RPS_stop
 .bss._RPS_foundpacket
                0x1fff14de        0x1 Libraries\FEHRPS.o
                0x1fff14de                _RPS_foundpacket
 *fill*         0x1fff14df        0x1 00
 .bss.SD        0x1fff14e0        0x4 Libraries\FEHSD.o
                0x1fff14e0                SD
 .bss.logfil    0x1fff14e4      0x228 Libraries\FEHSD.o
                0x1fff14e4                logfil
 .bss.__stdio_exit
                0x1fff170c        0x4 C:\fehqt\Proteus/EWL/lib/armv7e-m\libc.a(exit.o)
                0x1fff170c                __stdio_exit
 .bss.__console_exit
                0x1fff1710        0x4 C:\fehqt\Proteus/EWL/lib/armv7e-m\libc.a(exit.o)
                0x1fff1710                __console_exit
 .bss.__S_romp  0x1fff1714        0xc C:\fehqt\Proteus/EWL/lib/armv7e-m\librt.a(ROMCopy.o)
 .bss.__global_destructor_chain
                0x1fff1720        0x4 C:\fehqt\Proteus/EWL/lib/armv7e-m\librt.a(__arm_eabi_init.o)
                0x1fff1720                __global_destructor_chain
 *(COMMON)
                0x1fff1724                . = ALIGN (0x4)
                0x1fff1724                __END_BSS = .
                0x1fff1724                PROVIDE (__bss_end__, __END_BSS)

._user_heap_stack
                0x1fff1724     0x1000 load address 0x0001af8c
                0x1fff1724                . = ALIGN (0x4)
                0x1fff1724                PROVIDE (end, .)
                0x1fff1724                PROVIDE (_end, .)
                0x1fff1724                __heap_addr = .
                0x1fff1f24                . = (. + __heap_size)
 *fill*         0x1fff1724      0x800 00
                0x1fff2724                . = (. + __stack_size)
 *fill*         0x1fff1f24      0x800 00
                0x1fff2724                . = ALIGN (0x4)
                0x0001a984                _romp_at = ((___ROM_AT + SIZEOF (.data)) + SIZEOF (.user_data2))

.romp           0x20000000       0x24 load address 0x0001a984
                0x0001a984                __S_romp = _romp_at
                0x20000000        0x4 LONG 0x19c68 ___ROM_AT
                0x20000004        0x4 LONG 0x1fff0400 _sdata
                0x20000008        0x4 LONG 0xd1c ___data_size
                0x2000000c        0x4 LONG 0x1a984 ___m_data2_ROMStart
                0x20000010        0x4 LONG 0x20000000 ___m_data2_RAMStart
                0x20000014        0x4 LONG 0x0 ___m_data2_ROMSize
                0x20000018        0x4 LONG 0x0
                0x2000001c        0x4 LONG 0x0
                0x20000020        0x4 LONG 0x0

.ARM.attributes
                0x00000000       0x33
 *(.ARM.attributes)
 .ARM.attributes
                0x00000000       0x33 ..\bump-switch-functions.o
 .ARM.attributes
                0x00000033       0x33 ..\cds-cell-functions.o
 .ARM.attributes
                0x00000066       0x33 ..\full-course.o
 .ARM.attributes
                0x00000099       0x33 ..\other-functions.o
 .ARM.attributes
                0x000000cc       0x33 ..\rps-functions.o
 .ARM.attributes
                0x000000ff       0x33 ..\shaft-encoders-drive-functions.o
 .ARM.attributes
                0x00000132       0x33 ..\time-drive-functions.o
 .ARM.attributes
                0x00000165       0x33 ..\main.o
 .ARM.attributes
                0x00000198       0x33 Startup\__arm_start.o
 .ARM.attributes
                0x000001cb       0x33 Startup\__arm_end.o
 .ARM.attributes
                0x000001fe       0x33 Startup\kinetis_sysinit.o
 .ARM.attributes
                0x00000231       0x33 Libraries\FEHMotor.o
 .ARM.attributes
                0x00000264       0x33 Drivers\i2c.o
 .ARM.attributes
                0x00000297       0x33 Drivers\spi.o
 .ARM.attributes
                0x000002ca       0x33 Drivers\uart.o
 .ARM.attributes
                0x000002fd       0x33 Drivers\ff.o
 .ARM.attributes
                0x00000330       0x33 Drivers\SDHC.o
 .ARM.attributes
                0x00000363       0x33 Drivers\lptmr.o
 .ARM.attributes
                0x00000396       0x33 FEHProteus.o
 .ARM.attributes
                0x000003c9       0x33 Drivers\FEHPropeller.o
 .ARM.attributes
                0x000003fc       0x33 Libraries\FEHUtility.o
 .ARM.attributes
                0x0000042f       0x33 Libraries\FEHIO.o
 .ARM.attributes
                0x00000462       0x33 Drivers\adc16.o
 .ARM.attributes
                0x00000495       0x33 Libraries\FEHBuzzer.o
 .ARM.attributes
                0x000004c8       0x33 Libraries\FEHServo.o
 .ARM.attributes
                0x000004fb       0x33 Libraries\FEHLCD.o
 .ARM.attributes
                0x0000052e       0x33 Libraries\FEHAccel.o
 .ARM.attributes
                0x00000561       0x33 Libraries\FEHBattery.o
 .ARM.attributes
                0x00000594       0x33 Drivers\FEHXBee.o
 .ARM.attributes
                0x000005c7       0x33 Libraries\FEHRPS.o
 .ARM.attributes
                0x000005fa       0x33 Libraries\FEHSD.o
 .ARM.attributes
                0x0000062d       0x33 C:\fehqt\Proteus/EWL/lib/armv7e-m\libc.a(sprintf.o)
 .ARM.attributes
                0x00000660       0x33 C:\fehqt\Proteus/EWL/lib/armv7e-m\libc.a(vsnprintf.o)
 .ARM.attributes
                0x00000693       0x33 C:\fehqt\Proteus/EWL/lib/armv7e-m\libc.a(exit.o)
 .ARM.attributes
                0x000006c6       0x33 C:\fehqt\Proteus/EWL/lib/armv7e-m\libc.a(memcpy.o)
 .ARM.attributes
                0x000006f9       0x33 C:\fehqt\Proteus/EWL/lib/armv7e-m\libc.a(memset.o)
 .ARM.attributes
                0x0000072c       0x33 C:\fehqt\Proteus/EWL/lib/armv7e-m\libc.a(strcpy.o)
 .ARM.attributes
                0x0000075f       0x33 C:\fehqt\Proteus/EWL/lib/armv7e-m\libc.a(strlen.o)
 .ARM.attributes
                0x00000792       0x33 C:\fehqt\Proteus/EWL/lib/armv7e-m\libc.a(printformat_.o)
 .ARM.attributes
                0x000007c5       0x33 C:\fehqt\Proteus/EWL/lib/armv7e-m\libc.a(scanformat_.o)
 .ARM.attributes
                0x000007f8       0x33 C:\fehqt\Proteus/EWL/lib/armv7e-m\libc.a(ctype_aeabi.o)
 .ARM.attributes
                0x0000082b       0x33 C:\fehqt\Proteus/EWL/lib/armv7e-m\libc.a(__strtoul.o)
 .ARM.attributes
                0x0000085e       0x33 C:\fehqt\Proteus/EWL/lib/armv7e-m\libc.a(__filll_mem.o)
 .ARM.attributes
                0x00000891       0x33 C:\fehqt\Proteus/EWL/lib/armv7e-m\libc.a(memchr.o)
 .ARM.attributes
                0x000008c4       0x33 C:\fehqt\Proteus/EWL/lib/armv7e-m\libc.a(strchr.o)
 .ARM.attributes
                0x000008f7       0x1e c:/fehqt/proteus/gcc/bin/../lib/gcc/arm-none-eabi/4.6.2/armv7e-m\libgcc.a(_arm_addsubdf3.o)
 .ARM.attributes
                0x00000915       0x1e c:/fehqt/proteus/gcc/bin/../lib/gcc/arm-none-eabi/4.6.2/armv7e-m\libgcc.a(_arm_muldivdf3.o)
 .ARM.attributes
                0x00000933       0x1e c:/fehqt/proteus/gcc/bin/../lib/gcc/arm-none-eabi/4.6.2/armv7e-m\libgcc.a(_arm_cmpdf2.o)
 .ARM.attributes
                0x00000951       0x1e c:/fehqt/proteus/gcc/bin/../lib/gcc/arm-none-eabi/4.6.2/armv7e-m\libgcc.a(_arm_fixdfsi.o)
 .ARM.attributes
                0x0000096f       0x1e c:/fehqt/proteus/gcc/bin/../lib/gcc/arm-none-eabi/4.6.2/armv7e-m\libgcc.a(_arm_fixunsdfsi.o)
 .ARM.attributes
                0x0000098d       0x1e c:/fehqt/proteus/gcc/bin/../lib/gcc/arm-none-eabi/4.6.2/armv7e-m\libgcc.a(_arm_truncdfsf2.o)
 .ARM.attributes
                0x000009ab       0x1e c:/fehqt/proteus/gcc/bin/../lib/gcc/arm-none-eabi/4.6.2/armv7e-m\libgcc.a(_arm_addsubsf3.o)
 .ARM.attributes
                0x000009c9       0x1e c:/fehqt/proteus/gcc/bin/../lib/gcc/arm-none-eabi/4.6.2/armv7e-m\libgcc.a(_arm_muldivsf3.o)
 .ARM.attributes
                0x000009e7       0x1e c:/fehqt/proteus/gcc/bin/../lib/gcc/arm-none-eabi/4.6.2/armv7e-m\libgcc.a(_arm_cmpsf2.o)
 .ARM.attributes
                0x00000a05       0x1e c:/fehqt/proteus/gcc/bin/../lib/gcc/arm-none-eabi/4.6.2/armv7e-m\libgcc.a(_arm_fixsfsi.o)
 .ARM.attributes
                0x00000a23       0x33 C:\fehqt\Proteus/EWL/lib/armv7e-m\librt.a(gcc_ctor_dtor.o)
 .ARM.attributes
                0x00000a56       0x33 C:\fehqt\Proteus/EWL/lib/armv7e-m\librt.a(ROMCopy.o)
 .ARM.attributes
                0x00000a89       0x33 C:\fehqt\Proteus/EWL/lib/armv7e-m\librt.a(__arm_eabi_init.o)
OUTPUT(../local-t4-feh-robot.elf elf32-littlearm)

.debug_info     0x00000000    0x1a6ce
 .debug_info    0x00000000      0xd88 ..\bump-switch-functions.o
 .debug_info    0x00000d88      0xf04 ..\cds-cell-functions.o
 .debug_info    0x00001c8c      0xdf6 ..\full-course.o
 .debug_info    0x00002a82     0x123e ..\other-functions.o
 .debug_info    0x00003cc0      0xeb8 ..\rps-functions.o
 .debug_info    0x00004b78      0xefa ..\shaft-encoders-drive-functions.o
 .debug_info    0x00005a72      0xccb ..\time-drive-functions.o
 .debug_info    0x0000673d      0x7f8 ..\main.o
 .debug_info    0x00006f35     0x12c5 Startup\__arm_start.o
 .debug_info    0x000081fa       0x58 Startup\__arm_end.o
 .debug_info    0x00008252      0x61c Startup\kinetis_sysinit.o
 .debug_info    0x0000886e      0x335 Libraries\FEHMotor.o
 .debug_info    0x00008ba3      0x250 Drivers\i2c.o
 .debug_info    0x00008df3      0x6cf Drivers\spi.o
 .debug_info    0x000094c2      0x59c Drivers\uart.o
 .debug_info    0x00009a5e     0x1da0 Drivers\ff.o
 .debug_info    0x0000b7fe      0xf1d Drivers\SDHC.o
 .debug_info    0x0000c71b      0x2de Drivers\lptmr.o
 .debug_info    0x0000c9f9      0x1a7 FEHProteus.o
 .debug_info    0x0000cba0      0x722 Drivers\FEHPropeller.o
 .debug_info    0x0000d2c2      0x36c Libraries\FEHUtility.o
 .debug_info    0x0000d62e     0x1c6a Libraries\FEHIO.o
 .debug_info    0x0000f298      0x4ab Drivers\adc16.o
 .debug_info    0x0000f743      0xa42 Libraries\FEHBuzzer.o
 .debug_info    0x00010185     0x1500 Libraries\FEHServo.o
 .debug_info    0x00011685     0x2c25 Libraries\FEHLCD.o
 .debug_info    0x000142aa      0x26a Libraries\FEHAccel.o
 .debug_info    0x00014514      0x3a9 Libraries\FEHBattery.o
 .debug_info    0x000148bd      0xac3 Drivers\FEHXBee.o
 .debug_info    0x00015380     0x1b23 Libraries\FEHRPS.o
 .debug_info    0x00016ea3     0x16c8 Libraries\FEHSD.o
 .debug_info    0x0001856b      0x11f C:\fehqt\Proteus/EWL/lib/armv7e-m\libc.a(sprintf.o)
 .debug_info    0x0001868a      0x206 C:\fehqt\Proteus/EWL/lib/armv7e-m\libc.a(vsnprintf.o)
 .debug_info    0x00018890      0x103 C:\fehqt\Proteus/EWL/lib/armv7e-m\libc.a(exit.o)
 .debug_info    0x00018993      0x113 C:\fehqt\Proteus/EWL/lib/armv7e-m\libc.a(memcpy.o)
 .debug_info    0x00018aa6       0xf4 C:\fehqt\Proteus/EWL/lib/armv7e-m\libc.a(memset.o)
 .debug_info    0x00018b9a      0x10a C:\fehqt\Proteus/EWL/lib/armv7e-m\libc.a(strcpy.o)
 .debug_info    0x00018ca4       0xf3 C:\fehqt\Proteus/EWL/lib/armv7e-m\libc.a(strlen.o)
 .debug_info    0x00018d97      0x512 C:\fehqt\Proteus/EWL/lib/armv7e-m\libc.a(printformat_.o)
 .debug_info    0x000192a9      0x564 C:\fehqt\Proteus/EWL/lib/armv7e-m\libc.a(scanformat_.o)
 .debug_info    0x0001980d      0x32a C:\fehqt\Proteus/EWL/lib/armv7e-m\libc.a(ctype_aeabi.o)
 .debug_info    0x00019b37      0x1d7 C:\fehqt\Proteus/EWL/lib/armv7e-m\libc.a(__strtoul.o)
 .debug_info    0x00019d0e      0x13d C:\fehqt\Proteus/EWL/lib/armv7e-m\libc.a(__filll_mem.o)
 .debug_info    0x00019e4b      0x129 C:\fehqt\Proteus/EWL/lib/armv7e-m\libc.a(memchr.o)
 .debug_info    0x00019f74      0x110 C:\fehqt\Proteus/EWL/lib/armv7e-m\libc.a(strchr.o)
 .debug_info    0x0001a084      0x1c0 C:\fehqt\Proteus/EWL/lib/armv7e-m\librt.a(gcc_ctor_dtor.o)
 .debug_info    0x0001a244      0x1b8 C:\fehqt\Proteus/EWL/lib/armv7e-m\librt.a(ROMCopy.o)
 .debug_info    0x0001a3fc      0x2d2 C:\fehqt\Proteus/EWL/lib/armv7e-m\librt.a(__arm_eabi_init.o)

.debug_abbrev   0x00000000     0x4c90
 .debug_abbrev  0x00000000      0x20e ..\bump-switch-functions.o
 .debug_abbrev  0x0000020e      0x27a ..\cds-cell-functions.o
 .debug_abbrev  0x00000488      0x214 ..\full-course.o
 .debug_abbrev  0x0000069c      0x265 ..\other-functions.o
 .debug_abbrev  0x00000901      0x22d ..\rps-functions.o
 .debug_abbrev  0x00000b2e      0x1f8 ..\shaft-encoders-drive-functions.o
 .debug_abbrev  0x00000d26      0x1e3 ..\time-drive-functions.o
 .debug_abbrev  0x00000f09      0x1cf ..\main.o
 .debug_abbrev  0x000010d8      0x28f Startup\__arm_start.o
 .debug_abbrev  0x00001367       0x45 Startup\__arm_end.o
 .debug_abbrev  0x000013ac      0x1c3 Startup\kinetis_sysinit.o
 .debug_abbrev  0x0000156f      0x18c Libraries\FEHMotor.o
 .debug_abbrev  0x000016fb       0xfc Drivers\i2c.o
 .debug_abbrev  0x000017f7      0x18b Drivers\spi.o
 .debug_abbrev  0x00001982      0x15f Drivers\uart.o
 .debug_abbrev  0x00001ae1      0x18f Drivers\ff.o
 .debug_abbrev  0x00001c70      0x223 Drivers\SDHC.o
 .debug_abbrev  0x00001e93       0xd2 Drivers\lptmr.o
 .debug_abbrev  0x00001f65      0x101 FEHProteus.o
 .debug_abbrev  0x00002066      0x1c6 Drivers\FEHPropeller.o
 .debug_abbrev  0x0000222c      0x154 Libraries\FEHUtility.o
 .debug_abbrev  0x00002380      0x448 Libraries\FEHIO.o
 .debug_abbrev  0x000027c8      0x12a Drivers\adc16.o
 .debug_abbrev  0x000028f2      0x1da Libraries\FEHBuzzer.o
 .debug_abbrev  0x00002acc      0x312 Libraries\FEHServo.o
 .debug_abbrev  0x00002dde      0x38c Libraries\FEHLCD.o
 .debug_abbrev  0x0000316a      0x13b Libraries\FEHAccel.o
 .debug_abbrev  0x000032a5      0x1cb Libraries\FEHBattery.o
 .debug_abbrev  0x00003470      0x231 Drivers\FEHXBee.o
 .debug_abbrev  0x000036a1      0x38c Libraries\FEHRPS.o
 .debug_abbrev  0x00003a2d      0x357 Libraries\FEHSD.o
 .debug_abbrev  0x00003d84       0xb5 C:\fehqt\Proteus/EWL/lib/armv7e-m\libc.a(sprintf.o)
 .debug_abbrev  0x00003e39       0xf4 C:\fehqt\Proteus/EWL/lib/armv7e-m\libc.a(vsnprintf.o)
 .debug_abbrev  0x00003f2d       0x8f C:\fehqt\Proteus/EWL/lib/armv7e-m\libc.a(exit.o)
 .debug_abbrev  0x00003fbc       0x97 C:\fehqt\Proteus/EWL/lib/armv7e-m\libc.a(memcpy.o)
 .debug_abbrev  0x00004053       0x66 C:\fehqt\Proteus/EWL/lib/armv7e-m\libc.a(memset.o)
 .debug_abbrev  0x000040b9       0x7c C:\fehqt\Proteus/EWL/lib/armv7e-m\libc.a(strcpy.o)
 .debug_abbrev  0x00004135       0x7e C:\fehqt\Proteus/EWL/lib/armv7e-m\libc.a(strlen.o)
 .debug_abbrev  0x000041b3      0x204 C:\fehqt\Proteus/EWL/lib/armv7e-m\libc.a(printformat_.o)
 .debug_abbrev  0x000043b7      0x1fb C:\fehqt\Proteus/EWL/lib/armv7e-m\libc.a(scanformat_.o)
 .debug_abbrev  0x000045b2       0x9a C:\fehqt\Proteus/EWL/lib/armv7e-m\libc.a(ctype_aeabi.o)
 .debug_abbrev  0x0000464c       0xc6 C:\fehqt\Proteus/EWL/lib/armv7e-m\libc.a(__strtoul.o)
 .debug_abbrev  0x00004712       0x8b C:\fehqt\Proteus/EWL/lib/armv7e-m\libc.a(__filll_mem.o)
 .debug_abbrev  0x0000479d       0x99 C:\fehqt\Proteus/EWL/lib/armv7e-m\libc.a(memchr.o)
 .debug_abbrev  0x00004836       0x8d C:\fehqt\Proteus/EWL/lib/armv7e-m\libc.a(strchr.o)
 .debug_abbrev  0x000048c3       0x9d C:\fehqt\Proteus/EWL/lib/armv7e-m\librt.a(gcc_ctor_dtor.o)
 .debug_abbrev  0x00004960      0x160 C:\fehqt\Proteus/EWL/lib/armv7e-m\librt.a(ROMCopy.o)
 .debug_abbrev  0x00004ac0      0x1d0 C:\fehqt\Proteus/EWL/lib/armv7e-m\librt.a(__arm_eabi_init.o)

.debug_loc      0x00000000     0x6c18
 .debug_loc     0x00000000       0x90 ..\bump-switch-functions.o
 .debug_loc     0x00000090      0x100 ..\cds-cell-functions.o
 .debug_loc     0x00000190       0x3a ..\full-course.o
 .debug_loc     0x000001ca      0x184 ..\other-functions.o
 .debug_loc     0x0000034e      0x10c ..\rps-functions.o
 .debug_loc     0x0000045a       0xac ..\shaft-encoders-drive-functions.o
 .debug_loc     0x00000506       0xe0 ..\time-drive-functions.o
 .debug_loc     0x000005e6       0x90 ..\main.o
 .debug_loc     0x00000676       0xb0 Startup\__arm_start.o
 .debug_loc     0x00000726       0x38 Startup\__arm_end.o
 .debug_loc     0x0000075e       0x84 Startup\kinetis_sysinit.o
 .debug_loc     0x000007e2       0xe0 Libraries\FEHMotor.o
 .debug_loc     0x000008c2       0xe0 Drivers\i2c.o
 .debug_loc     0x000009a2      0x19c Drivers\spi.o
 .debug_loc     0x00000b3e       0xe0 Drivers\uart.o
 .debug_loc     0x00000c1e      0xa96 Drivers\ff.o
 .debug_loc     0x000016b4      0x370 Drivers\SDHC.o
 .debug_loc     0x00001a24       0x38 Drivers\lptmr.o
 .debug_loc     0x00001a5c       0x64 FEHProteus.o
 .debug_loc     0x00001ac0      0x118 Drivers\FEHPropeller.o
 .debug_loc     0x00001bd8      0x1a8 Libraries\FEHUtility.o
 .debug_loc     0x00001d80      0x8d6 Libraries\FEHIO.o
 .debug_loc     0x00002656       0xa8 Drivers\adc16.o
 .debug_loc     0x000026fe      0x304 Libraries\FEHBuzzer.o
 .debug_loc     0x00002a02      0x1fa Libraries\FEHServo.o
 .debug_loc     0x00002bfc     0x1147 Libraries\FEHLCD.o
 .debug_loc     0x00003d43      0x144 Libraries\FEHAccel.o
 .debug_loc     0x00003e87       0xd4 Libraries\FEHBattery.o
 .debug_loc     0x00003f5b      0x1c0 Drivers\FEHXBee.o
 .debug_loc     0x0000411b      0x3e8 Libraries\FEHRPS.o
 .debug_loc     0x00004503      0x24a Libraries\FEHSD.o
 .debug_loc     0x0000474d       0x3f C:\fehqt\Proteus/EWL/lib/armv7e-m\libc.a(sprintf.o)
 .debug_loc     0x0000478c      0x105 C:\fehqt\Proteus/EWL/lib/armv7e-m\libc.a(vsnprintf.o)
 .debug_loc     0x00004891       0x3e C:\fehqt\Proteus/EWL/lib/armv7e-m\libc.a(exit.o)
 .debug_loc     0x000048cf       0x46 C:\fehqt\Proteus/EWL/lib/armv7e-m\libc.a(memcpy.o)
 .debug_loc     0x00004915       0x64 C:\fehqt\Proteus/EWL/lib/armv7e-m\libc.a(memset.o)
 .debug_loc     0x00004979       0x20 C:\fehqt\Proteus/EWL/lib/armv7e-m\libc.a(strcpy.o)
 .debug_loc     0x00004999       0x31 C:\fehqt\Proteus/EWL/lib/armv7e-m\libc.a(strlen.o)
 .debug_loc     0x000049ca     0x106f C:\fehqt\Proteus/EWL/lib/armv7e-m\libc.a(printformat_.o)
 .debug_loc     0x00005a39      0x8cb C:\fehqt\Proteus/EWL/lib/armv7e-m\libc.a(scanformat_.o)
 .debug_loc     0x00006304      0x18e C:\fehqt\Proteus/EWL/lib/armv7e-m\libc.a(ctype_aeabi.o)
 .debug_loc     0x00006492      0x2ad C:\fehqt\Proteus/EWL/lib/armv7e-m\libc.a(__strtoul.o)
 .debug_loc     0x0000673f      0x12c C:\fehqt\Proteus/EWL/lib/armv7e-m\libc.a(__filll_mem.o)
 .debug_loc     0x0000686b       0x82 C:\fehqt\Proteus/EWL/lib/armv7e-m\libc.a(memchr.o)
 .debug_loc     0x000068ed       0x78 C:\fehqt\Proteus/EWL/lib/armv7e-m\libc.a(strchr.o)
 .debug_loc     0x00006965       0xbe C:\fehqt\Proteus/EWL/lib/armv7e-m\librt.a(gcc_ctor_dtor.o)
 .debug_loc     0x00006a23       0x9b C:\fehqt\Proteus/EWL/lib/armv7e-m\librt.a(ROMCopy.o)
 .debug_loc     0x00006abe      0x15a C:\fehqt\Proteus/EWL/lib/armv7e-m\librt.a(__arm_eabi_init.o)

.debug_aranges  0x00000000     0x1040
 .debug_aranges
                0x00000000       0x30 ..\bump-switch-functions.o
 .debug_aranges
                0x00000030       0x40 ..\cds-cell-functions.o
 .debug_aranges
                0x00000070       0x20 ..\full-course.o
 .debug_aranges
                0x00000090       0x58 ..\other-functions.o
 .debug_aranges
                0x000000e8       0x40 ..\rps-functions.o
 .debug_aranges
                0x00000128       0x30 ..\shaft-encoders-drive-functions.o
 .debug_aranges
                0x00000158       0x38 ..\time-drive-functions.o
 .debug_aranges
                0x00000190       0x30 ..\main.o
 .debug_aranges
                0x000001c0       0x48 Startup\__arm_start.o
 .debug_aranges
                0x00000208       0x20 Startup\__arm_end.o
 .debug_aranges
                0x00000228       0x30 Startup\kinetis_sysinit.o
 .debug_aranges
                0x00000258       0x38 Libraries\FEHMotor.o
 .debug_aranges
                0x00000290       0x38 Drivers\i2c.o
 .debug_aranges
                0x000002c8       0x58 Drivers\spi.o
 .debug_aranges
                0x00000320       0x38 Drivers\uart.o
 .debug_aranges
                0x00000358      0x198 Drivers\ff.o
 .debug_aranges
                0x000004f0       0x98 Drivers\SDHC.o
 .debug_aranges
                0x00000588       0x20 Drivers\lptmr.o
 .debug_aranges
                0x000005a8       0x28 FEHProteus.o
 .debug_aranges
                0x000005d0       0x40 Drivers\FEHPropeller.o
 .debug_aranges
                0x00000610       0x58 Libraries\FEHUtility.o
 .debug_aranges
                0x00000668      0x160 Libraries\FEHIO.o
 .debug_aranges
                0x000007c8       0x30 Drivers\adc16.o
 .debug_aranges
                0x000007f8       0x88 Libraries\FEHBuzzer.o
 .debug_aranges
                0x00000880       0x60 Libraries\FEHServo.o
 .debug_aranges
                0x000008e0      0x290 Libraries\FEHLCD.o
 .debug_aranges
                0x00000b70       0x48 Libraries\FEHAccel.o
 .debug_aranges
                0x00000bb8       0x38 Libraries\FEHBattery.o
 .debug_aranges
                0x00000bf0       0x58 Drivers\FEHXBee.o
 .debug_aranges
                0x00000c48       0xa8 Libraries\FEHRPS.o
 .debug_aranges
                0x00000cf0       0x68 Libraries\FEHSD.o
 .debug_aranges
                0x00000d58       0x20 C:\fehqt\Proteus/EWL/lib/armv7e-m\libc.a(sprintf.o)
 .debug_aranges
                0x00000d78       0x28 C:\fehqt\Proteus/EWL/lib/armv7e-m\libc.a(vsnprintf.o)
 .debug_aranges
                0x00000da0       0x20 C:\fehqt\Proteus/EWL/lib/armv7e-m\libc.a(exit.o)
 .debug_aranges
                0x00000dc0       0x20 C:\fehqt\Proteus/EWL/lib/armv7e-m\libc.a(memcpy.o)
 .debug_aranges
                0x00000de0       0x20 C:\fehqt\Proteus/EWL/lib/armv7e-m\libc.a(memset.o)
 .debug_aranges
                0x00000e00       0x20 C:\fehqt\Proteus/EWL/lib/armv7e-m\libc.a(strcpy.o)
 .debug_aranges
                0x00000e20       0x20 C:\fehqt\Proteus/EWL/lib/armv7e-m\libc.a(strlen.o)
 .debug_aranges
                0x00000e40       0x28 C:\fehqt\Proteus/EWL/lib/armv7e-m\libc.a(printformat_.o)
 .debug_aranges
                0x00000e68       0x20 C:\fehqt\Proteus/EWL/lib/armv7e-m\libc.a(scanformat_.o)
 .debug_aranges
                0x00000e88       0x88 C:\fehqt\Proteus/EWL/lib/armv7e-m\libc.a(ctype_aeabi.o)
 .debug_aranges
                0x00000f10       0x20 C:\fehqt\Proteus/EWL/lib/armv7e-m\libc.a(__strtoul.o)
 .debug_aranges
                0x00000f30       0x20 C:\fehqt\Proteus/EWL/lib/armv7e-m\libc.a(__filll_mem.o)
 .debug_aranges
                0x00000f50       0x20 C:\fehqt\Proteus/EWL/lib/armv7e-m\libc.a(memchr.o)
 .debug_aranges
                0x00000f70       0x20 C:\fehqt\Proteus/EWL/lib/armv7e-m\libc.a(strchr.o)
 .debug_aranges
                0x00000f90       0x28 C:\fehqt\Proteus/EWL/lib/armv7e-m\librt.a(gcc_ctor_dtor.o)
 .debug_aranges
                0x00000fb8       0x30 C:\fehqt\Proteus/EWL/lib/armv7e-m\librt.a(ROMCopy.o)
 .debug_aranges
                0x00000fe8       0x58 C:\fehqt\Proteus/EWL/lib/armv7e-m\librt.a(__arm_eabi_init.o)

.debug_line     0x00000000     0x948b
 .debug_line    0x00000000      0x30d ..\bump-switch-functions.o
 .debug_line    0x0000030d      0x34a ..\cds-cell-functions.o
 .debug_line    0x00000657      0x3c2 ..\full-course.o
 .debug_line    0x00000a19      0x34f ..\other-functions.o
 .debug_line    0x00000d68      0x412 ..\rps-functions.o
 .debug_line    0x0000117a      0x346 ..\shaft-encoders-drive-functions.o
 .debug_line    0x000014c0      0x2cd ..\time-drive-functions.o
 .debug_line    0x0000178d      0x414 ..\main.o
 .debug_line    0x00001ba1      0x3ad Startup\__arm_start.o
 .debug_line    0x00001f4e      0x21a Startup\__arm_end.o
 .debug_line    0x00002168      0x291 Startup\kinetis_sysinit.o
 .debug_line    0x000023f9      0x237 Libraries\FEHMotor.o
 .debug_line    0x00002630      0x2ad Drivers\i2c.o
 .debug_line    0x000028dd      0x295 Drivers\spi.o
 .debug_line    0x00002b72      0x212 Drivers\uart.o
 .debug_line    0x00002d84     0x1114 Drivers\ff.o
 .debug_line    0x00003e98      0x678 Drivers\SDHC.o
 .debug_line    0x00004510      0x1c0 Drivers\lptmr.o
 .debug_line    0x000046d0      0x1da FEHProteus.o
 .debug_line    0x000048aa      0x264 Drivers\FEHPropeller.o
 .debug_line    0x00004b0e      0x282 Libraries\FEHUtility.o
 .debug_line    0x00004d90      0x6ee Libraries\FEHIO.o
 .debug_line    0x0000547e      0x20f Drivers\adc16.o
 .debug_line    0x0000568d      0x2df Libraries\FEHBuzzer.o
 .debug_line    0x0000596c      0x545 Libraries\FEHServo.o
 .debug_line    0x00005eb1     0x1151 Libraries\FEHLCD.o
 .debug_line    0x00007002      0x23f Libraries\FEHAccel.o
 .debug_line    0x00007241      0x218 Libraries\FEHBattery.o
 .debug_line    0x00007459      0x349 Drivers\FEHXBee.o
 .debug_line    0x000077a2      0x746 Libraries\FEHRPS.o
 .debug_line    0x00007ee8      0x3fa Libraries\FEHSD.o
 .debug_line    0x000082e2       0x94 C:\fehqt\Proteus/EWL/lib/armv7e-m\libc.a(sprintf.o)
 .debug_line    0x00008376       0xd2 C:\fehqt\Proteus/EWL/lib/armv7e-m\libc.a(vsnprintf.o)
 .debug_line    0x00008448       0x94 C:\fehqt\Proteus/EWL/lib/armv7e-m\libc.a(exit.o)
 .debug_line    0x000084dc       0x8d C:\fehqt\Proteus/EWL/lib/armv7e-m\libc.a(memcpy.o)
 .debug_line    0x00008569       0x8f C:\fehqt\Proteus/EWL/lib/armv7e-m\libc.a(memset.o)
 .debug_line    0x000085f8       0x8e C:\fehqt\Proteus/EWL/lib/armv7e-m\libc.a(strcpy.o)
 .debug_line    0x00008686       0x89 C:\fehqt\Proteus/EWL/lib/armv7e-m\libc.a(strlen.o)
 .debug_line    0x0000870f      0x2c6 C:\fehqt\Proteus/EWL/lib/armv7e-m\libc.a(printformat_.o)
 .debug_line    0x000089d5      0x2e3 C:\fehqt\Proteus/EWL/lib/armv7e-m\libc.a(scanformat_.o)
 .debug_line    0x00008cb8      0x1dd C:\fehqt\Proteus/EWL/lib/armv7e-m\libc.a(ctype_aeabi.o)
 .debug_line    0x00008e95      0x141 C:\fehqt\Proteus/EWL/lib/armv7e-m\libc.a(__strtoul.o)
 .debug_line    0x00008fd6      0x121 C:\fehqt\Proteus/EWL/lib/armv7e-m\libc.a(__filll_mem.o)
 .debug_line    0x000090f7       0xa3 C:\fehqt\Proteus/EWL/lib/armv7e-m\libc.a(memchr.o)
 .debug_line    0x0000919a       0x84 C:\fehqt\Proteus/EWL/lib/armv7e-m\libc.a(strchr.o)
 .debug_line    0x0000921e       0x94 C:\fehqt\Proteus/EWL/lib/armv7e-m\librt.a(gcc_ctor_dtor.o)
 .debug_line    0x000092b2       0xc0 C:\fehqt\Proteus/EWL/lib/armv7e-m\librt.a(ROMCopy.o)
 .debug_line    0x00009372      0x119 C:\fehqt\Proteus/EWL/lib/armv7e-m\librt.a(__arm_eabi_init.o)

.debug_macinfo  0x00000000   0xb5c4b4
 .debug_macinfo
                0x00000000    0x64a36 ..\bump-switch-functions.o
 .debug_macinfo
                0x00064a36    0x64a36 ..\cds-cell-functions.o
 .debug_macinfo
                0x000c946c    0x64afa ..\full-course.o
 .debug_macinfo
                0x0012df66    0x64a50 ..\other-functions.o
 .debug_macinfo
                0x001929b6    0x64a5b ..\rps-functions.o
 .debug_macinfo
                0x001f7411    0x64a36 ..\shaft-encoders-drive-functions.o
 .debug_macinfo
                0x0025be47    0x64a36 ..\time-drive-functions.o
 .debug_macinfo
                0x002c087d    0x64bcd ..\main.o
 .debug_macinfo
                0x0032544a    0x647fb Startup\__arm_start.o
 .debug_macinfo
                0x00389c45     0x3464 Startup\__arm_end.o
 .debug_macinfo
                0x0038d0a9    0x64cce Startup\kinetis_sysinit.o
 .debug_macinfo
                0x003f1d77    0x6305c Libraries\FEHMotor.o
 .debug_macinfo
                0x00454dd3    0x6318f Drivers\i2c.o
 .debug_macinfo
                0x004b7f62    0x62fd6 Drivers\spi.o
 .debug_macinfo
                0x0051af38    0x62fc7 Drivers\uart.o
 .debug_macinfo
                0x0057deff     0x4396 Drivers\ff.o
 .debug_macinfo
                0x00582295    0x6452b Drivers\SDHC.o
 .debug_macinfo
                0x005e67c0    0x63036 Drivers\lptmr.o
 .debug_macinfo
                0x006497f6    0x62fdc FEHProteus.o
 .debug_macinfo
                0x006ac7d2    0x63085 Drivers\FEHPropeller.o
 .debug_macinfo
                0x0070f857    0x62ff1 Libraries\FEHUtility.o
 .debug_macinfo
                0x00772848    0x64348 Libraries\FEHIO.o
 .debug_macinfo
                0x007d6b90    0x63678 Drivers\adc16.o
 .debug_macinfo
                0x0083a208    0x6301e Libraries\FEHBuzzer.o
 .debug_macinfo
                0x0089d226    0x64476 Libraries\FEHServo.o
 .debug_macinfo
                0x0090169c    0x649ab Libraries\FEHLCD.o
 .debug_macinfo
                0x00966047    0x631be Libraries\FEHAccel.o
 .debug_macinfo
                0x009c9205    0x636a3 Libraries\FEHBattery.o
 .debug_macinfo
                0x00a2c8a8    0x63d5d Drivers\FEHXBee.o
 .debug_macinfo
                0x00a90605    0x66196 Libraries\FEHRPS.o
 .debug_macinfo
                0x00af679b    0x65d19 Libraries\FEHSD.o

.debug_str      0x00000000     0x5589
 .debug_str     0x00000000      0xdad ..\bump-switch-functions.o
                                0xe34 (size before relaxing)
 .debug_str     0x00000dad      0x36f ..\cds-cell-functions.o
                                0xf5f (size before relaxing)
 .debug_str     0x0000111c      0x1ff ..\full-course.o
                                0xea5 (size before relaxing)
 .debug_str     0x0000131b      0x484 ..\other-functions.o
                               0x12d4 (size before relaxing)
 .debug_str     0x0000179f       0xe4 ..\rps-functions.o
                                0xf1b (size before relaxing)
 .debug_str     0x00001883      0x26d ..\shaft-encoders-drive-functions.o
                                0xf4a (size before relaxing)
 .debug_str     0x00001af0       0xb0 ..\time-drive-functions.o
                                0xce6 (size before relaxing)
 .debug_str     0x00001ba0       0x67 ..\main.o
                                0x7e5 (size before relaxing)
 .debug_str     0x00001c07      0x346 Startup\__arm_start.o
                                0xe7b (size before relaxing)
 .debug_str     0x00001f4d       0x23 Startup\__arm_end.o
                                 0xcf (size before relaxing)
 .debug_str     0x00001f70      0x23a Startup\kinetis_sysinit.o
                                0x3f0 (size before relaxing)
 .debug_str     0x000021aa       0x2f Libraries\FEHMotor.o
                                0x2ed (size before relaxing)
 .debug_str     0x000021d9      0x11a Drivers\i2c.o
                                0x216 (size before relaxing)
 .debug_str     0x000022f3      0x18b Drivers\spi.o
                                0x3cf (size before relaxing)
 .debug_str     0x0000247e      0x188 Drivers\uart.o
                                0x364 (size before relaxing)
 .debug_str     0x00002606      0x6b0 Drivers\ff.o
                                0x867 (size before relaxing)
 .debug_str     0x00002cb6      0x546 Drivers\SDHC.o
                                0x83d (size before relaxing)
 .debug_str     0x000031fc       0x5a Drivers\lptmr.o
                                0x21d (size before relaxing)
 .debug_str     0x00003256       0x28 FEHProteus.o
                                0x269 (size before relaxing)
 .debug_str     0x0000327e       0x25 Drivers\FEHPropeller.o
                                0x3aa (size before relaxing)
 .debug_str     0x000032a3       0xc0 Libraries\FEHUtility.o
                                0x1ee (size before relaxing)
 .debug_str     0x00003363      0xcf1 Libraries\FEHIO.o
                               0x12bf (size before relaxing)
 .debug_str     0x00004054       0xd7 Drivers\adc16.o
                                0x2ae (size before relaxing)
 .debug_str     0x0000412b      0x1ba Libraries\FEHBuzzer.o
                                0x3c0 (size before relaxing)
 .debug_str     0x000042e5      0x245 Libraries\FEHServo.o
                               0x1120 (size before relaxing)
 .debug_str     0x0000452a      0x2c3 Libraries\FEHLCD.o
                               0x1121 (size before relaxing)
 .debug_str     0x000047ed       0x68 Libraries\FEHAccel.o
                                0x1b2 (size before relaxing)
 .debug_str     0x00004855       0x55 Libraries\FEHBattery.o
                                0x373 (size before relaxing)
 .debug_str     0x000048aa       0xfd Drivers\FEHXBee.o
                                0x559 (size before relaxing)
 .debug_str     0x000049a7      0x1df Libraries\FEHRPS.o
                               0x161a (size before relaxing)
 .debug_str     0x00004b86       0x9c Libraries\FEHSD.o
                               0x117a (size before relaxing)
 .debug_str     0x00004c22       0xab C:\fehqt\Proteus/EWL/lib/armv7e-m\libc.a(sprintf.o)
                                0x15a (size before relaxing)
 .debug_str     0x00004ccd       0x83 C:\fehqt\Proteus/EWL/lib/armv7e-m\libc.a(vsnprintf.o)
                                0x1c3 (size before relaxing)
 .debug_str     0x00004d50       0x2e C:\fehqt\Proteus/EWL/lib/armv7e-m\libc.a(exit.o)
                                0x14e (size before relaxing)
 .debug_str     0x00004d7e       0x1c C:\fehqt\Proteus/EWL/lib/armv7e-m\libc.a(memcpy.o)
                                0x138 (size before relaxing)
 .debug_str     0x00004d9a       0x1c C:\fehqt\Proteus/EWL/lib/armv7e-m\libc.a(memset.o)
                                0x140 (size before relaxing)
 .debug_str     0x00004db6       0x24 C:\fehqt\Proteus/EWL/lib/armv7e-m\libc.a(strcpy.o)
                                0x139 (size before relaxing)
 .debug_str     0x00004dda       0x1c C:\fehqt\Proteus/EWL/lib/armv7e-m\libc.a(strlen.o)
                                0x140 (size before relaxing)
 .debug_str     0x00004df6      0x21a C:\fehqt\Proteus/EWL/lib/armv7e-m\libc.a(printformat_.o)
                                0x3aa (size before relaxing)
 .debug_str     0x00005010      0x17b C:\fehqt\Proteus/EWL/lib/armv7e-m\libc.a(scanformat_.o)
                                0x3f0 (size before relaxing)
 .debug_str     0x0000518b       0x9d C:\fehqt\Proteus/EWL/lib/armv7e-m\libc.a(ctype_aeabi.o)
                                0x1b3 (size before relaxing)
 .debug_str     0x00005228       0x55 C:\fehqt\Proteus/EWL/lib/armv7e-m\libc.a(__strtoul.o)
                                0x1f2 (size before relaxing)
 .debug_str     0x0000527d       0x25 C:\fehqt\Proteus/EWL/lib/armv7e-m\libc.a(__filll_mem.o)
                                0x152 (size before relaxing)
 .debug_str     0x000052a2       0x1c C:\fehqt\Proteus/EWL/lib/armv7e-m\libc.a(memchr.o)
                                0x148 (size before relaxing)
 .debug_str     0x000052be       0x1c C:\fehqt\Proteus/EWL/lib/armv7e-m\libc.a(strchr.o)
                                0x137 (size before relaxing)
 .debug_str     0x000052da      0x126 C:\fehqt\Proteus/EWL/lib/armv7e-m\librt.a(gcc_ctor_dtor.o)
                                0x185 (size before relaxing)
 .debug_str     0x00005400       0x96 C:\fehqt\Proteus/EWL/lib/armv7e-m\librt.a(ROMCopy.o)
                                0x140 (size before relaxing)
 .debug_str     0x00005496       0xf3 C:\fehqt\Proteus/EWL/lib/armv7e-m\librt.a(__arm_eabi_init.o)
                                0x1ac (size before relaxing)

.comment        0x00000000       0x79
 .comment       0x00000000       0x79 ..\bump-switch-functions.o
                                 0x7a (size before relaxing)
 .comment       0x00000000       0x7a ..\cds-cell-functions.o
 .comment       0x00000000       0x7a ..\full-course.o
 .comment       0x00000000       0x7a ..\other-functions.o
 .comment       0x00000000       0x7a ..\rps-functions.o
 .comment       0x00000000       0x7a ..\shaft-encoders-drive-functions.o
 .comment       0x00000000       0x7a ..\time-drive-functions.o
 .comment       0x00000000       0x7a ..\main.o
 .comment       0x00000000       0x7a Startup\__arm_start.o
 .comment       0x00000000       0x7a Startup\__arm_end.o
 .comment       0x00000000       0x7a Startup\kinetis_sysinit.o
 .comment       0x00000000       0x7a Libraries\FEHMotor.o
 .comment       0x00000000       0x7a Drivers\i2c.o
 .comment       0x00000000       0x7a Drivers\spi.o
 .comment       0x00000000       0x7a Drivers\uart.o
 .comment       0x00000000       0x7a Drivers\ff.o
 .comment       0x00000000       0x7a Drivers\SDHC.o
 .comment       0x00000000       0x7a Drivers\lptmr.o
 .comment       0x00000000       0x7a FEHProteus.o
 .comment       0x00000000       0x7a Drivers\FEHPropeller.o
 .comment       0x00000000       0x7a Libraries\FEHUtility.o
 .comment       0x00000000       0x7a Libraries\FEHIO.o
 .comment       0x00000000       0x7a Drivers\adc16.o
 .comment       0x00000000       0x7a Libraries\FEHBuzzer.o
 .comment       0x00000000       0x7a Libraries\FEHServo.o
 .comment       0x00000000       0x7a Libraries\FEHLCD.o
 .comment       0x00000000       0x7a Libraries\FEHAccel.o
 .comment       0x00000000       0x7a Libraries\FEHBattery.o
 .comment       0x00000000       0x7a Drivers\FEHXBee.o
 .comment       0x00000000       0x7a Libraries\FEHRPS.o
 .comment       0x00000000       0x7a Libraries\FEHSD.o
 .comment       0x00000000       0x7a C:\fehqt\Proteus/EWL/lib/armv7e-m\libc.a(sprintf.o)
 .comment       0x00000000       0x7a C:\fehqt\Proteus/EWL/lib/armv7e-m\libc.a(vsnprintf.o)
 .comment       0x00000000       0x7a C:\fehqt\Proteus/EWL/lib/armv7e-m\libc.a(exit.o)
 .comment       0x00000000       0x7a C:\fehqt\Proteus/EWL/lib/armv7e-m\libc.a(memcpy.o)
 .comment       0x00000000       0x7a C:\fehqt\Proteus/EWL/lib/armv7e-m\libc.a(memset.o)
 .comment       0x00000000       0x7a C:\fehqt\Proteus/EWL/lib/armv7e-m\libc.a(strcpy.o)
 .comment       0x00000000       0x7a C:\fehqt\Proteus/EWL/lib/armv7e-m\libc.a(strlen.o)
 .comment       0x00000000       0x7a C:\fehqt\Proteus/EWL/lib/armv7e-m\libc.a(printformat_.o)
 .comment       0x00000000       0x7a C:\fehqt\Proteus/EWL/lib/armv7e-m\libc.a(scanformat_.o)
 .comment       0x00000000       0x7a C:\fehqt\Proteus/EWL/lib/armv7e-m\libc.a(ctype_aeabi.o)
 .comment       0x00000000       0x7a C:\fehqt\Proteus/EWL/lib/armv7e-m\libc.a(__strtoul.o)
 .comment       0x00000000       0x7a C:\fehqt\Proteus/EWL/lib/armv7e-m\libc.a(__filll_mem.o)
 .comment       0x00000000       0x7a C:\fehqt\Proteus/EWL/lib/armv7e-m\libc.a(memchr.o)
 .comment       0x00000000       0x7a C:\fehqt\Proteus/EWL/lib/armv7e-m\libc.a(strchr.o)
 .comment       0x00000000       0x7a C:\fehqt\Proteus/EWL/lib/armv7e-m\librt.a(gcc_ctor_dtor.o)
 .comment       0x00000000       0x7a C:\fehqt\Proteus/EWL/lib/armv7e-m\librt.a(ROMCopy.o)
 .comment       0x00000000       0x7a C:\fehqt\Proteus/EWL/lib/armv7e-m\librt.a(__arm_eabi_init.o)

.debug_frame    0x00000000     0x2ed4
 .debug_frame   0x00000000       0x6c ..\bump-switch-functions.o
 .debug_frame   0x0000006c       0xb4 ..\cds-cell-functions.o
 .debug_frame   0x00000120       0x30 ..\full-course.o
 .debug_frame   0x00000150       0xfc ..\other-functions.o
 .debug_frame   0x0000024c       0xbc ..\rps-functions.o
 .debug_frame   0x00000308       0x78 ..\shaft-encoders-drive-functions.o
 .debug_frame   0x00000380       0x98 ..\time-drive-functions.o
 .debug_frame   0x00000418       0x68 ..\main.o
 .debug_frame   0x00000480       0x98 Startup\__arm_start.o
 .debug_frame   0x00000518       0x2c Startup\__arm_end.o
 .debug_frame   0x00000544       0x5c Startup\kinetis_sysinit.o
 .debug_frame   0x000005a0       0x94 Libraries\FEHMotor.o
 .debug_frame   0x00000634       0x88 Drivers\i2c.o
 .debug_frame   0x000006bc       0xf8 Drivers\spi.o
 .debug_frame   0x000007b4       0x84 Drivers\uart.o
 .debug_frame   0x00000838      0x5e8 Drivers\ff.o
 .debug_frame   0x00000e20      0x1e8 Drivers\SDHC.o
 .debug_frame   0x00001008       0x2c Drivers\lptmr.o
 .debug_frame   0x00001034       0x4c FEHProteus.o
 .debug_frame   0x00001080       0xa8 Drivers\FEHPropeller.o
 .debug_frame   0x00001128       0xf8 Libraries\FEHUtility.o
 .debug_frame   0x00001220      0x4e8 Libraries\FEHIO.o
 .debug_frame   0x00001708       0x64 Drivers\adc16.o
 .debug_frame   0x0000176c      0x1c8 Libraries\FEHBuzzer.o
 .debug_frame   0x00001934      0x12c Libraries\FEHServo.o
 .debug_frame   0x00001a60      0x9c0 Libraries\FEHLCD.o
 .debug_frame   0x00002420       0xd8 Libraries\FEHAccel.o
 .debug_frame   0x000024f8       0x8c Libraries\FEHBattery.o
 .debug_frame   0x00002584       0xfc Drivers\FEHXBee.o
 .debug_frame   0x00002680      0x230 Libraries\FEHRPS.o
 .debug_frame   0x000028b0      0x168 Libraries\FEHSD.o
 .debug_frame   0x00002a18       0x34 C:\fehqt\Proteus/EWL/lib/armv7e-m\libc.a(sprintf.o)
 .debug_frame   0x00002a4c       0x4c C:\fehqt\Proteus/EWL/lib/armv7e-m\libc.a(vsnprintf.o)
 .debug_frame   0x00002a98       0x28 C:\fehqt\Proteus/EWL/lib/armv7e-m\libc.a(exit.o)
 .debug_frame   0x00002ac0       0x28 C:\fehqt\Proteus/EWL/lib/armv7e-m\libc.a(memcpy.o)
 .debug_frame   0x00002ae8       0x28 C:\fehqt\Proteus/EWL/lib/armv7e-m\libc.a(memset.o)
 .debug_frame   0x00002b10       0x28 C:\fehqt\Proteus/EWL/lib/armv7e-m\libc.a(strcpy.o)
 .debug_frame   0x00002b38       0x20 C:\fehqt\Proteus/EWL/lib/armv7e-m\libc.a(strlen.o)