Archive member included because of file (symbol)

C:\fehqt\Proteus/EWL/lib/armv7e-m\libc.a(sprintf.o)
                              Libraries\FEHLCD.o (sprintf)
C:\fehqt\Proteus/EWL/lib/armv7e-m\libc.a(vsnprintf.o)
                              C:\fehqt\Proteus/EWL/lib/armv7e-m\libc.a(sprintf.o) (vsnprintf)
C:\fehqt\Proteus/EWL/lib/armv7e-m\libc.a(vsscanf.o)
                              Libraries\FEHSD.o (vsscanf)
C:\fehqt\Proteus/EWL/lib/armv7e-m\libc.a(exit.o)
                              Startup\__arm_start.o (exit)
C:\fehqt\Proteus/EWL/lib/armv7e-m\libc.a(memcpy.o)
                              C:\fehqt\Proteus/EWL/lib/armv7e-m\libc.a(vsnprintf.o) (memcpy)
C:\fehqt\Proteus/EWL/lib/armv7e-m\libc.a(memset.o)
                              Startup\__arm_start.o (memset)
C:\fehqt\Proteus/EWL/lib/armv7e-m\libc.a(strcmp.o)
                              Libraries\FEHLCD.o (strcmp)
C:\fehqt\Proteus/EWL/lib/armv7e-m\libc.a(strcpy.o)
                              Libraries\FEHLCD.o (strcpy)
C:\fehqt\Proteus/EWL/lib/armv7e-m\libc.a(strlen.o)
                              Libraries\FEHLCD.o (strlen)
C:\fehqt\Proteus/EWL/lib/armv7e-m\libc.a(printformat_.o)
                              (__pformatter_)
C:\fehqt\Proteus/EWL/lib/armv7e-m\libc.a(scanformat_.o)
                              (__sformatter)
C:\fehqt\Proteus/EWL/lib/armv7e-m\libc.a(ctype_aeabi.o)
                              C:\fehqt\Proteus/EWL/lib/armv7e-m\libc.a(scanformat_.o) (isspace)
C:\fehqt\Proteus/EWL/lib/armv7e-m\libc.a(__strtoul.o)
                              C:\fehqt\Proteus/EWL/lib/armv7e-m\libc.a(scanformat_.o) (__strtoul)
C:\fehqt\Proteus/EWL/lib/armv7e-m\libc.a(__filll_mem.o)
                              C:\fehqt\Proteus/EWL/lib/armv7e-m\libc.a(memset.o) (__fill_mem)
C:\fehqt\Proteus/EWL/lib/armv7e-m\libc.a(memchr.o)
                              C:\fehqt\Proteus/EWL/lib/armv7e-m\libc.a(printformat_.o) (memchr)
C:\fehqt\Proteus/EWL/lib/armv7e-m\libc.a(strchr.o)
                              C:\fehqt\Proteus/EWL/lib/armv7e-m\libc.a(printformat_.o) (strchr)
c:/fehqt/proteus/gcc/bin/../lib/gcc/arm-none-eabi/4.6.2/armv7e-m\libgcc.a(_arm_addsubdf3.o)
                              ..\bump-switch-functions.o (__aeabi_dsub)
c:/fehqt/proteus/gcc/bin/../lib/gcc/arm-none-eabi/4.6.2/armv7e-m\libgcc.a(_arm_muldivdf3.o)
                              ..\bump-switch-functions.o (__aeabi_dmul)
c:/fehqt/proteus/gcc/bin/../lib/gcc/arm-none-eabi/4.6.2/armv7e-m\libgcc.a(_arm_cmpdf2.o)
                              ..\bump-switch-functions.o (__aeabi_dcmplt)
c:/fehqt/proteus/gcc/bin/../lib/gcc/arm-none-eabi/4.6.2/armv7e-m\libgcc.a(_arm_fixdfsi.o)
                              Libraries\FEHMotor.o (__aeabi_d2iz)
c:/fehqt/proteus/gcc/bin/../lib/gcc/arm-none-eabi/4.6.2/armv7e-m\libgcc.a(_arm_fixunsdfsi.o)
                              Libraries\FEHUtility.o (__aeabi_d2uiz)
c:/fehqt/proteus/gcc/bin/../lib/gcc/arm-none-eabi/4.6.2/armv7e-m\libgcc.a(_arm_truncdfsf2.o)
                              ..\bump-switch-functions.o (__aeabi_d2f)
c:/fehqt/proteus/gcc/bin/../lib/gcc/arm-none-eabi/4.6.2/armv7e-m\libgcc.a(_arm_addsubsf3.o)
                              ..\pid-drive-functions.o (__aeabi_fsub)
c:/fehqt/proteus/gcc/bin/../lib/gcc/arm-none-eabi/4.6.2/armv7e-m\libgcc.a(_arm_muldivsf3.o)
                              ..\shaft-encoders-drive-functions.o (__aeabi_fmul)
c:/fehqt/proteus/gcc/bin/../lib/gcc/arm-none-eabi/4.6.2/armv7e-m\libgcc.a(_arm_cmpsf2.o)
                              ..\rps-functions.o (__aeabi_fcmpeq)
c:/fehqt/proteus/gcc/bin/../lib/gcc/arm-none-eabi/4.6.2/armv7e-m\libgcc.a(_arm_fixsfsi.o)
                              ..\pid-drive-functions.o (__aeabi_f2iz)
c:/fehqt/proteus/gcc/bin/../lib/gcc/arm-none-eabi/4.6.2/armv7e-m\libgcc.a(_arm_fixunssfsi.o)
                              Drivers\mcg.o (__aeabi_f2uiz)
C:\fehqt\Proteus/EWL/lib/armv7e-m\librt.a(gcc_ctor_dtor.o)
                              Startup\__arm_start.o (__init_cpp)
C:\fehqt\Proteus/EWL/lib/armv7e-m\librt.a(ROMCopy.o)
                              Startup\__arm_start.o (__copy_rom_sections_to_ram)
C:\fehqt\Proteus/EWL/lib/armv7e-m\librt.a(__arm_eabi_init.o)
                              C:\fehqt\Proteus/EWL/lib/armv7e-m\libc.a(exit.o) (__destroy_global_chain)
C:\fehqt\Proteus/EWL/lib/armv7e-m\librt.a(New.o)
                              Libraries\FEHIO.o (operator new(unsigned int))
c:/fehqt/proteus/gcc/bin/../lib/gcc/arm-none-eabi/4.6.2/../../../../arm-none-eabi/lib/armv7e-m\libsupc++.a(class_type_info.o)
                              C:\fehqt\Proteus/EWL/lib/armv7e-m\librt.a(New.o) (vtable for __cxxabiv1::__class_type_info)
c:/fehqt/proteus/gcc/bin/../lib/gcc/arm-none-eabi/4.6.2/../../../../arm-none-eabi/lib/armv7e-m\libsupc++.a(eh_alloc.o)
                              C:\fehqt\Proteus/EWL/lib/armv7e-m\librt.a(New.o) (__cxa_allocate_exception)
c:/fehqt/proteus/gcc/bin/../lib/gcc/arm-none-eabi/4.6.2/../../../../arm-none-eabi/lib/armv7e-m\libsupc++.a(eh_arm.o)
[...]
Memory Configuration

Name             Origin             Length             Attributes
m_interrupts     0x0000c000         0x00000400         xr
m_cfmprotrom     0x0000c400         0x00000010         xr
m_text           0x0000c410         0x00073bf0         xr
m_data           0x1fff0400         0x0000fc00         xrw
m_data2          0x20000000         0x00010000         xrw
*default*        0x00000000         0xffffffff

Linker script and memory map

LOAD ..\bump-switch-functions.o
LOAD ..\cds-cell-functions.o
LOAD ..\exploration-one.o
LOAD ..\exploration-two.o
LOAD ..\full-course.o
LOAD ..\line-following-functions.o
LOAD ..\other-functions.o
LOAD ..\performance-test-four.o
LOAD ..\performance-test-one.o
LOAD ..\performance-test-three.o
LOAD ..\performance-test-two.o
LOAD ..\pid-drive-functions.o
LOAD ..\rps-functions.o
LOAD ..\shaft-encoders-drive-functions.o
LOAD ..\time-drive-functions.o
LOAD ..\main.o
LOAD Startup\__arm_start.o
LOAD Startup\__arm_end.o
LOAD Startup\kinetis_sysinit.o
LOAD Libraries\FEHMotor.o
LOAD Drivers\mcg.o
LOAD Drivers\i2c.o
LOAD Drivers\spi.o
LOAD Drivers\uart.o
LOAD Drivers\ff.o
LOAD Drivers\SDHC.o
LOAD Drivers\lptmr.o
LOAD FEHProteus.o
LOAD Drivers\FEHPropeller.o
LOAD Libraries\FEHUtility.o
LOAD Libraries\FEHIO.o
LOAD Drivers\adc16.o
LOAD Libraries\FEHBuzzer.o
LOAD Libraries\FEHServo.o
LOAD Libraries\FEHLCD.o
LOAD Libraries\FEHAccel.o
LOAD Libraries\FEHBattery.o
LOAD Drivers\FEHXBee.o
LOAD Libraries\FEHRPS.o
LOAD Libraries\FEHSD.o
                0x00017d8c                __pformatter = __pformatter_
                [0x00018184]                __sformatter = __sformatter
LOAD C:\fehqt\Proteus/EWL/lib/armv7e-m\libstdc++.a
LOAD C:\fehqt\Proteus/EWL/lib/armv7e-m\libm.a
START GROUP
LOAD C:\fehqt\Proteus/EWL/lib/armv7e-m\libc.a
LOAD C:\fehqt\Proteus/EWL/lib/armv7e-m\libc++.a
LOAD C:\fehqt\Proteus/EWL/lib/armv7e-m\libm.a
LOAD c:/fehqt/proteus/gcc/bin/../lib/gcc/arm-none-eabi/4.6.2/armv7e-m\libgcc.a
LOAD C:\fehqt\Proteus/EWL/lib/armv7e-m\librt.a
LOAD c:/fehqt/proteus/gcc/bin/../lib/gcc/arm-none-eabi/4.6.2/../../../../arm-none-eabi/lib/armv7e-m\libsupc++.a
END GROUP
                0x20000000                _estack = 0x20000000
                0x20000000                __SP_INIT = _estack
                0x00000800                __heap_size = 0x800
                0x00000800                __stack_size = 0x800

.interrupts     0x0000c000      0x1e0
                0x0000c000                __vector_table = .
                0x0000c000                . = ALIGN (0x4)
 *(.vectortable)
 .vectortable   0x0000c000      0x1e0 Startup\kinetis_sysinit.o
                0x0000c1e0                . = ALIGN (0x4)

.cfmprotect     0x0000c400        0x0
                0x0000c400                . = ALIGN (0x4)
 *(.cfmconfig)
                0x0000c400                . = ALIGN (0x4)

.text           0x0000c410     0xd150
                0x0000c410                . = ALIGN (0x4)
 *(.text)
 .text          0x0000c410      0x370 c:/fehqt/proteus/gcc/bin/../lib/gcc/arm-none-eabi/4.6.2/armv7e-m\libgcc.a(_arm_addsubdf3.o)
                0x0000c410                __aeabi_drsub
                0x0000c418                __aeabi_dsub
                0x0000c418                __subdf3
                0x0000c41c                __aeabi_dadd
                0x0000c41c                __adddf3
                0x0000c694                __floatunsidf
                0x0000c694                __aeabi_ui2d
                0x0000c6b4                __floatsidf
                0x0000c6b4                __aeabi_i2d
                0x0000c6d8                __aeabi_f2d
                0x0000c6d8                __extendsfdf2
                0x0000c714                __floatundidf
                0x0000c714                __aeabi_ul2d
                0x0000c724                __floatdidf
                0x0000c724                __aeabi_l2d
 .text          0x0000c780      0x424 c:/fehqt/proteus/gcc/bin/../lib/gcc/arm-none-eabi/4.6.2/armv7e-m\libgcc.a(_arm_muldivdf3.o)
                0x0000c780                __aeabi_dmul
                0x0000c780                __muldf3
                0x0000c9d4                __divdf3
                0x0000c9d4                __aeabi_ddiv
 .text          0x0000cba4      0x110 c:/fehqt/proteus/gcc/bin/../lib/gcc/arm-none-eabi/4.6.2/armv7e-m\libgcc.a(_arm_cmpdf2.o)
                0x0000cba4                __gtdf2
                0x0000cba4                __gedf2
                0x0000cbac                __ltdf2
                0x0000cbac                __ledf2
                0x0000cbb4                __nedf2
                0x0000cbb4                __eqdf2
                0x0000cbb4                __cmpdf2
                0x0000cc30                __aeabi_cdrcmple
                0x0000cc40                __aeabi_cdcmpeq
                0x0000cc40                __aeabi_cdcmple
                0x0000cc50                __aeabi_dcmpeq
                0x0000cc64                __aeabi_dcmplt
                0x0000cc78                __aeabi_dcmple
                0x0000cc8c                __aeabi_dcmpge
                0x0000cca0                __aeabi_dcmpgt
 .text          0x0000ccb4       0x50 c:/fehqt/proteus/gcc/bin/../lib/gcc/arm-none-eabi/4.6.2/armv7e-m\libgcc.a(_arm_fixdfsi.o)
                0x0000ccb4                __aeabi_d2iz
                0x0000ccb4                __fixdfsi
 .text          0x0000cd04       0x40 c:/fehqt/proteus/gcc/bin/../lib/gcc/arm-none-eabi/4.6.2/armv7e-m\libgcc.a(_arm_fixunsdfsi.o)
                0x0000cd04                __aeabi_d2uiz
                0x0000cd04                __fixunsdfsi
 .text          0x0000cd44       0xa0 c:/fehqt/proteus/gcc/bin/../lib/gcc/arm-none-eabi/4.6.2/armv7e-m\libgcc.a(_arm_truncdfsf2.o)
                0x0000cd44                __truncdfsf2
                0x0000cd44                __aeabi_d2f
 .text          0x0000cde4      0x21c c:/fehqt/proteus/gcc/bin/../lib/gcc/arm-none-eabi/4.6.2/armv7e-m\libgcc.a(_arm_addsubsf3.o)
                0x0000cde4                __aeabi_frsub
                0x0000cdec                __subsf3
                0x0000cdec                __aeabi_fsub
                0x0000cdf0                __aeabi_fadd
                0x0000cdf0                __addsf3
                0x0000cf50                __aeabi_ui2f
                0x0000cf50                __floatunsisf
                0x0000cf58                __aeabi_i2f
                0x0000cf58                __floatsisf
                0x0000cf74                __aeabi_ul2f
                0x0000cf74                __floatundisf
                0x0000cf84                __aeabi_l2f
                0x0000cf84                __floatdisf
 .text          0x0000d000      0x2a0 c:/fehqt/proteus/gcc/bin/../lib/gcc/arm-none-eabi/4.6.2/armv7e-m\libgcc.a(_arm_muldivsf3.o)
                0x0000d000                __mulsf3
                0x0000d000                __aeabi_fmul
                0x0000d168                __aeabi_fdiv
                0x0000d168                __divsf3
 .text          0x0000d2a0       0xec c:/fehqt/proteus/gcc/bin/../lib/gcc/arm-none-eabi/4.6.2/armv7e-m\libgcc.a(_arm_cmpsf2.o)
                0x0000d2a0                __gesf2
                0x0000d2a0                __gtsf2
                0x0000d2a8                __lesf2
                0x0000d2a8                __ltsf2
                0x0000d2b0                __nesf2
                0x0000d2b0                __eqsf2
                0x0000d2b0                __cmpsf2
                0x0000d310                __aeabi_cfrcmple
                0x0000d318                __aeabi_cfcmpeq
                0x0000d318                __aeabi_cfcmple
                0x0000d328                __aeabi_fcmpeq
                0x0000d33c                __aeabi_fcmplt
                0x0000d350                __aeabi_fcmple
                0x0000d364                __aeabi_fcmpge
                0x0000d378                __aeabi_fcmpgt
 .text          0x0000d38c       0x4c c:/fehqt/proteus/gcc/bin/../lib/gcc/arm-none-eabi/4.6.2/armv7e-m\libgcc.a(_arm_fixsfsi.o)
                0x0000d38c                __aeabi_f2iz
                0x0000d38c                __fixsfsi
 *(.text*)
 .text._Z26DriveSkidFirstUntilHitWalli
                0x0000d3d8      0x188 ..\bump-switch-functions.o
                0x0000d3d8                DriveSkidFirstUntilHitWall(int)
 .text._Z11detectLightd
                0x0000d560       0xc0 ..\cds-cell-functions.o
                0x0000d560                detectLight(double)
 .text._Z17waitForStartLightv
                0x0000d620       0xc0 ..\cds-cell-functions.o
                0x0000d620                waitForStartLight()
 .text._Z18navigateFullCoursev
                0x0000d6e0      0x7c0 ..\full-course.o
                0x0000d6e0                navigateFullCourse()
 .text._Z15calibrateServosv
                0x0000dea0       0x48 ..\other-functions.o
                0x0000dea0                calibrateServos()
 .text._Z12waitForTouchv
                0x0000dee8       0x64 ..\other-functions.o
                0x0000dee8                waitForTouch()
 .text._Z11setupServosv
                0x0000df4c       0x2c ..\other-functions.o
                0x0000df4c                setupServos()
 .text._Z15prepareToLaunchv
                0x0000df78       0x4c ..\other-functions.o
                0x0000df78                prepareToLaunch()
 .text._Z8dropCoinv
                0x0000dfc4       0x84 ..\other-functions.o
                0x0000dfc4                dropCoin()
 .text._Z12check_x_plusf
                0x0000e048      0x278 ..\rps-functions.o
                0x0000e048                check_x_plus(float)
 .text._Z12check_y_plusf
                0x0000e2c0      0x278 ..\rps-functions.o
                0x0000e2c0                check_y_plus(float)
 .text._Z12RPSIsWorkingv
                0x0000e538       0xbc ..\rps-functions.o
                0x0000e538                RPSIsWorking()
 *fill*         0x0000e5f4        0x4 00
 .text._Z13check_headingf
                0x0000e5f8      0x228 ..\rps-functions.o
                0x0000e5f8                check_heading(float)
 .text._Z14driveForInchesbdif
                0x0000e820      0x3f8 ..\shaft-encoders-drive-functions.o
                0x0000e820                driveForInches(bool, double, int, float)
 .text._Z17turnCountsInPlacebii
                0x0000ec18      0x220 ..\shaft-encoders-drive-functions.o
                0x0000ec18                turnCountsInPlace(bool, int, int)
 .text._Z15driveForSecondsbdi
                0x0000ee38      0x160 ..\time-drive-functions.o
                0x0000ee38                driveForSeconds(bool, double, int)
 .text.main     0x0000ef98       0x10 ..\main.o
                0x0000ef98                main
 .text._Z41__static_initialization_and_destruction_0ii
                0x0000efa8       0xbc ..\main.o
 .text._GLOBAL__sub_I_cdsCell
                0x0000f064       0x14 ..\main.o
 .text.zero_fill_bss
                0x0000f078       0x34 Startup\__arm_start.o
 .text.__thumb_startup
                0x0000f0ac       0x34 Startup\__arm_start.o
                0x0000f0ac                __thumb_startup
 .text.InitFEHProteus
                0x0000f0e0      0x15c Startup\__arm_start.o
                0x0000f0e0                InitFEHProteus
 .text.pll_init_bl
                0x0000f23c      0x130 Startup\__arm_start.o
 .text.InitPowerButton
                0x0000f36c       0x90 Startup\__arm_start.o
                0x0000f36c                InitPowerButton
 .text._ExitProcess
                0x0000f3fc        0xc Startup\__arm_end.o
                0x0000f3fc                _ExitProcess
 .text.Default_Handler
                0x0000f408        0xc Startup\kinetis_sysinit.o
                0x0000f408                BusFault_Handler()
                0x0000f408                HardFault_Handler()
                0x0000f408                SysTick_Handler()
                0x0000f408                PendSV_Handler()
                0x0000f408                DebugMonitor_Handler()
                0x0000f408                MemManage_Handler()
                0x0000f408                NMI_Handler()
                0x0000f408                SVC_Handler()
                0x0000f408                Default_Handler
                0x0000f408                UsageFault_Handler()
 .text.__init_hardware
                0x0000f414       0x44 Startup\kinetis_sysinit.o
                0x0000f414                __init_hardware
 .text._Z8PortDISRv
                0x0000f458       0x64 Startup\kinetis_sysinit.o
                0x0000f458                PortDISR()
 *fill*         0x0000f4bc        0x4 00
 .text._ZN8FEHMotorC2ENS_12FEHMotorPortEf
                0x0000f4c0       0xb0 Libraries\FEHMotor.o
                0x0000f4c0                FEHMotor::FEHMotor(FEHMotor::FEHMotorPort, float)
                0x0000f4c0                FEHMotor::FEHMotor(FEHMotor::FEHMotorPort, float)
 .text._ZN8FEHMotor4StopEv
                0x0000f570       0x3c Libraries\FEHMotor.o
                0x0000f570                FEHMotor::Stop()
 .text._ZN8FEHMotor8SetPowerEi
                0x0000f5ac       0x60 Libraries\FEHMotor.o
                0x0000f5ac                FEHMotor::SetPower(int)
 *fill*         0x0000f60c        0x4 00
 .text._ZN8FEHMotor10SetPercentEf
                0x0000f610      0x158 Libraries\FEHMotor.o
                0x0000f610                FEHMotor::SetPercent(float)
 .text._Z21IIC_StartTransmissionhh
                0x0000f768       0x98 Drivers\i2c.o
                0x0000f768                IIC_StartTransmission(unsigned char, unsigned char)
 .text._Z5Pausev
                0x0000f800       0x34 Drivers\i2c.o
                0x0000f800                Pause()
 .text._Z21MMA8451QWriteRegisterhh
                0x0000f834      0x12c Drivers\i2c.o
                0x0000f834                MMA8451QWriteRegister(unsigned char, unsigned char)
 .text._Z12SPI_SendCharh
                0x0000f960       0x1c Drivers\spi.o
                0x0000f960                SPI_SendChar(unsigned char)
 .text._Z16SPI_WriteCommandhh
                0x0000f97c       0x34 Drivers\spi.o
                0x0000f97c                SPI_WriteCommand(unsigned char, unsigned char)
 .text._Z11SPI_GetCharv
                0x0000f9b0       0x14 Drivers\spi.o
                0x0000f9b0                SPI_GetChar()
 .text._Z15SPI_ReadCommandh
                0x0000f9c4       0x3c Drivers\spi.o
                0x0000f9c4                SPI_ReadCommand(unsigned char)
 .text._Z13SPI_CS_Assertv
                0x0000fa00       0x24 Drivers\spi.o
                0x0000fa00                SPI_CS_Assert()
 .text._Z15SPI_CS_Deassertv
                0x0000fa24       0x24 Drivers\spi.o
                0x0000fa24                SPI_CS_Deassert()
 .text._Z12SPI_Transferh
                0x0000fa48       0x88 Drivers\spi.o
                0x0000fa48                SPI_Transfer(unsigned char)
 .text._Z8SPI_Initv
                0x0000fad0       0xe8 Drivers\spi.o
                0x0000fad0                SPI_Init()
 .text._Z9uart_initPV11UART_MemMapii
                0x0000fbb8      0x20c Drivers\uart.o
                0x0000fbb8                uart_init(UART_MemMap volatile*, int, int)
 .text._Z12uart_getcharPV11UART_MemMap
                0x0000fdc4       0x34 Drivers\uart.o
                0x0000fdc4                uart_getchar(UART_MemMap volatile*)
 .text._Z12uart_putcharPV11UART_MemMapc
                0x0000fdf8       0x38 Drivers\uart.o
                0x0000fdf8                uart_putchar(UART_MemMap volatile*, char)
 .text._ZL7mem_setPvij
                0x0000fe30       0x44 Drivers\ff.o
 .text._ZL11move_windowP5FATFSm
                0x0000fe74       0xf0 Drivers\ff.o
 .text._ZL4syncP5FATFS
                0x0000ff64      0x188 Drivers\ff.o
 .text._ZL8validateP5FATFSt
                0x000100ec       0x54 Drivers\ff.o
 .text._Z6f_syncP3FIL
                0x00010140      0x1c0 Drivers\ff.o
                0x00010140                f_sync(FIL*)
 .text._Z7f_closeP3FIL
                0x00010300       0x2c Drivers\ff.o
                0x00010300                f_close(FIL*)
 .text._ZL17SDHC_set_baudratemm
                0x0001032c      0x14c Drivers\SDHC.o
 .text._Z9SDHC_initP17esdhc_info_structPK17esdhc_init_struct
                0x00010478      0x1c4 Drivers\SDHC.o
                0x00010478                SDHC_init(esdhc_info_struct*, esdhc_init_struct const*)
 .text._ZL15SDHC_is_runningv
                0x0001063c       0x28 Drivers\SDHC.o
 .text._ZL16SDHC_status_waitm
                0x00010664       0x38 Drivers\SDHC.o
 .text._ZL17SDHC_send_commandP20esdhc_command_struct
                0x0001069c      0x2a0 Drivers\SDHC.o
 .text._Z10SDHC_ioctlmPv
                0x0001093c      0x978 Drivers\SDHC.o
                0x0001093c                SDHC_ioctl(unsigned long, void*)
 .text._ZL14rcvr_datablockPhm
                0x000112b4      0x134 Drivers\SDHC.o
 .text._Z9disk_readhPhmh
                0x000113e8      0x13c Drivers\SDHC.o
                0x000113e8                disk_read(unsigned char, unsigned char*, unsigned long, unsigned char)
 .text._ZL14xmit_datablockPKhm
                0x00011524       0xe0 Drivers\SDHC.o
 .text._Z10disk_writehPKhmh
                0x00011604      0x1cc Drivers\SDHC.o
                0x00011604                disk_write(unsigned char, unsigned char const*, unsigned long, unsigned char)
 .text._Z10disk_ioctlhhPv
                0x000117d0      0x128 Drivers\SDHC.o
                0x000117d0                disk_ioctl(unsigned char, unsigned char, void*)
 .text._Z11disk_statush
                0x000118f8       0x30 Drivers\SDHC.o
                0x000118f8                disk_status(unsigned char)
 .text._Z13time_delay_msm
                0x00011928       0xa4 Drivers\lptmr.o
                0x00011928                time_delay_ms(unsigned long)
 .text._Z41__static_initialization_and_destruction_0ii
                0x000119cc       0x30 FEHProteus.o
 .text._GLOBAL__sub_I_Propeller
                0x000119fc       0x14 FEHProteus.o
 .text._ZN12FEHPropellerC2Ev
                0x00011a10       0x20 Drivers\FEHPropeller.o
                0x00011a10                FEHPropeller::FEHPropeller()
                0x00011a10                FEHPropeller::FEHPropeller()
 .text._ZN12FEHPropeller10InitializeEv
                0x00011a30       0x94 Drivers\FEHPropeller.o
                0x00011a30                FEHPropeller::Initialize()
 .text._ZN12FEHPropeller12SetMotorRateEhhh
                0x00011ac4       0x78 Drivers\FEHPropeller.o
                0x00011ac4                FEHPropeller::SetMotorRate(unsigned char, unsigned char, unsigned char)
 .text._ZL5Delaymjj
                0x00011b3c       0xc4 Libraries\FEHUtility.o
 .text._Z5Sleepi
                0x00011c00       0x34 Libraries\FEHUtility.o
                0x00011c00                Sleep(int)
 *fill*         0x00011c34        0x4 00
 .text._Z5Sleepd
                0x00011c38       0x58 Libraries\FEHUtility.o
                0x00011c38                Sleep(double)
 .text._Z7TimeNowv
                0x00011c90       0x70 Libraries\FEHUtility.o
                0x00011c90                TimeNow()
 .text._Z11TimeNowMSecv
                0x00011d00       0x44 Libraries\FEHUtility.o
                0x00011d00                TimeNowMSec()
 .text._ZN15DigitalInputPinC2EN5FEHIO8FEHIOPinE
                0x00011d44       0x24 Libraries\FEHIO.o
                0x00011d44                DigitalInputPin::DigitalInputPin(FEHIO::FEHIOPin)
                0x00011d44                DigitalInputPin::DigitalInputPin(FEHIO::FEHIOPin)
 .text._ZN15DigitalInputPin10InitializeEN5FEHIO8FEHIOPinE
                0x00011d68      0x224 Libraries\FEHIO.o
                0x00011d68                DigitalInputPin::Initialize(FEHIO::FEHIOPin)
 .text._ZN15DigitalInputPin5ValueEv
                0x00011f8c      0x148 Libraries\FEHIO.o
                0x00011f8c                DigitalInputPin::Value()
 .text._ZN14DigitalEncoderC2EN5FEHIO8FEHIOPinE
                0x000120d4       0x2c Libraries\FEHIO.o
                0x000120d4                DigitalEncoder::DigitalEncoder(FEHIO::FEHIOPin)
                0x000120d4                DigitalEncoder::DigitalEncoder(FEHIO::FEHIOPin)
 .text._Z10enable_irqi
                0x00012100      0x1cc Libraries\FEHIO.o
                0x00012100                enable_irq(int)
 .text._ZN14DigitalEncoder10InitializeEN5FEHIO8FEHIOPinENS0_21FEHIOInterruptTriggerE
                0x000122cc      0x224 Libraries\FEHIO.o
                0x000122cc                DigitalEncoder::Initialize(FEHIO::FEHIOPin, FEHIO::FEHIOInterruptTrigger)
 .text._Z9portB_isrv
                0x000124f0       0xd4 Libraries\FEHIO.o
                0x000124f0                portB_isr()
 .text._Z9portC_isrv
                0x000125c4       0xd8 Libraries\FEHIO.o
                0x000125c4                portC_isr()
 .text._Z9portA_isrv
                0x0001269c       0xd8 Libraries\FEHIO.o
                0x0001269c                portA_isr()
 .text._Z9portE_isrv
                0x00012774       0xd0 Libraries\FEHIO.o
                0x00012774                portE_isr()
 .text._ZN14DigitalEncoder6CountsEv
                0x00012844       0x28 Libraries\FEHIO.o
                0x00012844                DigitalEncoder::Counts()
 .text._ZN14DigitalEncoder11ResetCountsEv
                0x0001286c       0x28 Libraries\FEHIO.o
                0x0001286c                DigitalEncoder::ResetCounts()
 .text._ZN14AnalogInputPinC2EN5FEHIO8FEHIOPinE
                0x00012894       0x20 Libraries\FEHIO.o
                0x00012894                AnalogInputPin::AnalogInputPin(FEHIO::FEHIOPin)
                0x00012894                AnalogInputPin::AnalogInputPin(FEHIO::FEHIOPin)
 *fill*         0x000128b4        0x4 00
 .text._ZN14AnalogInputPin5ValueEv
                0x000128b8      0x180 Libraries\FEHIO.o
                0x000128b8                AnalogInputPin::Value()
 .text._ZN13AnalogEncoder12EncoderValueEv
                0x00012a38       0xe4 Libraries\FEHIO.o
                0x00012a38                AnalogEncoder::EncoderValue()
 .text._ZN14AnalogInputPin8InitADCsEv
                0x00012b1c      0x120 Libraries\FEHIO.o
                0x00012b1c                AnalogInputPin::InitADCs()
 .text._Z8pit0_isrv
                0x00012c3c       0x34 Libraries\FEHIO.o
                0x00012c3c                pit0_isr()
 .text._ZN13AnalogEncoder4InitEv
                0x00012c70       0x64 Libraries\FEHIO.o
                0x00012c70                AnalogEncoder::Init()
 .text._ZN13AnalogEncoder14SetCounterInitEj
                0x00012cd4       0x20 Libraries\FEHIO.o
                0x00012cd4                AnalogEncoder::SetCounterInit(unsigned int)
 .text._ZN13AnalogEncoder10ProcessIntEv
                0x00012cf4       0x80 Libraries\FEHIO.o
                0x00012cf4                AnalogEncoder::ProcessInt()
 .text._ZN13AnalogEncoder14ProcessIntSelfEv
                0x00012d74       0x80 Libraries\FEHIO.o
                0x00012d74                AnalogEncoder::ProcessIntSelf()
 .text._Z7ADC_CalPV10ADC_MemMap
                0x00012df4      0x14c Drivers\adc16.o
                0x00012df4                ADC_Cal(ADC_MemMap volatile*)
 .text._Z14ADC_Config_AltPV10ADC_MemMapP7adc_cfg
                0x00012f40       0x6c Drivers\adc16.o
                0x00012f40                ADC_Config_Alt(ADC_MemMap volatile*, adc_cfg*)
 .text._ZN9FEHBuzzerC2Ev
                0x00012fac       0x18 Libraries\FEHBuzzer.o
                0x00012fac                FEHBuzzer::FEHBuzzer()
                0x00012fac                FEHBuzzer::FEHBuzzer()
 .text._Z41__static_initialization_and_destruction_0ii
                0x00012fc4       0x30 Libraries\FEHBuzzer.o
 .text._GLOBAL__sub_I_Buzzer
                0x00012ff4       0x14 Libraries\FEHBuzzer.o
 .text._ZN8FEHServoC2ENS_12FEHServoPortE
                0x00013008       0x3c Libraries\FEHServo.o
                0x00013008                FEHServo::FEHServo(FEHServo::FEHServoPort)
                0x00013008                FEHServo::FEHServo(FEHServo::FEHServoPort)
 .text._ZN8FEHServo6SetMinEi
                0x00013044       0x3c Libraries\FEHServo.o
                0x00013044                FEHServo::SetMin(int)
 .text._ZN8FEHServo6SetMaxEi
                0x00013080       0x3c Libraries\FEHServo.o
                0x00013080                FEHServo::SetMax(int)
 *fill*         0x000130bc        0x4 00
 .text._ZN8FEHServo9SetDegreeEf
                0x000130c0      0x148 Libraries\FEHServo.o
                0x000130c0                FEHServo::SetDegree(float)
 .text._ZN6FEHLCD11_InitializeEv
                0x00013208      0x5dc Libraries\FEHLCD.o
                0x00013208                FEHLCD::_Initialize()
 .text._ZN6FEHLCDC2Ev
                0x000137e4       0x64 Libraries\FEHLCD.o
                0x000137e4                FEHLCD::FEHLCD()
                0x000137e4                FEHLCD::FEHLCD()
 .text._ZN6FEHLCD10InitializeEv
                0x00013848       0x38 Libraries\FEHLCD.o
                0x00013848                FEHLCD::Initialize()
 .text._ZN6FEHLCD10PrintImageEii
                0x00013880      0x100 Libraries\FEHLCD.o
                0x00013880                FEHLCD::PrintImage(int, int)
 .text._ZN6FEHLCD9PrintLogoEii
                0x00013980      0x100 Libraries\FEHLCD.o
                0x00013980                FEHLCD::PrintLogo(int, int)
 .text._ZN6FEHLCD22ConvertFEHColorTo24BitENS_11FEHLCDColorE
                0x00013a80       0x80 Libraries\FEHLCD.o
                0x00013a80                FEHLCD::ConvertFEHColorTo24Bit(FEHLCD::FEHLCDColor)
 .text._ZN6FEHLCD24Convert24BitColorTo16BitEj
                0x00013b00       0x40 Libraries\FEHLCD.o
                0x00013b00                FEHLCD::Convert24BitColorTo16Bit(unsigned int)
 .text._ZN6FEHLCD22ConvertRGBColorTo16BitEhhh
                0x00013b40       0x44 Libraries\FEHLCD.o
                0x00013b40                FEHLCD::ConvertRGBColorTo16Bit(unsigned char, unsigned char, unsigned char)
 .text._ZN6FEHLCD5ClearENS_11FEHLCDColorE
                0x00013b84       0x28 Libraries\FEHLCD.o
                0x00013b84                FEHLCD::Clear(FEHLCD::FEHLCDColor)
 .text._ZN6FEHLCD5ClearEj
                0x00013bac       0x2c Libraries\FEHLCD.o
                0x00013bac                FEHLCD::Clear(unsigned int)
 .text._ZN6FEHLCD5ClearEv
                0x00013bd8       0x18 Libraries\FEHLCD.o
                0x00013bd8                FEHLCD::Clear()
 .text._ZN6FEHLCD18SetBackgroundColorENS_11FEHLCDColorE
                0x00013bf0       0x28 Libraries\FEHLCD.o
                0x00013bf0                FEHLCD::SetBackgroundColor(FEHLCD::FEHLCDColor)
 .text._ZN6FEHLCD18SetBackgroundColorEj
                0x00013c18       0x28 Libraries\FEHLCD.o
                0x00013c18                FEHLCD::SetBackgroundColor(unsigned int)
 .text._ZN6FEHLCD12SetFontColorENS_11FEHLCDColorE
                0x00013c40       0x28 Libraries\FEHLCD.o
                0x00013c40                FEHLCD::SetFontColor(FEHLCD::FEHLCDColor)
 .text._ZN6FEHLCD12SetFontColorEj
                0x00013c68       0x28 Libraries\FEHLCD.o
                0x00013c68                FEHLCD::SetFontColor(unsigned int)
 .text._ZN6FEHLCD7WriteAtEPKcii
                0x00013c90       0x58 Libraries\FEHLCD.o
                0x00013c90                FEHLCD::WriteAt(char const*, int, int)
 .text._ZN6FEHLCD11TS_SPI_InitEv
                0x00013ce8       0xa8 Libraries\FEHLCD.o
                0x00013ce8                FEHLCD::TS_SPI_Init()
 .text._ZN6FEHLCD5TouchEPfS0_
                0x00013d90      0x240 Libraries\FEHLCD.o
                0x00013d90                FEHLCD::Touch(float*, float*)
 .text._ZN6FEHLCD3absEi
                0x00013fd0       0x28 Libraries\FEHLCD.o
                0x00013fd0                FEHLCD::abs(int)
 .text._ZN6FEHLCD5WriteEPKc
                0x00013ff8       0x5c Libraries\FEHLCD.o
                0x00013ff8                FEHLCD::Write(char const*)
 .text._ZN6FEHLCD5WriteEi
                0x00014054       0x34 Libraries\FEHLCD.o
                0x00014054                FEHLCD::Write(int)
 .text._ZN6FEHLCD5WriteEf
                0x00014088       0xdc Libraries\FEHLCD.o
                0x00014088                FEHLCD::Write(float)
 .text._ZN6FEHLCD5WriteEd
                0x00014164       0x28 Libraries\FEHLCD.o
                0x00014164                FEHLCD::Write(double)
 .text._ZN6FEHLCD5WriteEc
                0x0001418c       0x30 Libraries\FEHLCD.o
                0x0001418c                FEHLCD::Write(char)
 .text._ZN6FEHLCD9WriteLineEPKc
                0x000141bc       0x28 Libraries\FEHLCD.o
                0x000141bc                FEHLCD::WriteLine(char const*)
 .text._ZN6FEHLCD9WriteLineEi
                0x000141e4       0x28 Libraries\FEHLCD.o
                0x000141e4                FEHLCD::WriteLine(int)
 .text._ZN6FEHLCD9WriteLineEf
                0x0001420c       0x28 Libraries\FEHLCD.o
                0x0001420c                FEHLCD::WriteLine(float)
 .text._ZN6FEHLCD9WriteLineEc
                0x00014234       0x2c Libraries\FEHLCD.o
                0x00014234                FEHLCD::WriteLine(char)
 .text._ZN6FEHLCD10WriteIndexEh
                0x00014260      0x288 Libraries\FEHLCD.o
                0x00014260                FEHLCD::WriteIndex(unsigned char)
 .text._ZN6FEHLCD14WriteParameterEh
                0x000144e8      0x254 Libraries\FEHLCD.o
                0x000144e8                FEHLCD::WriteParameter(unsigned char)
 .text._ZN6FEHLCD6_ClearEv
                0x0001473c      0x228 Libraries\FEHLCD.o
                0x0001473c                FEHLCD::_Clear()
 .text._ZN6FEHLCD8NextLineEv
                0x00014964       0x30 Libraries\FEHLCD.o
                0x00014964                FEHLCD::NextLine()
 .text._ZN6FEHLCD9CheckLineEv
                0x00014994       0x2c Libraries\FEHLCD.o
                0x00014994                FEHLCD::CheckLine()
 .text._ZN6FEHLCD8NextCharEv
                0x000149c0       0x34 Libraries\FEHLCD.o
                0x000149c0                FEHLCD::NextChar()
 .text._ZN6FEHLCD9DrawPixelEii
                0x000149f4       0x30 Libraries\FEHLCD.o
                0x000149f4                FEHLCD::DrawPixel(int, int)
 .text._Z4SwapRiS_
                0x00014a24       0x28 Libraries\FEHLCD.o
                0x00014a24                Swap(int&, int&)
 .text._ZN6FEHLCD13DrawRectangleEiiii
                0x00014a4c       0x80 Libraries\FEHLCD.o
                0x00014a4c                FEHLCD::DrawRectangle(int, int, int, int)
 .text._ZN6FEHLCD13SetDrawRegionEiiii
                0x00014acc      0x10c Libraries\FEHLCD.o
                0x00014acc                FEHLCD::SetDrawRegion(int, int, int, int)
 .text._ZN6FEHLCD8DrawLineEiiii
                0x00014bd8      0x17c Libraries\FEHLCD.o
                0x00014bd8                FEHLCD::DrawLine(int, int, int, int)
 .text._ZN6FEHLCD9WriteCharEiic
                0x00014d54       0x40 Libraries\FEHLCD.o
                0x00014d54                FEHLCD::WriteChar(int, int, char)
 .text._ZN6FEHLCD11WriteCharAtEiic
                0x00014d94      0x278 Libraries\FEHLCD.o
                0x00014d94                FEHLCD::WriteCharAt(int, int, char)
 .text._ZN6FEHLCD11RepeatColorEv
                0x0001500c       0xbc Libraries\FEHLCD.o
                0x0001500c                FEHLCD::RepeatColor()
 .text._ZN6FEHLCD10_ForePixelEv
                0x000150c8      0x160 Libraries\FEHLCD.o
                0x000150c8                FEHLCD::_ForePixel()
 .text._ZN6FEHLCD10_BackPixelEv
                0x00015228      0x160 Libraries\FEHLCD.o
                0x00015228                FEHLCD::_BackPixel()
 .text._ZN6FEHLCD22SetRegisterColorValuesEv
                0x00015388      0x4c0 Libraries\FEHLCD.o
                0x00015388                FEHLCD::SetRegisterColorValues()
 .text._ZN7FEHIcon4IconC2Ev
                0x00015848       0x18 Libraries\FEHLCD.o
                0x00015848                FEHIcon::Icon::Icon()
                0x00015848                FEHIcon::Icon::Icon()
 .text._ZN7FEHIcon4Icon13SetPropertiesEPciiiijj
                0x00015860       0x70 Libraries\FEHLCD.o
                0x00015860                FEHIcon::Icon::SetProperties(char*, int, int, int, int, unsigned int, unsigned int)
 .text._ZN7FEHIcon4Icon4DrawEv
                0x000158d0       0xb0 Libraries\FEHLCD.o
                0x000158d0                FEHIcon::Icon::Draw()
 .text._ZN7FEHIcon4Icon6SelectEv
                0x00015980       0xb8 Libraries\FEHLCD.o
                0x00015980                FEHIcon::Icon::Select()
 .text._ZN7FEHIcon4Icon8DeselectEv
                0x00015a38       0xb4 Libraries\FEHLCD.o
                0x00015a38                FEHIcon::Icon::Deselect()
 .text._ZN7FEHIcon4Icon7PressedEffi
                0x00015aec      0x1dc Libraries\FEHLCD.o
                0x00015aec                FEHIcon::Icon::Pressed(float, float, int)
 .text._ZN7FEHIcon4Icon12WhilePressedEff
                0x00015cc8       0x5c Libraries\FEHLCD.o
                0x00015cc8                FEHIcon::Icon::WhilePressed(float, float)
 .text._ZN7FEHIcon13DrawIconArrayEPNS_4IconEiiiiiiPA20_cjj
                0x00015d24      0x194 Libraries\FEHLCD.o
                0x00015d24                FEHIcon::DrawIconArray(FEHIcon::Icon*, int, int, int, int, int, int, char (*) [20], unsigned int, unsigned int)
 .text._Z41__static_initialization_and_destruction_0ii
                0x00015eb8       0x30 Libraries\FEHLCD.o
 .text._GLOBAL__sub_I_image
                0x00015ee8       0x14 Libraries\FEHLCD.o
 .text._ZN8FEHAccelC2Ev
                0x00015efc       0x8c Libraries\FEHAccel.o
                0x00015efc                FEHAccel::FEHAccel()
                0x00015efc                FEHAccel::FEHAccel()
 .text._Z41__static_initialization_and_destruction_0ii
                0x00015f88       0x30 Libraries\FEHAccel.o
 .text._GLOBAL__sub_I_Accel
                0x00015fb8       0x14 Libraries\FEHAccel.o
 .text._ZN10FEHBatteryC2EN5FEHIO8FEHIOPinE
                0x00015fcc       0x24 Libraries\FEHBattery.o
                0x00015fcc                FEHBattery::FEHBattery(FEHIO::FEHIOPin)
                0x00015fcc                FEHBattery::FEHBattery(FEHIO::FEHIOPin)
 .text._Z41__static_initialization_and_destruction_0ii
                0x00015ff0       0x34 Libraries\FEHBattery.o
 .text._GLOBAL__sub_I_Battery
                0x00016024       0x14 Libraries\FEHBattery.o
 .text._ZN7FEHXBeeC2Ev
                0x00016038       0x20 Drivers\FEHXBee.o
                0x00016038                FEHXBee::FEHXBee()
                0x00016038                FEHXBee::FEHXBee()
 .text._ZN7FEHXBee10InitializeEv
                0x00016058      0x148 Drivers\FEHXBee.o
                0x00016058                FEHXBee::Initialize()
 .text._ZN7FEHXBee13IsInitializedEv
                0x000161a0       0x18 Drivers\FEHXBee.o
                0x000161a0                FEHXBee::IsInitialized()
 .text._ZN7FEHXBee17ReceiveDataSearchEPcjh
                0x000161b8       0xb4 Drivers\FEHXBee.o
                0x000161b8                FEHXBee::ReceiveDataSearch(char*, unsigned int, unsigned char)
 .text._ZN7FEHXBee8SendDataEPcj
                0x0001626c       0x50 Drivers\FEHXBee.o
                0x0001626c                FEHXBee::SendData(char*, unsigned int)
 .text._ZN7FEHXBee17SetPacketCallBackEPFvPhhE
                0x000162bc       0x20 Drivers\FEHXBee.o
                0x000162bc                FEHXBee::SetPacketCallBack(void (*)(unsigned char*, unsigned char))
 .text._Z9UART0_ISRv
                0x000162dc      0x174 Drivers\FEHXBee.o
                0x000162dc                UART0_ISR()
 .text._ZN6FEHRPSC2Ev
                0x00016450       0x88 Libraries\FEHRPS.o
                0x00016450                FEHRPS::FEHRPS()
                0x00016450                FEHRPS::FEHRPS()
 .text._ZN6FEHRPS10InitializeEi
                0x000164d8      0x994 Libraries\FEHRPS.o
                0x000164d8                FEHRPS::Initialize(int)
 .text._ZN6FEHRPS10InitializeEc
                0x00016e6c       0x4c Libraries\FEHRPS.o
                0x00016e6c                FEHRPS::Initialize(char)
 .text._ZN6FEHRPS19InitializeTouchMenuEv
                0x00016eb8      0x908 Libraries\FEHRPS.o
                0x00016eb8                FEHRPS::InitializeTouchMenu()
 .text._ZN6FEHRPS19CurrentRegionLetterEv
                0x000177c0       0x20 Libraries\FEHRPS.o
                0x000177c0                FEHRPS::CurrentRegionLetter()
 .text._ZN6FEHRPS13WaitForPacketEv
                0x000177e0       0x78 Libraries\FEHRPS.o
                0x000177e0                FEHRPS::WaitForPacket()
 .text._ZN6FEHRPS1XEv
                0x00017858       0x20 Libraries\FEHRPS.o
                0x00017858                FEHRPS::X()
 .text._ZN6FEHRPS1YEv
                0x00017878       0x20 Libraries\FEHRPS.o
                0x00017878                FEHRPS::Y()
 .text._ZN6FEHRPS7HeadingEv
                0x00017898       0x20 Libraries\FEHRPS.o
                0x00017898                FEHRPS::Heading()
 .text._Z14RPSDataProcessPhh
                0x000178b8      0x164 Libraries\FEHRPS.o
                0x000178b8                RPSDataProcess(unsigned char*, unsigned char)
 .text._Z41__static_initialization_and_destruction_0ii
                0x00017a1c       0x30 Libraries\FEHRPS.o
 .text._GLOBAL__sub_I_RPS
                0x00017a4c       0x14 Libraries\FEHRPS.o
 .text._ZN5FEHSDC2Ev
                0x00017a60       0x24 Libraries\FEHSD.o
                0x00017a60                FEHSD::FEHSD()
                0x00017a60                FEHSD::FEHSD()
 .text._ZN5FEHSD8CloseLogEv
                0x00017a84       0x38 Libraries\FEHSD.o
                0x00017a84                FEHSD::CloseLog()
 .text._Z41__static_initialization_and_destruction_0ii
                0x00017abc       0x30 Libraries\FEHSD.o
 .text._GLOBAL__sub_I_SD
                0x00017aec       0x14 Libraries\FEHSD.o
 .text.sprintf  0x00017b00       0x1c C:\fehqt\Proteus/EWL/lib/armv7e-m\libc.a(sprintf.o)
                0x00017b00                sprintf
 .text.__StringWrite
                0x00017b1c       0x28 C:\fehqt\Proteus/EWL/lib/armv7e-m\libc.a(vsnprintf.o)
                0x00017b1c                __StringWrite
 .text.vsnprintf
                0x00017b44       0x34 C:\fehqt\Proteus/EWL/lib/armv7e-m\libc.a(vsnprintf.o)
                0x00017b44                vsnprintf
 .text.exit     0x00017b78       0x38 C:\fehqt\Proteus/EWL/lib/armv7e-m\libc.a(exit.o)
                0x00017b78                exit
 .text.memcpy   0x00017bb0       0x12 C:\fehqt\Proteus/EWL/lib/armv7e-m\libc.a(memcpy.o)
                0x00017bb0                memcpy
 .text.memset   0x00017bc2        0xc C:\fehqt\Proteus/EWL/lib/armv7e-m\libc.a(memset.o)
                0x00017bc2                memset
 .text.strcpy   0x00017bce       0x18 C:\fehqt\Proteus/EWL/lib/armv7e-m\libc.a(strcpy.o)
                0x00017bce                strcpy
 .text.strlen   0x00017be6       0x10 C:\fehqt\Proteus/EWL/lib/armv7e-m\libc.a(strlen.o)
                0x00017be6                strlen
 .text.long2str.isra.0
                0x00017bf6      0x196 C:\fehqt\Proteus/EWL/lib/armv7e-m\libc.a(printformat_.o)
 .text.__pformatter_
                0x00017d8c      0x3f8 C:\fehqt\Proteus/EWL/lib/armv7e-m\libc.a(printformat_.o)
                0x00017d8c                __pformatter_
 .text.__sformatter
                0x00018184      0x74e C:\fehqt\Proteus/EWL/lib/armv7e-m\libc.a(scanformat_.o)
                0x00018184                __sformatter
 *fill*         0x000188d2        0x2 00
 .text.isalpha  0x000188d4       0x1c C:\fehqt\Proteus/EWL/lib/armv7e-m\libc.a(ctype_aeabi.o)
                0x000188d4                isalpha
 .text.isspace  0x000188f0       0x1c C:\fehqt\Proteus/EWL/lib/armv7e-m\libc.a(ctype_aeabi.o)
                0x000188f0                isspace
 .text.toupper  0x0001890c        0xc C:\fehqt\Proteus/EWL/lib/armv7e-m\libc.a(ctype_aeabi.o)
                0x0001890c                toupper
 .text.__strtoul
                0x00018918      0x1dc C:\fehqt\Proteus/EWL/lib/armv7e-m\libc.a(__strtoul.o)
                0x00018918                __strtoul
 .text.__fill_mem
                0x00018af4       0x76 C:\fehqt\Proteus/EWL/lib/armv7e-m\libc.a(__filll_mem.o)
                0x00018af4                __fill_mem
 .text.memchr   0x00018b6a       0x1a C:\fehqt\Proteus/EWL/lib/armv7e-m\libc.a(memchr.o)
                0x00018b6a                memchr
 .text.strchr   0x00018b84       0x1c C:\fehqt\Proteus/EWL/lib/armv7e-m\libc.a(strchr.o)
                0x00018b84                strchr
 .text.__init_cpp
                0x00018ba0       0x4c C:\fehqt\Proteus/EWL/lib/armv7e-m\librt.a(gcc_ctor_dtor.o)
                0x00018ba0                __init_cpp
 .text.__fini_cpp
                0x00018bec       0x34 C:\fehqt\Proteus/EWL/lib/armv7e-m\librt.a(gcc_ctor_dtor.o)
                0x00018bec                __fini_cpp
 .text.__copy_rom_section
                0x00018c20       0x44 C:\fehqt\Proteus/EWL/lib/armv7e-m\librt.a(ROMCopy.o)
                0x00018c20                __copy_rom_section
 .text.__copy_rom_sections_to_ram
                0x00018c64       0x34 C:\fehqt\Proteus/EWL/lib/armv7e-m\librt.a(ROMCopy.o)
                0x00018c64                __copy_rom_sections_to_ram
 .text.__destroy_global_chain
                0x00018c98       0x1c C:\fehqt\Proteus/EWL/lib/armv7e-m\librt.a(__arm_eabi_init.o)
                0x00018c98                __destroy_global_chain
 .text.__init_registers
                0x00018cb4       0x20 C:\fehqt\Proteus/EWL/lib/armv7e-m\librt.a(__arm_eabi_init.o)
                0x00018cb4                __init_registers
 .text.__init_user
                0x00018cd4        0x4 C:\fehqt\Proteus/EWL/lib/armv7e-m\librt.a(__arm_eabi_init.o)
                0x00018cd4                __init_user
 *(.rodata)
 .rodata        0x00018cd8       0x1c ..\bump-switch-functions.o
 .rodata        0x00018cf4       0x40 ..\full-course.o
 .rodata        0x00018d34       0x88 ..\other-functions.o
 .rodata        0x00018dbc       0x70 ..\rps-functions.o
 .rodata        0x00018e2c       0xcc ..\shaft-encoders-drive-functions.o
 .rodata        0x00018ef8       0x2c ..\time-drive-functions.o
 .rodata        0x00018f24       0x78 Libraries\FEHIO.o
 .rodata        0x00018f9c       0x34 Libraries\FEHLCD.o
 .rodata        0x00018fd0      0x238 Libraries\FEHRPS.o
 *(.rodata*)
 .rodata.K60_SDHC0_init
                0x00019208        0xc Drivers\SDHC.o
                0x00019208                K60_SDHC0_init
 .rodata._ZL21ESDHC_COMMAND_XFERTYP
                0x00019214      0x100 Drivers\SDHC.o
 .rodata._ZL9GPIOPorts
                0x00019314       0x20 Libraries\FEHIO.o
 .rodata._ZL10ADCNumbers
                0x00019334       0x24 Libraries\FEHIO.o
 .rodata._ZL14GPIOPinNumbers
                0x00019358       0x80 Libraries\FEHIO.o
 .rodata._ZL16AnalogPinNumbers
                0x000193d8       0x84 Libraries\FEHIO.o
 .rodata.str1.1
                0x0001945c        0x1 C:\fehqt\Proteus/EWL/lib/armv7e-m\libc.a(printformat_.o)
 .rodata.__aeabi_ctype_table_C
                0x0001945d      0x101 C:\fehqt\Proteus/EWL/lib/armv7e-m\libc.a(ctype_aeabi.o)
                0x0001945d                __aeabi_ctype_table_C
 *(.glue_7)
 .glue_7        0x00000000        0x0 linker stubs
 *(.glue_7t)
 .glue_7t       0x00000000        0x0 linker stubs
 *(.eh_frame)
 *(.init)
 *(.fini)
                0x00019560                . = ALIGN (0x4)
 *fill*         0x0001955e        0x2 00
                0x00019560                _etext = .

.vfp11_veneer   0x00019560        0x0
 .vfp11_veneer  0x00000000        0x0 linker stubs

.v4_bx          0x00019560        0x0
 .v4_bx         0x00000000        0x0 linker stubs

.ARM.extab
 *(.ARM.extab* .gnu.linkonce.armextab.*)

.ARM            0x00019560        0x0
                0x00019560                __exidx_start = .
 *(.ARM.exidx*)
                0x00019560                __exidx_end = .

.ctors          0x00019560        0x0
                0x00019560                __CTOR_LIST__ = .
 *crtbegin.o(.ctors)
 *(EXCLUDE_FILE(*crtend.o) .ctors)
 *(SORT(.ctors.*))
 *(.ctors)
                0x00019560                __CTOR_END__ = .

.dtors          0x00019560        0x0
                0x00019560                __DTOR_LIST__ = .
 *crtbegin.o(.dtors)
 *(EXCLUDE_FILE(*crtend.o) .dtors)
 *(SORT(.dtors.*))
 *(.dtors)
                0x00019560                __DTOR_END__ = .

.preinit_array  0x00019560        0x0
                0x00019560                PROVIDE (__preinit_array_start, .)
 *(.preinit_array*)
                0x00019560                PROVIDE (__preinit_array_end, .)

.init_array     0x00019560       0x20
                0x00019560                PROVIDE (__init_array_start, .)
 *(SORT(.init_array.*))
 *(.init_array*)
 .init_array    0x00019560        0x4 ..\main.o
 .init_array    0x00019564        0x4 FEHProteus.o
 .init_array    0x00019568        0x4 Libraries\FEHBuzzer.o
 .init_array    0x0001956c        0x4 Libraries\FEHLCD.o
 .init_array    0x00019570        0x4 Libraries\FEHAccel.o
 .init_array    0x00019574        0x4 Libraries\FEHBattery.o
 .init_array    0x00019578        0x4 Libraries\FEHRPS.o
 .init_array    0x0001957c        0x4 Libraries\FEHSD.o
                0x00019580                PROVIDE (__init_array_end, .)

.fini_array     0x00019580        0x0
                0x00019580                PROVIDE (__fini_array_start, .)
 *(SORT(.fini_array.*))
 *(.fini_array*)
                0x00019580                PROVIDE (__fini_array_end, .)
                0x00019580                ___ROM_AT = .

.data           0x1fff0400      0xd1c load address 0x00019580
                0x1fff0400                . = ALIGN (0x4)
                0x1fff0400                _sdata = .
 *(.data)
 *(.data*)
 .data._ZL4Stat
                0x1fff0400        0x1 Drivers\SDHC.o
 *fill*         0x1fff0401        0x3 00
 .data.image    0x1fff0404      0x750 Libraries\FEHLCD.o
                0x1fff0404                image
 .data.logo     0x1fff0b54      0x3e8 Libraries\FEHLCD.o
                0x1fff0b54                logo
 .data._ZN6FEHLCD8fontDataE
                0x1fff0f3c      0x1e0 Libraries\FEHLCD.o
                0x1fff0f3c                FEHLCD::fontData
                0x1fff111c                . = ALIGN (0x4)
                0x1fff111c                _edata = .
                0x00000d1c                ___data_size = (_edata - _sdata)
                0x0001a29c                ___m_data2_ROMStart = (___ROM_AT + SIZEOF (.data))

.user_data2     0x20000000        0x0 load address 0x0001a29c
                0x20000000                . = ALIGN (0x4)
                0x20000000                ___m_data2_RAMStart = .
 *(.data2)
                0x20000000                ___m_data2_RAMEnd = .
                0x20000000                . = ALIGN (0x4)
                0x00000000                ___m_data2_ROMSize = (___m_data2_RAMEnd - ___m_data2_RAMStart)
                0x20000000                . = ALIGN (0x4)

.bss            0x1fff111c      0x5ec load address 0x0001a29c
                0x1fff111c                __START_BSS = .
                0x1fff111c                PROVIDE (__bss_start__, __START_BSS)
 *(.bss)
 *(.bss*)
 .bss.cdsCell   0x1fff111c        0x4 ..\main.o
                0x1fff111c                cdsCell
 .bss.left_encoder
                0x1fff1120        0x4 ..\main.o
                0x1fff1120                left_encoder
 .bss.right_encoder
                0x1fff1124        0x4 ..\main.o
                0x1fff1124                right_encoder
 .bss.leftMotor
                0x1fff1128        0x8 ..\main.o
                0x1fff1128                leftMotor
 .bss.rightMotor
                0x1fff1130        0x8 ..\main.o
                0x1fff1130                rightMotor
 .bss.lower_servo
                0x1fff1138        0xc ..\main.o
                0x1fff1138                lower_servo
 .bss.upper_servo
                0x1fff1144        0xc ..\main.o
                0x1fff1144                upper_servo
 .bss.skidServoCornerBump
                0x1fff1150        0x4 ..\main.o
                0x1fff1150                skidServoCornerBump
 .bss.skidNonServoCornerBump
                0x1fff1154        0x4 ..\main.o
                0x1fff1154                skidNonServoCornerBump
 .bss._ZL4argv  0x1fff1158        0x4 Startup\__arm_start.o
 .bss.MasterTransmission
                0x1fff115c        0x1 Drivers\i2c.o
                0x1fff115c                MasterTransmission
 .bss.SlaveID   0x1fff115d        0x1 Drivers\i2c.o
                0x1fff115d                SlaveID
 *fill*         0x1fff115e        0x2 00
 .bss.SDHC_Card
                0x1fff1160       0x14 Drivers\SDHC.o
                0x1fff1160                SDHC_Card
 .bss.SDHC_Info
                0x1fff1174      0x204 Drivers\SDHC.o
                0x1fff1174                SDHC_Info
 .bss.SDHC_Device
                0x1fff1378        0x8 Drivers\SDHC.o
                0x1fff1378                SDHC_Device
 .bss.Propeller
                0x1fff1380        0x4 FEHProteus.o
                0x1fff1380                Propeller
 .bss.CoreClockKHz
                0x1fff1384        0x4 FEHProteus.o
                0x1fff1384                CoreClockKHz
 .bss.CoreClockMHz
                0x1fff1388        0x4 FEHProteus.o
                0x1fff1388                CoreClockMHz
 .bss.PeripheralClockKHz
                0x1fff138c        0x4 FEHProteus.o
                0x1fff138c                PeripheralClockKHz
 .bss._ZN14AnalogInputPin17Master_Adc_ConfigE
                0x1fff1390       0x10 Libraries\FEHIO.o
                0x1fff1390                AnalogInputPin::Master_Adc_Config
 .bss._ZN14AnalogInputPin18Encoder_Adc_ConfigE
                0x1fff13a0       0x10 Libraries\FEHIO.o
                0x1fff13a0                AnalogInputPin::Encoder_Adc_Config
 .bss.interrupt_counts
                0x1fff13b0       0x80 Libraries\FEHIO.o
                0x1fff13b0                interrupt_counts
 .bss._ZN13AnalogEncoder7pinListE
                0x1fff1430        0x4 Libraries\FEHIO.o
                0x1fff1430                AnalogEncoder::pinList
 .bss.__interrupt_counter
                0x1fff1434        0x4 Libraries\FEHIO.o
                0x1fff1434                __interrupt_counter
 .bss.Buzzer    0x1fff1438        0x4 Libraries\FEHBuzzer.o
                0x1fff1438                Buzzer
 .bss.LCD       0x1fff143c       0x44 Libraries\FEHLCD.o
                0x1fff143c                LCD
 .bss.initialized
                0x1fff1480        0x1 Libraries\FEHLCD.o
                0x1fff1480                initialized
 *fill*         0x1fff1481        0x3 00
 .bss.Accel     0x1fff1484        0x4 Libraries\FEHAccel.o
                0x1fff1484                Accel
 .bss.Battery   0x1fff1488        0x4 Libraries\FEHBattery.o
                0x1fff1488                Battery
 .bss.XBeeDataProcess
                0x1fff148c        0x4 Drivers\FEHXBee.o
                0x1fff148c                XBeeDataProcess
 .bss._xbeebuffer
                0x1fff1490       0x10 Drivers\FEHXBee.o
                0x1fff1490                _xbeebuffer
 .bss._xbeebufferindex
                0x1fff14a0        0x1 Drivers\FEHXBee.o
                0x1fff14a0                _xbeebufferindex
 .bss._xbeestate
                0x1fff14a1        0x1 Drivers\FEHXBee.o
                0x1fff14a1                _xbeestate
 .bss._xbeebytereceived
                0x1fff14a2        0x1 Drivers\FEHXBee.o
                0x1fff14a2                _xbeebytereceived
 .bss._xbeebyte
                0x1fff14a3        0x1 Drivers\FEHXBee.o
                0x1fff14a3                _xbeebyte
 .bss.RPS       0x1fff14a4        0x8 Libraries\FEHRPS.o
                0x1fff14a4                RPS
 .bss._enabled  0x1fff14ac        0x1 Libraries\FEHRPS.o
                0x1fff14ac                _enabled
 *fill*         0x1fff14ad        0x3 00
 .bss._RPS_x    0x1fff14b0        0x4 Libraries\FEHRPS.o
                0x1fff14b0                _RPS_x
 .bss._RPS_y    0x1fff14b4        0x4 Libraries\FEHRPS.o
                0x1fff14b4                _RPS_y
 .bss._RPS_heading
                0x1fff14b8        0x4 Libraries\FEHRPS.o
                0x1fff14b8                _RPS_heading
 .bss._RPS_objective
                0x1fff14bc        0x4 Libraries\FEHRPS.o
                0x1fff14bc                _RPS_objective
 .bss._RPS_time
                0x1fff14c0        0x1 Libraries\FEHRPS.o
                0x1fff14c0                _RPS_time
 .bss._RPS_stop
                0x1fff14c1        0x1 Libraries\FEHRPS.o
                0x1fff14c1                _RPS_stop
 .bss._RPS_foundpacket
                0x1fff14c2        0x1 Libraries\FEHRPS.o
                0x1fff14c2                _RPS_foundpacket
 *fill*         0x1fff14c3        0x1 00
 .bss.SD        0x1fff14c4        0x4 Libraries\FEHSD.o
                0x1fff14c4                SD
 .bss.logfil    0x1fff14c8      0x228 Libraries\FEHSD.o
                0x1fff14c8                logfil
 .bss.__stdio_exit
                0x1fff16f0        0x4 C:\fehqt\Proteus/EWL/lib/armv7e-m\libc.a(exit.o)
                0x1fff16f0                __stdio_exit
 .bss.__console_exit
                0x1fff16f4        0x4 C:\fehqt\Proteus/EWL/lib/armv7e-m\libc.a(exit.o)
                0x1fff16f4                __console_exit
 .bss.__S_romp  0x1fff16f8        0xc C:\fehqt\Proteus/EWL/lib/armv7e-m\librt.a(ROMCopy.o)
 .bss.__global_destructor_chain
                0x1fff1704        0x4 C:\fehqt\Proteus/EWL/lib/armv7e-m\librt.a(__arm_eabi_init.o)
                0x1fff1704                __global_destructor_chain
 *(COMMON)
                0x1fff1708                . = ALIGN (0x4)
                0x1fff1708                __END_BSS = .
                0x1fff1708                PROVIDE (__bss_end__, __END_BSS)

._user_heap_stack
                0x1fff1708     0x1000 load address 0x0001a888
                0x1fff1708                . = ALIGN (0x4)
                0x1fff1708                PROVIDE (end, .)
                0x1fff1708                PROVIDE (_end, .)
                0x1fff1708                __heap_addr = .
                0x1fff1f08                . = (. + __heap_size)
 *fill*         0x1fff1708      0x800 00
                0x1fff2708                . = (. + __stack_size)
 *fill*         0x1fff1f08      0x800 00
                0x1fff2708                . = ALIGN (0x4)
                0x0001a29c                _romp_at = ((___ROM_AT + SIZEOF (.data)) + SIZEOF (.user_data2))

.romp           0x20000000       0x24 load address 0x0001a29c
                0x0001a29c                __S_romp = _romp_at
                0x20000000        0x4 LONG 0x19580 ___ROM_AT
                0x20000004        0x4 LONG 0x1fff0400 _sdata
                0x20000008        0x4 LONG 0xd1c ___data_size
                0x2000000c        0x4 LONG 0x1a29c ___m_data2_ROMStart
                0x20000010        0x4 LONG 0x20000000 ___m_data2_RAMStart
                0x20000014        0x4 LONG 0x0 ___m_data2_ROMSize
                0x20000018        0x4 LONG 0x0
                0x2000001c        0x4 LONG 0x0
                0x20000020        0x4 LONG 0x0

.ARM.attributes
                0x00000000       0x33
 *(.ARM.attributes)
 .ARM.attributes
                0x00000000       0x33 ..\bump-switch-functions.o
 .ARM.attributes
                0x00000033       0x33 ..\cds-cell-functions.o
 .ARM.attributes
                0x00000066       0x33 ..\full-course.o
 .ARM.attributes
                0x00000099       0x33 ..\other-functions.o
 .ARM.attributes
                0x000000cc       0x33 ..\rps-functions.o
 .ARM.attributes
                0x000000ff       0x33 ..\shaft-encoders-drive-functions.o
 .ARM.attributes
                0x00000132       0x33 ..\time-drive-functions.o
 .ARM.attributes
                0x00000165       0x33 ..\main.o
 .ARM.attributes
                0x00000198       0x33 Startup\__arm_start.o
 .ARM.attributes
                0x000001cb       0x33 Startup\__arm_end.o
 .ARM.attributes
                0x000001fe       0x33 Startup\kinetis_sysinit.o
 .ARM.attributes
                0x00000231       0x33 Libraries\FEHMotor.o
 .ARM.attributes
                0x00000264       0x33 Drivers\i2c.o
 .ARM.attributes
                0x00000297       0x33 Drivers\spi.o
 .ARM.attributes
                0x000002ca       0x33 Drivers\uart.o
 .ARM.attributes
                0x000002fd       0x33 Drivers\ff.o
 .ARM.attributes
                0x00000330       0x33 Drivers\SDHC.o
 .ARM.attributes
                0x00000363       0x33 Drivers\lptmr.o
 .ARM.attributes
                0x00000396       0x33 FEHProteus.o
 .ARM.attributes
                0x000003c9       0x33 Drivers\FEHPropeller.o
 .ARM.attributes
                0x000003fc       0x33 Libraries\FEHUtility.o
 .ARM.attributes
                0x0000042f       0x33 Libraries\FEHIO.o
 .ARM.attributes
                0x00000462       0x33 Drivers\adc16.o
 .ARM.attributes
                0x00000495       0x33 Libraries\FEHBuzzer.o
 .ARM.attributes
                0x000004c8       0x33 Libraries\FEHServo.o
 .ARM.attributes
                0x000004fb       0x33 Libraries\FEHLCD.o
 .ARM.attributes
                0x0000052e       0x33 Libraries\FEHAccel.o
 .ARM.attributes
                0x00000561       0x33 Libraries\FEHBattery.o
 .ARM.attributes
                0x00000594       0x33 Drivers\FEHXBee.o
 .ARM.attributes
                0x000005c7       0x33 Libraries\FEHRPS.o
 .ARM.attributes
                0x000005fa       0x33 Libraries\FEHSD.o
 .ARM.attributes
                0x0000062d       0x33 C:\fehqt\Proteus/EWL/lib/armv7e-m\libc.a(sprintf.o)
 .ARM.attributes
                0x00000660       0x33 C:\fehqt\Proteus/EWL/lib/armv7e-m\libc.a(vsnprintf.o)
 .ARM.attributes
                0x00000693       0x33 C:\fehqt\Proteus/EWL/lib/armv7e-m\libc.a(exit.o)
 .ARM.attributes
                0x000006c6       0x33 C:\fehqt\Proteus/EWL/lib/armv7e-m\libc.a(memcpy.o)
 .ARM.attributes
                0x000006f9       0x33 C:\fehqt\Proteus/EWL/lib/armv7e-m\libc.a(memset.o)
 .ARM.attributes
                0x0000072c       0x33 C:\fehqt\Proteus/EWL/lib/armv7e-m\libc.a(strcpy.o)
 .ARM.attributes
                0x0000075f       0x33 C:\fehqt\Proteus/EWL/lib/armv7e-m\libc.a(strlen.o)
 .ARM.attributes
                0x00000792       0x33 C:\fehqt\Proteus/EWL/lib/armv7e-m\libc.a(printformat_.o)
 .ARM.attributes
                0x000007c5       0x33 C:\fehqt\Proteus/EWL/lib/armv7e-m\libc.a(scanformat_.o)
 .ARM.attributes
                0x000007f8       0x33 C:\fehqt\Proteus/EWL/lib/armv7e-m\libc.a(ctype_aeabi.o)
 .ARM.attributes
                0x0000082b       0x33 C:\fehqt\Proteus/EWL/lib/armv7e-m\libc.a(__strtoul.o)
 .ARM.attributes
                0x0000085e       0x33 C:\fehqt\Proteus/EWL/lib/armv7e-m\libc.a(__filll_mem.o)
 .ARM.attributes
                0x00000891       0x33 C:\fehqt\Proteus/EWL/lib/armv7e-m\libc.a(memchr.o)
 .ARM.attributes
                0x000008c4       0x33 C:\fehqt\Proteus/EWL/lib/armv7e-m\libc.a(strchr.o)
 .ARM.attributes
                0x000008f7       0x1e c:/fehqt/proteus/gcc/bin/../lib/gcc/arm-none-eabi/4.6.2/armv7e-m\libgcc.a(_arm_addsubdf3.o)
 .ARM.attributes
                0x00000915       0x1e c:/fehqt/proteus/gcc/bin/../lib/gcc/arm-none-eabi/4.6.2/armv7e-m\libgcc.a(_arm_muldivdf3.o)
 .ARM.attributes
                0x00000933       0x1e c:/fehqt/proteus/gcc/bin/../lib/gcc/arm-none-eabi/4.6.2/armv7e-m\libgcc.a(_arm_cmpdf2.o)
 .ARM.attributes
                0x00000951       0x1e c:/fehqt/proteus/gcc/bin/../lib/gcc/arm-none-eabi/4.6.2/armv7e-m\libgcc.a(_arm_fixdfsi.o)
 .ARM.attributes
                0x0000096f       0x1e c:/fehqt/proteus/gcc/bin/../lib/gcc/arm-none-eabi/4.6.2/armv7e-m\libgcc.a(_arm_fixunsdfsi.o)
 .ARM.attributes
                0x0000098d       0x1e c:/fehqt/proteus/gcc/bin/../lib/gcc/arm-none-eabi/4.6.2/armv7e-m\libgcc.a(_arm_truncdfsf2.o)
 .ARM.attributes
                0x000009ab       0x1e c:/fehqt/proteus/gcc/bin/../lib/gcc/arm-none-eabi/4.6.2/armv7e-m\libgcc.a(_arm_addsubsf3.o)
 .ARM.attributes
                0x000009c9       0x1e c:/fehqt/proteus/gcc/bin/../lib/gcc/arm-none-eabi/4.6.2/armv7e-m\libgcc.a(_arm_muldivsf3.o)
 .ARM.attributes
                0x000009e7       0x1e c:/fehqt/proteus/gcc/bin/../lib/gcc/arm-none-eabi/4.6.2/armv7e-m\libgcc.a(_arm_cmpsf2.o)
 .ARM.attributes
                0x00000a05       0x1e c:/fehqt/proteus/gcc/bin/../lib/gcc/arm-none-eabi/4.6.2/armv7e-m\libgcc.a(_arm_fixsfsi.o)
 .ARM.attributes
                0x00000a23       0x33 C:\fehqt\Proteus/EWL/lib/armv7e-m\librt.a(gcc_ctor_dtor.o)
 .ARM.attributes
                0x00000a56       0x33 C:\fehqt\Proteus/EWL/lib/armv7e-m\librt.a(ROMCopy.o)
 .ARM.attributes
                0x00000a89       0x33 C:\fehqt\Proteus/EWL/lib/armv7e-m\librt.a(__arm_eabi_init.o)
OUTPUT(../local-t4-feh-robot.elf elf32-littlearm)

.debug_info     0x00000000    0x1a3bf
 .debug_info    0x00000000      0xd88 ..\bump-switch-functions.o
 .debug_info    0x00000d88      0xee7 ..\cds-cell-functions.o
 .debug_info    0x00001c6f      0xde0 ..\full-course.o
 .debug_info    0x00002a4f      0xfea ..\other-functions.o
 .debug_info    0x00003a39      0xe88 ..\rps-functions.o
 .debug_info    0x000048c1      0xf20 ..\shaft-encoders-drive-functions.o
 .debug_info    0x000057e1      0xccb ..\time-drive-functions.o
 .debug_info    0x000064ac      0x77a ..\main.o
 .debug_info    0x00006c26     0x12c5 Startup\__arm_start.o
 .debug_info    0x00007eeb       0x58 Startup\__arm_end.o
 .debug_info    0x00007f43      0x61c Startup\kinetis_sysinit.o
 .debug_info    0x0000855f      0x335 Libraries\FEHMotor.o
 .debug_info    0x00008894      0x250 Drivers\i2c.o
 .debug_info    0x00008ae4      0x6cf Drivers\spi.o
 .debug_info    0x000091b3      0x59c Drivers\uart.o
 .debug_info    0x0000974f     0x1da0 Drivers\ff.o
 .debug_info    0x0000b4ef      0xf1d Drivers\SDHC.o
 .debug_info    0x0000c40c      0x2de Drivers\lptmr.o
 .debug_info    0x0000c6ea      0x1a7 FEHProteus.o
 .debug_info    0x0000c891      0x722 Drivers\FEHPropeller.o
 .debug_info    0x0000cfb3      0x36c Libraries\FEHUtility.o
 .debug_info    0x0000d31f     0x1c6a Libraries\FEHIO.o
 .debug_info    0x0000ef89      0x4ab Drivers\adc16.o
 .debug_info    0x0000f434      0xa42 Libraries\FEHBuzzer.o
 .debug_info    0x0000fe76     0x1500 Libraries\FEHServo.o
 .debug_info    0x00011376     0x2c25 Libraries\FEHLCD.o
 .debug_info    0x00013f9b      0x26a Libraries\FEHAccel.o
 .debug_info    0x00014205      0x3a9 Libraries\FEHBattery.o
 .debug_info    0x000145ae      0xac3 Drivers\FEHXBee.o
 .debug_info    0x00015071     0x1b23 Libraries\FEHRPS.o
 .debug_info    0x00016b94     0x16c8 Libraries\FEHSD.o
 .debug_info    0x0001825c      0x11f C:\fehqt\Proteus/EWL/lib/armv7e-m\libc.a(sprintf.o)
 .debug_info    0x0001837b      0x206 C:\fehqt\Proteus/EWL/lib/armv7e-m\libc.a(vsnprintf.o)
 .debug_info    0x00018581      0x103 C:\fehqt\Proteus/EWL/lib/armv7e-m\libc.a(exit.o)
 .debug_info    0x00018684      0x113 C:\fehqt\Proteus/EWL/lib/armv7e-m\libc.a(memcpy.o)
 .debug_info    0x00018797       0xf4 C:\fehqt\Proteus/EWL/lib/armv7e-m\libc.a(memset.o)
 .debug_info    0x0001888b      0x10a C:\fehqt\Proteus/EWL/lib/armv7e-m\libc.a(strcpy.o)
 .debug_info    0x00018995       0xf3 C:\fehqt\Proteus/EWL/lib/armv7e-m\libc.a(strlen.o)
 .debug_info    0x00018a88      0x512 C:\fehqt\Proteus/EWL/lib/armv7e-m\libc.a(printformat_.o)
 .debug_info    0x00018f9a      0x564 C:\fehqt\Proteus/EWL/lib/armv7e-m\libc.a(scanformat_.o)
 .debug_info    0x000194fe      0x32a C:\fehqt\Proteus/EWL/lib/armv7e-m\libc.a(ctype_aeabi.o)
 .debug_info    0x00019828      0x1d7 C:\fehqt\Proteus/EWL/lib/armv7e-m\libc.a(__strtoul.o)
 .debug_info    0x000199ff      0x13d C:\fehqt\Proteus/EWL/lib/armv7e-m\libc.a(__filll_mem.o)
 .debug_info    0x00019b3c      0x129 C:\fehqt\Proteus/EWL/lib/armv7e-m\libc.a(memchr.o)
 .debug_info    0x00019c65      0x110 C:\fehqt\Proteus/EWL/lib/armv7e-m\libc.a(strchr.o)
 .debug_info    0x00019d75      0x1c0 C:\fehqt\Proteus/EWL/lib/armv7e-m\librt.a(gcc_ctor_dtor.o)
 .debug_info    0x00019f35      0x1b8 C:\fehqt\Proteus/EWL/lib/armv7e-m\librt.a(ROMCopy.o)
 .debug_info    0x0001a0ed      0x2d2 C:\fehqt\Proteus/EWL/lib/armv7e-m\librt.a(__arm_eabi_init.o)

.debug_abbrev   0x00000000     0x4c70
 .debug_abbrev  0x00000000      0x20e ..\bump-switch-functions.o
 .debug_abbrev  0x0000020e      0x27a ..\cds-cell-functions.o
 .debug_abbrev  0x00000488      0x209 ..\full-course.o
 .debug_abbrev  0x00000691      0x250 ..\other-functions.o
 .debug_abbrev  0x000008e1      0x22d ..\rps-functions.o
 .debug_abbrev  0x00000b0e      0x1f8 ..\shaft-encoders-drive-functions.o
 .debug_abbrev  0x00000d06      0x1e3 ..\time-drive-functions.o
 .debug_abbrev  0x00000ee9      0x1cf ..\main.o
 .debug_abbrev  0x000010b8      0x28f Startup\__arm_start.o
 .debug_abbrev  0x00001347       0x45 Startup\__arm_end.o
 .debug_abbrev  0x0000138c      0x1c3 Startup\kinetis_sysinit.o
 .debug_abbrev  0x0000154f      0x18c Libraries\FEHMotor.o
 .debug_abbrev  0x000016db       0xfc Drivers\i2c.o
 .debug_abbrev  0x000017d7      0x18b Drivers\spi.o
 .debug_abbrev  0x00001962      0x15f Drivers\uart.o
 .debug_abbrev  0x00001ac1      0x18f Drivers\ff.o
 .debug_abbrev  0x00001c50      0x223 Drivers\SDHC.o
 .debug_abbrev  0x00001e73       0xd2 Drivers\lptmr.o
 .debug_abbrev  0x00001f45      0x101 FEHProteus.o
 .debug_abbrev  0x00002046      0x1c6 Drivers\FEHPropeller.o
 .debug_abbrev  0x0000220c      0x154 Libraries\FEHUtility.o
 .debug_abbrev  0x00002360      0x448 Libraries\FEHIO.o
 .debug_abbrev  0x000027a8      0x12a Drivers\adc16.o
 .debug_abbrev  0x000028d2      0x1da Libraries\FEHBuzzer.o
 .debug_abbrev  0x00002aac      0x312 Libraries\FEHServo.o
 .debug_abbrev  0x00002dbe      0x38c Libraries\FEHLCD.o
 .debug_abbrev  0x0000314a      0x13b Libraries\FEHAccel.o
 .debug_abbrev  0x00003285      0x1cb Libraries\FEHBattery.o
 .debug_abbrev  0x00003450      0x231 Drivers\FEHXBee.o
 .debug_abbrev  0x00003681      0x38c Libraries\FEHRPS.o
 .debug_abbrev  0x00003a0d      0x357 Libraries\FEHSD.o
 .debug_abbrev  0x00003d64       0xb5 C:\fehqt\Proteus/EWL/lib/armv7e-m\libc.a(sprintf.o)
 .debug_abbrev  0x00003e19       0xf4 C:\fehqt\Proteus/EWL/lib/armv7e-m\libc.a(vsnprintf.o)
 .debug_abbrev  0x00003f0d       0x8f C:\fehqt\Proteus/EWL/lib/armv7e-m\libc.a(exit.o)
 .debug_abbrev  0x00003f9c       0x97 C:\fehqt\Proteus/EWL/lib/armv7e-m\libc.a(memcpy.o)
 .debug_abbrev  0x00004033       0x66 C:\fehqt\Proteus/EWL/lib/armv7e-m\libc.a(memset.o)
 .debug_abbrev  0x00004099       0x7c C:\fehqt\Proteus/EWL/lib/armv7e-m\libc.a(strcpy.o)
 .debug_abbrev  0x00004115       0x7e C:\fehqt\Proteus/EWL/lib/armv7e-m\libc.a(strlen.o)
 .debug_abbrev  0x00004193      0x204 C:\fehqt\Proteus/EWL/lib/armv7e-m\libc.a(printformat_.o)
 .debug_abbrev  0x00004397      0x1fb C:\fehqt\Proteus/EWL/lib/armv7e-m\libc.a(scanformat_.o)
 .debug_abbrev  0x00004592       0x9a C:\fehqt\Proteus/EWL/lib/armv7e-m\libc.a(ctype_aeabi.o)
 .debug_abbrev  0x0000462c       0xc6 C:\fehqt\Proteus/EWL/lib/armv7e-m\libc.a(__strtoul.o)
 .debug_abbrev  0x000046f2       0x8b C:\fehqt\Proteus/EWL/lib/armv7e-m\libc.a(__filll_mem.o)
 .debug_abbrev  0x0000477d       0x99 C:\fehqt\Proteus/EWL/lib/armv7e-m\libc.a(memchr.o)
 .debug_abbrev  0x00004816       0x8d C:\fehqt\Proteus/EWL/lib/armv7e-m\libc.a(strchr.o)
 .debug_abbrev  0x000048a3       0x9d C:\fehqt\Proteus/EWL/lib/armv7e-m\librt.a(gcc_ctor_dtor.o)
 .debug_abbrev  0x00004940      0x160 C:\fehqt\Proteus/EWL/lib/armv7e-m\librt.a(ROMCopy.o)
 .debug_abbrev  0x00004aa0      0x1d0 C:\fehqt\Proteus/EWL/lib/armv7e-m\librt.a(__arm_eabi_init.o)

.debug_loc      0x00000000     0x6b7c
 .debug_loc     0x00000000       0x90 ..\bump-switch-functions.o
 .debug_loc     0x00000090       0xf4 ..\cds-cell-functions.o
 .debug_loc     0x00000184       0x3a ..\full-course.o
 .debug_loc     0x000001be       0xf4 ..\other-functions.o
 .debug_loc     0x000002b2      0x10c ..\rps-functions.o
 .debug_loc     0x000003be       0xac ..\shaft-encoders-drive-functions.o
 .debug_loc     0x0000046a       0xe0 ..\time-drive-functions.o
 .debug_loc     0x0000054a       0x90 ..\main.o
 .debug_loc     0x000005da       0xb0 Startup\__arm_start.o
 .debug_loc     0x0000068a       0x38 Startup\__arm_end.o
 .debug_loc     0x000006c2       0x84 Startup\kinetis_sysinit.o
 .debug_loc     0x00000746       0xe0 Libraries\FEHMotor.o
 .debug_loc     0x00000826       0xe0 Drivers\i2c.o
 .debug_loc     0x00000906      0x19c Drivers\spi.o
 .debug_loc     0x00000aa2       0xe0 Drivers\uart.o
 .debug_loc     0x00000b82      0xa96 Drivers\ff.o
 .debug_loc     0x00001618      0x370 Drivers\SDHC.o
 .debug_loc     0x00001988       0x38 Drivers\lptmr.o
 .debug_loc     0x000019c0       0x64 FEHProteus.o
 .debug_loc     0x00001a24      0x118 Drivers\FEHPropeller.o
 .debug_loc     0x00001b3c      0x1a8 Libraries\FEHUtility.o
 .debug_loc     0x00001ce4      0x8d6 Libraries\FEHIO.o
 .debug_loc     0x000025ba       0xa8 Drivers\adc16.o
 .debug_loc     0x00002662      0x304 Libraries\FEHBuzzer.o
 .debug_loc     0x00002966      0x1fa Libraries\FEHServo.o
 .debug_loc     0x00002b60     0x1147 Libraries\FEHLCD.o
 .debug_loc     0x00003ca7      0x144 Libraries\FEHAccel.o
 .debug_loc     0x00003deb       0xd4 Libraries\FEHBattery.o
 .debug_loc     0x00003ebf      0x1c0 Drivers\FEHXBee.o
 .debug_loc     0x0000407f      0x3e8 Libraries\FEHRPS.o
 .debug_loc     0x00004467      0x24a Libraries\FEHSD.o
 .debug_loc     0x000046b1       0x3f C:\fehqt\Proteus/EWL/lib/armv7e-m\libc.a(sprintf.o)
 .debug_loc     0x000046f0      0x105 C:\fehqt\Proteus/EWL/lib/armv7e-m\libc.a(vsnprintf.o)
 .debug_loc     0x000047f5       0x3e C:\fehqt\Proteus/EWL/lib/armv7e-m\libc.a(exit.o)
 .debug_loc     0x00004833       0x46 C:\fehqt\Proteus/EWL/lib/armv7e-m\libc.a(memcpy.o)
 .debug_loc     0x00004879       0x64 C:\fehqt\Proteus/EWL/lib/armv7e-m\libc.a(memset.o)
 .debug_loc     0x000048dd       0x20 C:\fehqt\Proteus/EWL/lib/armv7e-m\libc.a(strcpy.o)
 .debug_loc     0x000048fd       0x31 C:\fehqt\Proteus/EWL/lib/armv7e-m\libc.a(strlen.o)
 .debug_loc     0x0000492e     0x106f C:\fehqt\Proteus/EWL/lib/armv7e-m\libc.a(printformat_.o)
 .debug_loc     0x0000599d      0x8cb C:\fehqt\Proteus/EWL/lib/armv7e-m\libc.a(scanformat_.o)
 .debug_loc     0x00006268      0x18e C:\fehqt\Proteus/EWL/lib/armv7e-m\libc.a(ctype_aeabi.o)
 .debug_loc     0x000063f6      0x2ad C:\fehqt\Proteus/EWL/lib/armv7e-m\libc.a(__strtoul.o)
 .debug_loc     0x000066a3      0x12c C:\fehqt\Proteus/EWL/lib/armv7e-m\libc.a(__filll_mem.o)
 .debug_loc     0x000067cf       0x82 C:\fehqt\Proteus/EWL/lib/armv7e-m\libc.a(memchr.o)
 .debug_loc     0x00006851       0x78 C:\fehqt\Proteus/EWL/lib/armv7e-m\libc.a(strchr.o)
 .debug_loc     0x000068c9       0xbe C:\fehqt\Proteus/EWL/lib/armv7e-m\librt.a(gcc_ctor_dtor.o)
 .debug_loc     0x00006987       0x9b C:\fehqt\Proteus/EWL/lib/armv7e-m\librt.a(ROMCopy.o)
 .debug_loc     0x00006a22      0x15a C:\fehqt\Proteus/EWL/lib/armv7e-m\librt.a(__arm_eabi_init.o)

.debug_aranges  0x00000000     0x1028
 .debug_aranges
                0x00000000       0x30 ..\bump-switch-functions.o
 .debug_aranges
                0x00000030       0x40 ..\cds-cell-functions.o
 .debug_aranges
                0x00000070       0x20 ..\full-course.o
 .debug_aranges
                0x00000090       0x40 ..\other-functions.o
 .debug_aranges
                0x000000d0       0x40 ..\rps-functions.o
 .debug_aranges
                0x00000110       0x30 ..\shaft-encoders-drive-functions.o
 .debug_aranges
                0x00000140       0x38 ..\time-drive-functions.o
 .debug_aranges
                0x00000178       0x30 ..\main.o
 .debug_aranges
                0x000001a8       0x48 Startup\__arm_start.o
 .debug_aranges
                0x000001f0       0x20 Startup\__arm_end.o
 .debug_aranges
                0x00000210       0x30 Startup\kinetis_sysinit.o
 .debug_aranges
                0x00000240       0x38 Libraries\FEHMotor.o
 .debug_aranges
                0x00000278       0x38 Drivers\i2c.o
 .debug_aranges
                0x000002b0       0x58 Drivers\spi.o
 .debug_aranges
                0x00000308       0x38 Drivers\uart.o
 .debug_aranges
                0x00000340      0x198 Drivers\ff.o
 .debug_aranges
                0x000004d8       0x98 Drivers\SDHC.o
 .debug_aranges
                0x00000570       0x20 Drivers\lptmr.o
 .debug_aranges
                0x00000590       0x28 FEHProteus.o
 .debug_aranges
                0x000005b8       0x40 Drivers\FEHPropeller.o
 .debug_aranges
                0x000005f8       0x58 Libraries\FEHUtility.o
 .debug_aranges
                0x00000650      0x160 Libraries\FEHIO.o
 .debug_aranges
                0x000007b0       0x30 Drivers\adc16.o
 .debug_aranges
                0x000007e0       0x88 Libraries\FEHBuzzer.o
 .debug_aranges
                0x00000868       0x60 Libraries\FEHServo.o
 .debug_aranges
                0x000008c8      0x290 Libraries\FEHLCD.o
 .debug_aranges
                0x00000b58       0x48 Libraries\FEHAccel.o
 .debug_aranges
                0x00000ba0       0x38 Libraries\FEHBattery.o
 .debug_aranges
                0x00000bd8       0x58 Drivers\FEHXBee.o
 .debug_aranges
                0x00000c30       0xa8 Libraries\FEHRPS.o
 .debug_aranges
                0x00000cd8       0x68 Libraries\FEHSD.o
 .debug_aranges
                0x00000d40       0x20 C:\fehqt\Proteus/EWL/lib/armv7e-m\libc.a(sprintf.o)
 .debug_aranges
                0x00000d60       0x28 C:\fehqt\Proteus/EWL/lib/armv7e-m\libc.a(vsnprintf.o)
 .debug_aranges
                0x00000d88       0x20 C:\fehqt\Proteus/EWL/lib/armv7e-m\libc.a(exit.o)
 .debug_aranges
                0x00000da8       0x20 C:\fehqt\Proteus/EWL/lib/armv7e-m\libc.a(memcpy.o)
 .debug_aranges
                0x00000dc8       0x20 C:\fehqt\Proteus/EWL/lib/armv7e-m\libc.a(memset.o)
 .debug_aranges
                0x00000de8       0x20 C:\fehqt\Proteus/EWL/lib/armv7e-m\libc.a(strcpy.o)
 .debug_aranges
                0x00000e08       0x20 C:\fehqt\Proteus/EWL/lib/armv7e-m\libc.a(strlen.o)
 .debug_aranges
                0x00000e28       0x28 C:\fehqt\Proteus/EWL/lib/armv7e-m\libc.a(printformat_.o)
 .debug_aranges
                0x00000e50       0x20 C:\fehqt\Proteus/EWL/lib/armv7e-m\libc.a(scanformat_.o)
 .debug_aranges
                0x00000e70       0x88 C:\fehqt\Proteus/EWL/lib/armv7e-m\libc.a(ctype_aeabi.o)
 .debug_aranges
                0x00000ef8       0x20 C:\fehqt\Proteus/EWL/lib/armv7e-m\libc.a(__strtoul.o)
 .debug_aranges
                0x00000f18       0x20 C:\fehqt\Proteus/EWL/lib/armv7e-m\libc.a(__filll_mem.o)
 .debug_aranges
                0x00000f38       0x20 C:\fehqt\Proteus/EWL/lib/armv7e-m\libc.a(memchr.o)
 .debug_aranges
                0x00000f58       0x20 C:\fehqt\Proteus/EWL/lib/armv7e-m\libc.a(strchr.o)
 .debug_aranges
                0x00000f78       0x28 C:\fehqt\Proteus/EWL/lib/armv7e-m\librt.a(gcc_ctor_dtor.o)
 .debug_aranges
                0x00000fa0       0x30 C:\fehqt\Proteus/EWL/lib/armv7e-m\librt.a(ROMCopy.o)
 .debug_aranges
                0x00000fd0       0x58 C:\fehqt\Proteus/EWL/lib/armv7e-m\librt.a(__arm_eabi_init.o)

.debug_line     0x00000000     0x93d1
 .debug_line    0x00000000      0x30b ..\bump-switch-functions.o
 .debug_line    0x0000030b      0x340 ..\cds-cell-functions.o
 .debug_line    0x0000064b      0x3a1 ..\full-course.o
 .debug_line    0x000009ec      0x2ee ..\other-functions.o
 .debug_line    0x00000cda      0x3fc ..\rps-functions.o
 .debug_line    0x000010d6      0x346 ..\shaft-encoders-drive-functions.o
 .debug_line    0x0000141c      0x2cd ..\time-drive-functions.o
 .debug_line    0x000016e9      0x3fe ..\main.o
 .debug_line    0x00001ae7      0x3ad Startup\__arm_start.o
 .debug_line    0x00001e94      0x21a Startup\__arm_end.o
 .debug_line    0x000020ae      0x291 Startup\kinetis_sysinit.o
 .debug_line    0x0000233f      0x237 Libraries\FEHMotor.o
 .debug_line    0x00002576      0x2ad Drivers\i2c.o
 .debug_line    0x00002823      0x295 Drivers\spi.o
 .debug_line    0x00002ab8      0x212 Drivers\uart.o
 .debug_line    0x00002cca     0x1114 Drivers\ff.o
 .debug_line    0x00003dde      0x678 Drivers\SDHC.o
 .debug_line    0x00004456      0x1c0 Drivers\lptmr.o
 .debug_line    0x00004616      0x1da FEHProteus.o
 .debug_line    0x000047f0      0x264 Drivers\FEHPropeller.o
 .debug_line    0x00004a54      0x282 Libraries\FEHUtility.o
 .debug_line    0x00004cd6      0x6ee Libraries\FEHIO.o
 .debug_line    0x000053c4      0x20f Drivers\adc16.o
 .debug_line    0x000055d3      0x2df Libraries\FEHBuzzer.o
 .debug_line    0x000058b2      0x545 Libraries\FEHServo.o
 .debug_line    0x00005df7     0x1151 Libraries\FEHLCD.o
 .debug_line    0x00006f48      0x23f Libraries\FEHAccel.o
 .debug_line    0x00007187      0x218 Libraries\FEHBattery.o
 .debug_line    0x0000739f      0x349 Drivers\FEHXBee.o
 .debug_line    0x000076e8      0x746 Libraries\FEHRPS.o
 .debug_line    0x00007e2e      0x3fa Libraries\FEHSD.o
 .debug_line    0x00008228       0x94 C:\fehqt\Proteus/EWL/lib/armv7e-m\libc.a(sprintf.o)
 .debug_line    0x000082bc       0xd2 C:\fehqt\Proteus/EWL/lib/armv7e-m\libc.a(vsnprintf.o)
 .debug_line    0x0000838e       0x94 C:\fehqt\Proteus/EWL/lib/armv7e-m\libc.a(exit.o)
 .debug_line    0x00008422       0x8d C:\fehqt\Proteus/EWL/lib/armv7e-m\libc.a(memcpy.o)
 .debug_line    0x000084af       0x8f C:\fehqt\Proteus/EWL/lib/armv7e-m\libc.a(memset.o)
 .debug_line    0x0000853e       0x8e C:\fehqt\Proteus/EWL/lib/armv7e-m\libc.a(strcpy.o)
 .debug_line    0x000085cc       0x89 C:\fehqt\Proteus/EWL/lib/armv7e-m\libc.a(strlen.o)
 .debug_line    0x00008655      0x2c6 C:\fehqt\Proteus/EWL/lib/armv7e-m\libc.a(printformat_.o)
 .debug_line    0x0000891b      0x2e3 C:\fehqt\Proteus/EWL/lib/armv7e-m\libc.a(scanformat_.o)
 .debug_line    0x00008bfe      0x1dd C:\fehqt\Proteus/EWL/lib/armv7e-m\libc.a(ctype_aeabi.o)
 .debug_line    0x00008ddb      0x141 C:\fehqt\Proteus/EWL/lib/armv7e-m\libc.a(__strtoul.o)
 .debug_line    0x00008f1c      0x121 C:\fehqt\Proteus/EWL/lib/armv7e-m\libc.a(__filll_mem.o)
 .debug_line    0x0000903d       0xa3 C:\fehqt\Proteus/EWL/lib/armv7e-m\libc.a(memchr.o)
 .debug_line    0x000090e0       0x84 C:\fehqt\Proteus/EWL/lib/armv7e-m\libc.a(strchr.o)
 .debug_line    0x00009164       0x94 C:\fehqt\Proteus/EWL/lib/armv7e-m\librt.a(gcc_ctor_dtor.o)
 .debug_line    0x000091f8       0xc0 C:\fehqt\Proteus/EWL/lib/armv7e-m\librt.a(ROMCopy.o)
 .debug_line    0x000092b8      0x119 C:\fehqt\Proteus/EWL/lib/armv7e-m\librt.a(__arm_eabi_init.o)

.debug_macinfo  0x00000000   0xb5bdac
 .debug_macinfo
                0x00000000    0x64958 ..\bump-switch-functions.o
 .debug_macinfo
                0x00064958    0x64958 ..\cds-cell-functions.o
 .debug_macinfo
                0x000c92b0    0x64a1c ..\full-course.o
 .debug_macinfo
                0x0012dccc    0x64972 ..\other-functions.o
 .debug_macinfo
                0x0019263e    0x6497d ..\rps-functions.o
 .debug_macinfo
                0x001f6fbb    0x64958 ..\shaft-encoders-drive-functions.o
 .debug_macinfo
                0x0025b913    0x64958 ..\time-drive-functions.o
 .debug_macinfo
                0x002c026b    0x64ad7 ..\main.o
 .debug_macinfo
                0x00324d42    0x647fb Startup\__arm_start.o
 .debug_macinfo
                0x0038953d     0x3464 Startup\__arm_end.o
 .debug_macinfo
                0x0038c9a1    0x64cce Startup\kinetis_sysinit.o
 .debug_macinfo
                0x003f166f    0x6305c Libraries\FEHMotor.o
 .debug_macinfo
                0x004546cb    0x6318f Drivers\i2c.o
 .debug_macinfo
                0x004b785a    0x62fd6 Drivers\spi.o
 .debug_macinfo
                0x0051a830    0x62fc7 Drivers\uart.o
 .debug_macinfo
                0x0057d7f7     0x4396 Drivers\ff.o
 .debug_macinfo
                0x00581b8d    0x6452b Drivers\SDHC.o
 .debug_macinfo
                0x005e60b8    0x63036 Drivers\lptmr.o
 .debug_macinfo
                0x006490ee    0x62fdc FEHProteus.o
 .debug_macinfo
                0x006ac0ca    0x63085 Drivers\FEHPropeller.o
 .debug_macinfo
                0x0070f14f    0x62ff1 Libraries\FEHUtility.o
 .debug_macinfo
                0x00772140    0x64348 Libraries\FEHIO.o
 .debug_macinfo
                0x007d6488    0x63678 Drivers\adc16.o
 .debug_macinfo
                0x00839b00    0x6301e Libraries\FEHBuzzer.o
 .debug_macinfo
                0x0089cb1e    0x64476 Libraries\FEHServo.o
 .debug_macinfo
                0x00900f94    0x649ab Libraries\FEHLCD.o
 .debug_macinfo
                0x0096593f    0x631be Libraries\FEHAccel.o
 .debug_macinfo
                0x009c8afd    0x636a3 Libraries\FEHBattery.o
 .debug_macinfo
                0x00a2c1a0    0x63d5d Drivers\FEHXBee.o
 .debug_macinfo
                0x00a8fefd    0x66196 Libraries\FEHRPS.o
 .debug_macinfo
                0x00af6093    0x65d19 Libraries\FEHSD.o

.debug_str      0x00000000     0x54c3
 .debug_str     0x00000000      0xd9e ..\bump-switch-functions.o
                                0xe25 (size before relaxing)
 .debug_str     0x00000d9e      0x365 ..\cds-cell-functions.o
                                0xf46 (size before relaxing)
 .debug_str     0x00001103      0x1f2 ..\full-course.o
                                0xe89 (size before relaxing)
 .debug_str     0x000012f5      0x3e4 ..\other-functions.o
                               0x108c (size before relaxing)
 .debug_str     0x000016d9       0xe4 ..\rps-functions.o
                                0xf0a (size before relaxing)
 .debug_str     0x000017bd      0x26d ..\shaft-encoders-drive-functions.o
                                0xf3b (size before relaxing)
 .debug_str     0x00001a2a       0xb0 ..\time-drive-functions.o
                                0xcd7 (size before relaxing)
 .debug_str     0x00001ada       0x67 ..\main.o
                                0x77d (size before relaxing)
 .debug_str     0x00001b41      0x346 Startup\__arm_start.o
                                0xe6c (size before relaxing)
 .debug_str     0x00001e87       0x23 Startup\__arm_end.o
                                 0xc0 (size before relaxing)
 .debug_str     0x00001eaa      0x23a Startup\kinetis_sysinit.o
                                0x3e1 (size before relaxing)
 .debug_str     0x000020e4       0x2f Libraries\FEHMotor.o
                                0x2de (size before relaxing)
 .debug_str     0x00002113      0x11a Drivers\i2c.o
                                0x207 (size before relaxing)
 .debug_str     0x0000222d      0x18b Drivers\spi.o
                                0x3c0 (size before relaxing)
 .debug_str     0x000023b8      0x188 Drivers\uart.o
                                0x355 (size before relaxing)
 .debug_str     0x00002540      0x6b0 Drivers\ff.o
                                0x858 (size before relaxing)
 .debug_str     0x00002bf0      0x546 Drivers\SDHC.o
                                0x82e (size before relaxing)
 .debug_str     0x00003136       0x5a Drivers\lptmr.o
                                0x20e (size before relaxing)
 .debug_str     0x00003190       0x28 FEHProteus.o
                                0x25a (size before relaxing)
 .debug_str     0x000031b8       0x25 Drivers\FEHPropeller.o
                                0x39b (size before relaxing)
 .debug_str     0x000031dd       0xc0 Libraries\FEHUtility.o
                                0x1df (size before relaxing)
 .debug_str     0x0000329d      0xcf1 Libraries\FEHIO.o
                               0x12b0 (size before relaxing)
 .debug_str     0x00003f8e       0xd7 Drivers\adc16.o
                                0x29f (size before relaxing)
 .debug_str     0x00004065      0x1ba Libraries\FEHBuzzer.o
                                0x3b1 (size before relaxing)
 .debug_str     0x0000421f      0x245 Libraries\FEHServo.o
                               0x1111 (size before relaxing)
 .debug_str     0x00004464      0x2c3 Libraries\FEHLCD.o
                               0x1112 (size before relaxing)
 .debug_str     0x00004727       0x68 Libraries\FEHAccel.o
                                0x1a3 (size before relaxing)
 .debug_str     0x0000478f       0x55 Libraries\FEHBattery.o
                                0x364 (size before relaxing)
 .debug_str     0x000047e4       0xfd Drivers\FEHXBee.o
                                0x54a (size before relaxing)
 .debug_str     0x000048e1      0x1df Libraries\FEHRPS.o
                               0x160b (size before relaxing)
 .debug_str     0x00004ac0       0x9c Libraries\FEHSD.o
                               0x116b (size before relaxing)
 .debug_str     0x00004b5c       0xab C:\fehqt\Proteus/EWL/lib/armv7e-m\libc.a(sprintf.o)
                                0x15a (size before relaxing)
 .debug_str     0x00004c07       0x83 C:\fehqt\Proteus/EWL/lib/armv7e-m\libc.a(vsnprintf.o)
                                0x1c3 (size before relaxing)
 .debug_str     0x00004c8a       0x2e C:\fehqt\Proteus/EWL/lib/armv7e-m\libc.a(exit.o)
                                0x14e (size before relaxing)
 .debug_str     0x00004cb8       0x1c C:\fehqt\Proteus/EWL/lib/armv7e-m\libc.a(memcpy.o)
                                0x138 (size before relaxing)
 .debug_str     0x00004cd4       0x1c C:\fehqt\Proteus/EWL/lib/armv7e-m\libc.a(memset.o)
                                0x140 (size before relaxing)
 .debug_str     0x00004cf0       0x24 C:\fehqt\Proteus/EWL/lib/armv7e-m\libc.a(strcpy.o)
                                0x139 (size before relaxing)
 .debug_str     0x00004d14       0x1c C:\fehqt\Proteus/EWL/lib/armv7e-m\libc.a(strlen.o)
                                0x140 (size before relaxing)
 .debug_str     0x00004d30      0x21a C:\fehqt\Proteus/EWL/lib/armv7e-m\libc.a(printformat_.o)
                                0x3aa (size before relaxing)
 .debug_str     0x00004f4a      0x17b C:\fehqt\Proteus/EWL/lib/armv7e-m\libc.a(scanformat_.o)
                                0x3f0 (size before relaxing)
 .debug_str     0x000050c5       0x9d C:\fehqt\Proteus/EWL/lib/armv7e-m\libc.a(ctype_aeabi.o)
                                0x1b3 (size before relaxing)
 .debug_str     0x00005162       0x55 C:\fehqt\Proteus/EWL/lib/armv7e-m\libc.a(__strtoul.o)
                                0x1f2 (size before relaxing)
 .debug_str     0x000051b7       0x25 C:\fehqt\Proteus/EWL/lib/armv7e-m\libc.a(__filll_mem.o)
                                0x152 (size before relaxing)
 .debug_str     0x000051dc       0x1c C:\fehqt\Proteus/EWL/lib/armv7e-m\libc.a(memchr.o)
                                0x148 (size before relaxing)
 .debug_str     0x000051f8       0x1c C:\fehqt\Proteus/EWL/lib/armv7e-m\libc.a(strchr.o)
                                0x137 (size before relaxing)
 .debug_str     0x00005214      0x126 C:\fehqt\Proteus/EWL/lib/armv7e-m\librt.a(gcc_ctor_dtor.o)
                                0x185 (size before relaxing)
 .debug_str     0x0000533a       0x96 C:\fehqt\Proteus/EWL/lib/armv7e-m\librt.a(ROMCopy.o)
                                0x140 (size before relaxing)
 .debug_str     0x000053d0       0xf3 C:\fehqt\Proteus/EWL/lib/armv7e-m\librt.a(__arm_eabi_init.o)
                                0x1ac (size before relaxing)

.comment        0x00000000       0x79
 .comment       0x00000000       0x79 ..\bump-switch-functions.o
                                 0x7a (size before relaxing)
 .comment       0x00000000       0x7a ..\cds-cell-functions.o
 .comment       0x00000000       0x7a ..\full-course.o
 .comment       0x00000000       0x7a ..\other-functions.o
 .comment       0x00000000       0x7a ..\rps-functions.o
 .comment       0x00000000       0x7a ..\shaft-encoders-drive-functions.o
 .comment       0x00000000       0x7a ..\time-drive-functions.o
 .comment       0x00000000       0x7a ..\main.o
 .comment       0x00000000       0x7a Startup\__arm_start.o
 .comment       0x00000000       0x7a Startup\__arm_end.o
 .comment       0x00000000       0x7a Startup\kinetis_sysinit.o
 .comment       0x00000000       0x7a Libraries\FEHMotor.o
 .comment       0x00000000       0x7a Drivers\i2c.o
 .comment       0x00000000       0x7a Drivers\spi.o
 .comment       0x00000000       0x7a Drivers\uart.o
 .comment       0x00000000       0x7a Drivers\ff.o
 .comment       0x00000000       0x7a Drivers\SDHC.o
 .comment       0x00000000       0x7a Drivers\lptmr.o
 .comment       0x00000000       0x7a FEHProteus.o
 .comment       0x00000000       0x7a Drivers\FEHPropeller.o
 .comment       0x00000000       0x7a Libraries\FEHUtility.o
 .comment       0x00000000       0x7a Libraries\FEHIO.o
 .comment       0x00000000       0x7a Drivers\adc16.o
 .comment       0x00000000       0x7a Libraries\FEHBuzzer.o
 .comment       0x00000000       0x7a Libraries\FEHServo.o
 .comment       0x00000000       0x7a Libraries\FEHLCD.o
 .comment       0x00000000       0x7a Libraries\FEHAccel.o
 .comment       0x00000000       0x7a Libraries\FEHBattery.o
 .comment       0x00000000       0x7a Drivers\FEHXBee.o
 .comment       0x00000000       0x7a Libraries\FEHRPS.o
 .comment       0x00000000       0x7a Libraries\FEHSD.o
 .comment       0x00000000       0x7a C:\fehqt\Proteus/EWL/lib/armv7e-m\libc.a(sprintf.o)
 .comment       0x00000000       0x7a C:\fehqt\Proteus/EWL/lib/armv7e-m\libc.a(vsnprintf.o)
 .comment       0x00000000       0x7a C:\fehqt\Proteus/EWL/lib/armv7e-m\libc.a(exit.o)
 .comment       0x00000000       0x7a C:\fehqt\Proteus/EWL/lib/armv7e-m\libc.a(memcpy.o)
 .comment       0x00000000       0x7a C:\fehqt\Proteus/EWL/lib/armv7e-m\libc.a(memset.o)
 .comment       0x00000000       0x7a C:\fehqt\Proteus/EWL/lib/armv7e-m\libc.a(strcpy.o)
 .comment       0x00000000       0x7a C:\fehqt\Proteus/EWL/lib/armv7e-m\libc.a(strlen.o)
 .comment       0x00000000       0x7a C:\fehqt\Proteus/EWL/lib/armv7e-m\libc.a(printformat_.o)
 .comment       0x00000000       0x7a C:\fehqt\Proteus/EWL/lib/armv7e-m\libc.a(scanformat_.o)
 .comment       0x00000000       0x7a C:\fehqt\Proteus/EWL/lib/armv7e-m\libc.a(ctype_aeabi.o)
 .comment       0x00000000       0x7a C:\fehqt\Proteus/EWL/lib/armv7e-m\libc.a(__strtoul.o)
 .comment       0x00000000       0x7a C:\fehqt\Proteus/EWL/lib/armv7e-m\libc.a(__filll_mem.o)
 .comment       0x00000000       0x7a C:\fehqt\Proteus/EWL/lib/armv7e-m\libc.a(memchr.o)
 .comment       0x00000000       0x7a C:\fehqt\Proteus/EWL/lib/armv7e-m\libc.a(strchr.o)
 .comment       0x00000000       0x7a C:\fehqt\Proteus/EWL/lib/armv7e-m\librt.a(gcc_ctor_dtor.o)
 .comment       0x00000000       0x7a C:\fehqt\Proteus/EWL/lib/armv7e-m\librt.a(ROMCopy.o)
 .comment       0x00000000       0x7a C:\fehqt\Proteus/EWL/lib/armv7e-m\librt.a(__arm_eabi_init.o)

.debug_frame    0x00000000     0x2e78
 .debug_frame   0x00000000       0x6c ..\bump-switch-functions.o
 .debug_frame   0x0000006c       0xb0 ..\cds-cell-functions.o
 .debug_frame   0x0000011c       0x30 ..\full-course.o
 .debug_frame   0x0000014c       0xa4 ..\other-functions.o
 .debug_frame   0x000001f0       0xbc ..\rps-functions.o
 .debug_frame   0x000002ac       0x78 ..\shaft-encoders-drive-functions.o
 .debug_frame   0x00000324       0x98 ..\time-drive-functions.o
 .debug_frame   0x000003bc       0x68 ..\main.o
 .debug_frame   0x00000424       0x98 Startup\__arm_start.o
 .debug_frame   0x000004bc       0x2c Startup\__arm_end.o
 .debug_frame   0x000004e8       0x5c Startup\kinetis_sysinit.o
 .debug_frame   0x00000544       0x94 Libraries\FEHMotor.o
 .debug_frame   0x000005d8       0x88 Drivers\i2c.o
 .debug_frame   0x00000660       0xf8 Drivers\spi.o
 .debug_frame   0x00000758       0x84 Drivers\uart.o
 .debug_frame   0x000007dc      0x5e8 Drivers\ff.o
 .debug_frame   0x00000dc4      0x1e8 Drivers\SDHC.o
 .debug_frame   0x00000fac       0x2c Drivers\lptmr.o
 .debug_frame   0x00000fd8       0x4c FEHProteus.o
 .debug_frame   0x00001024       0xa8 Drivers\FEHPropeller.o
 .debug_frame   0x000010cc       0xf8 Libraries\FEHUtility.o
 .debug_frame   0x000011c4      0x4e8 Libraries\FEHIO.o
 .debug_frame   0x000016ac       0x64 Drivers\adc16.o
 .debug_frame   0x00001710      0x1c8 Libraries\FEHBuzzer.o
 .debug_frame   0x000018d8      0x12c Libraries\FEHServo.o
 .debug_frame   0x00001a04      0x9c0 Libraries\FEHLCD.o
 .debug_frame   0x000023c4       0xd8 Libraries\FEHAccel.o
 .debug_frame   0x0000249c       0x8c Libraries\FEHBattery.o
 .debug_frame   0x00002528       0xfc Drivers\FEHXBee.o
 .debug_frame   0x00002624      0x230 Libraries\FEHRPS.o
 .debug_frame   0x00002854      0x168 Libraries\FEHSD.o
 .debug_frame   0x000029bc       0x34 C:\fehqt\Proteus/EWL/lib/armv7e-m\libc.a(sprintf.o)
 .debug_frame   0x000029f0       0x4c C:\fehqt\Proteus/EWL/lib/armv7e-m\libc.a(vsnprintf.o)
 .debug_frame   0x00002a3c       0x28 C:\fehqt\Proteus/EWL/lib/armv7e-m\libc.a(exit.o)
 .debug_frame   0x00002a64       0x28 C:\fehqt\Proteus/EWL/lib/armv7e-m\libc.a(memcpy.o)
 .debug_frame   0x00002a8c       0x28 C:\fehqt\Proteus/EWL/lib/armv7e-m\libc.a(memset.o)
 .debug_frame   0x00002ab4       0x28 C:\fehqt\Proteus/EWL/lib/armv7e-m\libc.a(strcpy.o)
 .debug_frame   0x00002adc       0x20 C:\fehqt\Proteus/EWL/lib/armv7e-m\libc.a(strlen.o)
 .debug_frame   0x00002afc       0x64 C:\fehqt\Proteus/EWL/lib/armv7e-m\libc.a(printformat_.o)
 .debug_frame   0x00002b60       0x3c C:\fehqt\Proteus/EWL/lib/armv7e-m\libc.a(scanformat_.o)
 .debug_frame   0x00002b9c       0xf0 C:\fehqt\Proteus/EWL/lib/armv7e-m\libc.a(ctype_aeabi.o)
 .debug_frame   0x00002c8c       0x3c C:\fehqt\Proteus/EWL/lib/armv7e-m\libc.a(__strtoul.o)
 .debug_frame   0x00002cc8       0x2c C:\fehqt\Proteus/EWL/lib/armv7e-m\libc.a(__filll_mem.o)
 .debug_frame   0x00002cf4       0x28 C:\fehqt\Proteus/EWL/lib/armv7e-m\libc.a(memchr.o)
 .debug_frame   0x00002d1c       0x20 C:\fehqt\Proteus/EWL/lib/armv7e-m\libc.a(strchr.o)
 .debug_frame   0x00002d3c       0x48 C:\fehqt\Proteus/EWL/lib/armv7e-m\librt.a(gcc_ctor_dtor.o)
 .debug_frame   0x00002d84       0x48 C:\fehqt\Proteus/EWL/lib/armv7e-m\librt.a(ROMCopy.o)
 .debug_frame   0x00002dcc       0xac C:\fehqt\Proteus/EWL/lib/armv7e-m\librt.a(__arm_eabi_init.o)