Archive member included because of file (symbol)

C:\fehqt\Proteus/EWL/lib/armv7e-m\libc.a(sprintf.o)
                              Libraries\FEHLCD.o (sprintf)
C:\fehqt\Proteus/EWL/lib/armv7e-m\libc.a(vsnprintf.o)
                              C:\fehqt\Proteus/EWL/lib/armv7e-m\libc.a(sprintf.o) (vsnprintf)
C:\fehqt\Proteus/EWL/lib/armv7e-m\libc.a(vsscanf.o)
                              Libraries\FEHSD.o (vsscanf)
C:\fehqt\Proteus/EWL/lib/armv7e-m\libc.a(exit.o)
                              Startup\__arm_start.o (exit)
C:\fehqt\Proteus/EWL/lib/armv7e-m\libc.a(memcpy.o)
                              C:\fehqt\Proteus/EWL/lib/armv7e-m\libc.a(vsnprintf.o) (memcpy)
C:\fehqt\Proteus/EWL/lib/armv7e-m\libc.a(memset.o)
                              Startup\__arm_start.o (memset)
C:\fehqt\Proteus/EWL/lib/armv7e-m\libc.a(strcmp.o)
                              Libraries\FEHLCD.o (strcmp)
C:\fehqt\Proteus/EWL/lib/armv7e-m\libc.a(strcpy.o)
                              Libraries\FEHLCD.o (strcpy)
C:\fehqt\Proteus/EWL/lib/armv7e-m\libc.a(strlen.o)
                              Libraries\FEHLCD.o (strlen)
C:\fehqt\Proteus/EWL/lib/armv7e-m\libc.a(printformat_.o)
                              (__pformatter_)
C:\fehqt\Proteus/EWL/lib/armv7e-m\libc.a(scanformat_.o)
                              (__sformatter)
C:\fehqt\Proteus/EWL/lib/armv7e-m\libc.a(ctype_aeabi.o)
                              C:\fehqt\Proteus/EWL/lib/armv7e-m\libc.a(scanformat_.o) (isspace)
C:\fehqt\Proteus/EWL/lib/armv7e-m\libc.a(__strtoul.o)
                              C:\fehqt\Proteus/EWL/lib/armv7e-m\libc.a(scanformat_.o) (__strtoul)
C:\fehqt\Proteus/EWL/lib/armv7e-m\libc.a(__filll_mem.o)
                              C:\fehqt\Proteus/EWL/lib/armv7e-m\libc.a(memset.o) (__fill_mem)
C:\fehqt\Proteus/EWL/lib/armv7e-m\libc.a(memchr.o)
                              C:\fehqt\Proteus/EWL/lib/armv7e-m\libc.a(printformat_.o) (memchr)
C:\fehqt\Proteus/EWL/lib/armv7e-m\libc.a(strchr.o)
                              C:\fehqt\Proteus/EWL/lib/armv7e-m\libc.a(printformat_.o) (strchr)
c:/fehqt/proteus/gcc/bin/../lib/gcc/arm-none-eabi/4.6.2/armv7e-m\libgcc.a(_arm_addsubdf3.o)
                              ..\cds-cell-functions.o (__aeabi_dsub)
c:/fehqt/proteus/gcc/bin/../lib/gcc/arm-none-eabi/4.6.2/armv7e-m\libgcc.a(_arm_muldivdf3.o)
                              ..\cds-cell-functions.o (__aeabi_dmul)
c:/fehqt/proteus/gcc/bin/../lib/gcc/arm-none-eabi/4.6.2/armv7e-m\libgcc.a(_arm_cmpdf2.o)
                              ..\cds-cell-functions.o (__aeabi_dcmplt)
c:/fehqt/proteus/gcc/bin/../lib/gcc/arm-none-eabi/4.6.2/armv7e-m\libgcc.a(_arm_fixdfsi.o)
                              Libraries\FEHMotor.o (__aeabi_d2iz)
c:/fehqt/proteus/gcc/bin/../lib/gcc/arm-none-eabi/4.6.2/armv7e-m\libgcc.a(_arm_fixunsdfsi.o)
                              Libraries\FEHUtility.o (__aeabi_d2uiz)
c:/fehqt/proteus/gcc/bin/../lib/gcc/arm-none-eabi/4.6.2/armv7e-m\libgcc.a(_arm_truncdfsf2.o)
                              ..\bump-switch-functions.o (__aeabi_d2f)
c:/fehqt/proteus/gcc/bin/../lib/gcc/arm-none-eabi/4.6.2/armv7e-m\libgcc.a(_arm_addsubsf3.o)
                              ..\rps-functions.o (__aeabi_fsub)
c:/fehqt/proteus/gcc/bin/../lib/gcc/arm-none-eabi/4.6.2/armv7e-m\libgcc.a(_arm_muldivsf3.o)
                              Drivers\mcg.o (__aeabi_fmul)
c:/fehqt/proteus/gcc/bin/../lib/gcc/arm-none-eabi/4.6.2/armv7e-m\libgcc.a(_arm_cmpsf2.o)
                              ..\rps-functions.o (__aeabi_fcmpeq)
c:/fehqt/proteus/gcc/bin/../lib/gcc/arm-none-eabi/4.6.2/armv7e-m\libgcc.a(_arm_fixsfsi.o)
                              Libraries\FEHLCD.o (__aeabi_f2iz)
c:/fehqt/proteus/gcc/bin/../lib/gcc/arm-none-eabi/4.6.2/armv7e-m\libgcc.a(_arm_fixunssfsi.o)
                              Drivers\mcg.o (__aeabi_f2uiz)
C:\fehqt\Proteus/EWL/lib/armv7e-m\librt.a(gcc_ctor_dtor.o)
                              Startup\__arm_start.o (__init_cpp)
C:\fehqt\Proteus/EWL/lib/armv7e-m\librt.a(ROMCopy.o)
                              Startup\__arm_start.o (__copy_rom_sections_to_ram)
C:\fehqt\Proteus/EWL/lib/armv7e-m\librt.a(__arm_eabi_init.o)
                              C:\fehqt\Proteus/EWL/lib/armv7e-m\libc.a(exit.o) (__destroy_global_chain)
C:\fehqt\Proteus/EWL/lib/armv7e-m\librt.a(New.o)
                              Libraries\FEHIO.o (operator new(unsigned int))
c:/fehqt/proteus/gcc/bin/../lib/gcc/arm-none-eabi/4.6.2/../../../../arm-none-eabi/lib/armv7e-m\libsupc++.a(class_type_info.o)
                              C:\fehqt\Proteus/EWL/lib/armv7e-m\librt.a(New.o) (vtable for __cxxabiv1::__class_type_info)
c:/fehqt/proteus/gcc/bin/../lib/gcc/arm-none-eabi/4.6.2/../../../../arm-none-eabi/lib/armv7e-m\libsupc++.a(eh_alloc.o)
                              C:\fehqt\Proteus/EWL/lib/armv7e-m\librt.a(New.o) (__cxa_allocate_exception)
c:/fehqt/proteus/gcc/bin/../lib/gcc/arm-none-eabi/4.6.2/../../../../arm-none-eabi/lib/armv7e-m\libsupc++.a(eh_arm.o)
[...]
Memory Configuration

Name             Origin             Length             Attributes
m_interrupts     0x0000c000         0x00000400         xr
m_cfmprotrom     0x0000c400         0x00000010         xr
m_text           0x0000c410         0x00073bf0         xr
m_data           0x1fff0400         0x0000fc00         xrw
m_data2          0x20000000         0x00010000         xrw
*default*        0x00000000         0xffffffff

Linker script and memory map

LOAD ..\bump-switch-functions.o
LOAD ..\cds-cell-functions.o
LOAD ..\exploration-one.o
LOAD ..\exploration-two.o
LOAD ..\line-following-functions.o
LOAD ..\performance-test-four.o
LOAD ..\performance-test-one.o
LOAD ..\performance-test-three.o
LOAD ..\performance-test-two.o
LOAD ..\rps-functions.o
LOAD ..\shaft-encoders-drive-functions.o
LOAD ..\time-drive-functions.o
LOAD ..\main.o
LOAD Startup\__arm_start.o
LOAD Startup\__arm_end.o
LOAD Startup\kinetis_sysinit.o
LOAD Libraries\FEHMotor.o
LOAD Drivers\mcg.o
LOAD Drivers\i2c.o
LOAD Drivers\spi.o
LOAD Drivers\uart.o
LOAD Drivers\ff.o
LOAD Drivers\SDHC.o
LOAD Drivers\lptmr.o
LOAD FEHProteus.o
LOAD Drivers\FEHPropeller.o
LOAD Libraries\FEHUtility.o
LOAD Libraries\FEHIO.o
LOAD Drivers\adc16.o
LOAD Libraries\FEHBuzzer.o
LOAD Libraries\FEHServo.o
LOAD Libraries\FEHLCD.o
LOAD Libraries\FEHAccel.o
LOAD Libraries\FEHBattery.o
LOAD Drivers\FEHXBee.o
LOAD Libraries\FEHRPS.o
LOAD Libraries\FEHSD.o
                0x0001766c                __pformatter = __pformatter_
                [0x00017a64]                __sformatter = __sformatter
LOAD C:\fehqt\Proteus/EWL/lib/armv7e-m\libstdc++.a
LOAD C:\fehqt\Proteus/EWL/lib/armv7e-m\libm.a
START GROUP
LOAD C:\fehqt\Proteus/EWL/lib/armv7e-m\libc.a
LOAD C:\fehqt\Proteus/EWL/lib/armv7e-m\libc++.a
LOAD C:\fehqt\Proteus/EWL/lib/armv7e-m\libm.a
LOAD c:/fehqt/proteus/gcc/bin/../lib/gcc/arm-none-eabi/4.6.2/armv7e-m\libgcc.a
LOAD C:\fehqt\Proteus/EWL/lib/armv7e-m\librt.a
LOAD c:/fehqt/proteus/gcc/bin/../lib/gcc/arm-none-eabi/4.6.2/../../../../arm-none-eabi/lib/armv7e-m\libsupc++.a
END GROUP
                0x20000000                _estack = 0x20000000
                0x20000000                __SP_INIT = _estack
                0x00000800                __heap_size = 0x800
                0x00000800                __stack_size = 0x800

.interrupts     0x0000c000      0x1e0
                0x0000c000                __vector_table = .
                0x0000c000                . = ALIGN (0x4)
 *(.vectortable)
 .vectortable   0x0000c000      0x1e0 Startup\kinetis_sysinit.o
                0x0000c1e0                . = ALIGN (0x4)

.cfmprotect     0x0000c400        0x0
                0x0000c400                . = ALIGN (0x4)
 *(.cfmconfig)
                0x0000c400                . = ALIGN (0x4)

.text           0x0000c410     0xc9ec
                0x0000c410                . = ALIGN (0x4)
 *(.text)
 .text          0x0000c410      0x370 c:/fehqt/proteus/gcc/bin/../lib/gcc/arm-none-eabi/4.6.2/armv7e-m\libgcc.a(_arm_addsubdf3.o)
                0x0000c410                __aeabi_drsub
                0x0000c418                __aeabi_dsub
                0x0000c418                __subdf3
                0x0000c41c                __aeabi_dadd
                0x0000c41c                __adddf3
                0x0000c694                __floatunsidf
                0x0000c694                __aeabi_ui2d
                0x0000c6b4                __floatsidf
                0x0000c6b4                __aeabi_i2d
                0x0000c6d8                __aeabi_f2d
                0x0000c6d8                __extendsfdf2
                0x0000c714                __floatundidf
                0x0000c714                __aeabi_ul2d
                0x0000c724                __floatdidf
                0x0000c724                __aeabi_l2d
 .text          0x0000c780      0x424 c:/fehqt/proteus/gcc/bin/../lib/gcc/arm-none-eabi/4.6.2/armv7e-m\libgcc.a(_arm_muldivdf3.o)
                0x0000c780                __aeabi_dmul
                0x0000c780                __muldf3
                0x0000c9d4                __divdf3
                0x0000c9d4                __aeabi_ddiv
 .text          0x0000cba4      0x110 c:/fehqt/proteus/gcc/bin/../lib/gcc/arm-none-eabi/4.6.2/armv7e-m\libgcc.a(_arm_cmpdf2.o)
                0x0000cba4                __gtdf2
                0x0000cba4                __gedf2
                0x0000cbac                __ltdf2
                0x0000cbac                __ledf2
                0x0000cbb4                __nedf2
                0x0000cbb4                __eqdf2
                0x0000cbb4                __cmpdf2
                0x0000cc30                __aeabi_cdrcmple
                0x0000cc40                __aeabi_cdcmpeq
                0x0000cc40                __aeabi_cdcmple
                0x0000cc50                __aeabi_dcmpeq
                0x0000cc64                __aeabi_dcmplt
                0x0000cc78                __aeabi_dcmple
                0x0000cc8c                __aeabi_dcmpge
                0x0000cca0                __aeabi_dcmpgt
 .text          0x0000ccb4       0x50 c:/fehqt/proteus/gcc/bin/../lib/gcc/arm-none-eabi/4.6.2/armv7e-m\libgcc.a(_arm_fixdfsi.o)
                0x0000ccb4                __aeabi_d2iz
                0x0000ccb4                __fixdfsi
 .text          0x0000cd04       0x40 c:/fehqt/proteus/gcc/bin/../lib/gcc/arm-none-eabi/4.6.2/armv7e-m\libgcc.a(_arm_fixunsdfsi.o)
                0x0000cd04                __aeabi_d2uiz
                0x0000cd04                __fixunsdfsi
 .text          0x0000cd44       0xa0 c:/fehqt/proteus/gcc/bin/../lib/gcc/arm-none-eabi/4.6.2/armv7e-m\libgcc.a(_arm_truncdfsf2.o)
                0x0000cd44                __truncdfsf2
                0x0000cd44                __aeabi_d2f
 .text          0x0000cde4      0x21c c:/fehqt/proteus/gcc/bin/../lib/gcc/arm-none-eabi/4.6.2/armv7e-m\libgcc.a(_arm_addsubsf3.o)
                0x0000cde4                __aeabi_frsub
                0x0000cdec                __subsf3
                0x0000cdec                __aeabi_fsub
                0x0000cdf0                __aeabi_fadd
                0x0000cdf0                __addsf3
                0x0000cf50                __aeabi_ui2f
                0x0000cf50                __floatunsisf
                0x0000cf58                __aeabi_i2f
                0x0000cf58                __floatsisf
                0x0000cf74                __aeabi_ul2f
                0x0000cf74                __floatundisf
                0x0000cf84                __aeabi_l2f
                0x0000cf84                __floatdisf
 .text          0x0000d000      0x2a0 c:/fehqt/proteus/gcc/bin/../lib/gcc/arm-none-eabi/4.6.2/armv7e-m\libgcc.a(_arm_muldivsf3.o)
                0x0000d000                __mulsf3
                0x0000d000                __aeabi_fmul
                0x0000d168                __aeabi_fdiv
                0x0000d168                __divsf3
 .text          0x0000d2a0       0xec c:/fehqt/proteus/gcc/bin/../lib/gcc/arm-none-eabi/4.6.2/armv7e-m\libgcc.a(_arm_cmpsf2.o)
                0x0000d2a0                __gesf2
                0x0000d2a0                __gtsf2
                0x0000d2a8                __lesf2
                0x0000d2a8                __ltsf2
                0x0000d2b0                __nesf2
                0x0000d2b0                __eqsf2
                0x0000d2b0                __cmpsf2
                0x0000d310                __aeabi_cfrcmple
                0x0000d318                __aeabi_cfcmpeq
                0x0000d318                __aeabi_cfcmple
                0x0000d328                __aeabi_fcmpeq
                0x0000d33c                __aeabi_fcmplt
                0x0000d350                __aeabi_fcmple
                0x0000d364                __aeabi_fcmpge
                0x0000d378                __aeabi_fcmpgt
 .text          0x0000d38c       0x4c c:/fehqt/proteus/gcc/bin/../lib/gcc/arm-none-eabi/4.6.2/armv7e-m\libgcc.a(_arm_fixsfsi.o)
                0x0000d38c                __aeabi_f2iz
                0x0000d38c                __fixsfsi
 *(.text*)
 .text._Z17waitForStartLightv
                0x0000d3d8       0xc0 ..\cds-cell-functions.o
                0x0000d3d8                waitForStartLight()
 .text._Z19performanceTestFourv
                0x0000d498      0x648 ..\performance-test-four.o
                0x0000d498                performanceTestFour()
 .text._Z12check_x_plusf
                0x0000dae0      0x268 ..\rps-functions.o
                0x0000dae0                check_x_plus(float)
 .text._Z12check_y_plusf
                0x0000dd48      0x268 ..\rps-functions.o
                0x0000dd48                check_y_plus(float)
 .text._Z12RPSIsWorkingv
                0x0000dfb0       0xbc ..\rps-functions.o
                0x0000dfb0                RPSIsWorking()
 *fill*         0x0000e06c        0x4 00
 .text._Z13check_headingf
                0x0000e070      0x228 ..\rps-functions.o
                0x0000e070                check_heading(float)
 .text._Z14driveForInchesbdi
                0x0000e298      0x3d0 ..\shaft-encoders-drive-functions.o
                0x0000e298                driveForInches(bool, double, int)
 .text._Z17turnCountsInPlacebii
                0x0000e668      0x18c ..\shaft-encoders-drive-functions.o
                0x0000e668                turnCountsInPlace(bool, int, int)
 .text._Z15driveForSecondsbdi
                0x0000e7f4      0x134 ..\time-drive-functions.o
                0x0000e7f4                driveForSeconds(bool, double, int)
 .text._Z15calibrateServosv
                0x0000e928       0x48 ..\main.o
                0x0000e928                calibrateServos()
 .text.main     0x0000e970       0x14 ..\main.o
                0x0000e970                main
 .text._Z41__static_initialization_and_destruction_0ii
                0x0000e984      0x10c ..\main.o
 .text._GLOBAL__sub_I_cdsCell
                0x0000ea90       0x14 ..\main.o
 .text.zero_fill_bss
                0x0000eaa4       0x34 Startup\__arm_start.o
 .text.__thumb_startup
                0x0000ead8       0x34 Startup\__arm_start.o
                0x0000ead8                __thumb_startup
 .text.InitFEHProteus
                0x0000eb0c      0x15c Startup\__arm_start.o
                0x0000eb0c                InitFEHProteus
 .text.pll_init_bl
                0x0000ec68      0x130 Startup\__arm_start.o
 .text.InitPowerButton
                0x0000ed98       0x90 Startup\__arm_start.o
                0x0000ed98                InitPowerButton
 .text._ExitProcess
                0x0000ee28        0xc Startup\__arm_end.o
                0x0000ee28                _ExitProcess
 .text.Default_Handler
                0x0000ee34        0xc Startup\kinetis_sysinit.o
                0x0000ee34                BusFault_Handler()
                0x0000ee34                HardFault_Handler()
                0x0000ee34                SysTick_Handler()
                0x0000ee34                PendSV_Handler()
                0x0000ee34                DebugMonitor_Handler()
                0x0000ee34                MemManage_Handler()
                0x0000ee34                NMI_Handler()
                0x0000ee34                SVC_Handler()
                0x0000ee34                Default_Handler
                0x0000ee34                UsageFault_Handler()
 .text.__init_hardware
                0x0000ee40       0x44 Startup\kinetis_sysinit.o
                0x0000ee40                __init_hardware
 .text._Z8PortDISRv
                0x0000ee84       0x64 Startup\kinetis_sysinit.o
                0x0000ee84                PortDISR()
 .text._ZN8FEHMotorC2ENS_12FEHMotorPortEf
                0x0000eee8       0xb0 Libraries\FEHMotor.o
                0x0000eee8                FEHMotor::FEHMotor(FEHMotor::FEHMotorPort, float)
                0x0000eee8                FEHMotor::FEHMotor(FEHMotor::FEHMotorPort, float)
 .text._ZN8FEHMotor4StopEv
                0x0000ef98       0x3c Libraries\FEHMotor.o
                0x0000ef98                FEHMotor::Stop()
 .text._ZN8FEHMotor8SetPowerEi
                0x0000efd4       0x60 Libraries\FEHMotor.o
                0x0000efd4                FEHMotor::SetPower(int)
 *fill*         0x0000f034        0x4 00
 .text._ZN8FEHMotor10SetPercentEf
                0x0000f038      0x158 Libraries\FEHMotor.o
                0x0000f038                FEHMotor::SetPercent(float)
 .text._Z21IIC_StartTransmissionhh
                0x0000f190       0x98 Drivers\i2c.o
                0x0000f190                IIC_StartTransmission(unsigned char, unsigned char)
 .text._Z5Pausev
                0x0000f228       0x34 Drivers\i2c.o
                0x0000f228                Pause()
 .text._Z21MMA8451QWriteRegisterhh
                0x0000f25c      0x12c Drivers\i2c.o
                0x0000f25c                MMA8451QWriteRegister(unsigned char, unsigned char)
 .text._Z12SPI_SendCharh
                0x0000f388       0x1c Drivers\spi.o
                0x0000f388                SPI_SendChar(unsigned char)
 .text._Z16SPI_WriteCommandhh
                0x0000f3a4       0x34 Drivers\spi.o
                0x0000f3a4                SPI_WriteCommand(unsigned char, unsigned char)
 .text._Z11SPI_GetCharv
                0x0000f3d8       0x14 Drivers\spi.o
                0x0000f3d8                SPI_GetChar()
 .text._Z15SPI_ReadCommandh
                0x0000f3ec       0x3c Drivers\spi.o
                0x0000f3ec                SPI_ReadCommand(unsigned char)
 .text._Z13SPI_CS_Assertv
                0x0000f428       0x24 Drivers\spi.o
                0x0000f428                SPI_CS_Assert()
 .text._Z15SPI_CS_Deassertv
                0x0000f44c       0x24 Drivers\spi.o
                0x0000f44c                SPI_CS_Deassert()
 .text._Z12SPI_Transferh
                0x0000f470       0x88 Drivers\spi.o
                0x0000f470                SPI_Transfer(unsigned char)
 .text._Z8SPI_Initv
                0x0000f4f8       0xe8 Drivers\spi.o
                0x0000f4f8                SPI_Init()
 .text._Z9uart_initPV11UART_MemMapii
                0x0000f5e0      0x20c Drivers\uart.o
                0x0000f5e0                uart_init(UART_MemMap volatile*, int, int)
 .text._Z12uart_getcharPV11UART_MemMap
                0x0000f7ec       0x34 Drivers\uart.o
                0x0000f7ec                uart_getchar(UART_MemMap volatile*)
 .text._Z12uart_putcharPV11UART_MemMapc
                0x0000f820       0x38 Drivers\uart.o
                0x0000f820                uart_putchar(UART_MemMap volatile*, char)
 .text._ZL7mem_setPvij
                0x0000f858       0x44 Drivers\ff.o
 .text._ZL11move_windowP5FATFSm
                0x0000f89c       0xf0 Drivers\ff.o
 .text._ZL4syncP5FATFS
                0x0000f98c      0x188 Drivers\ff.o
 .text._ZL8validateP5FATFSt
                0x0000fb14       0x54 Drivers\ff.o
 .text._Z6f_syncP3FIL
                0x0000fb68      0x1c0 Drivers\ff.o
                0x0000fb68                f_sync(FIL*)
 .text._Z7f_closeP3FIL
                0x0000fd28       0x2c Drivers\ff.o
                0x0000fd28                f_close(FIL*)
 .text._ZL17SDHC_set_baudratemm
                0x0000fd54      0x14c Drivers\SDHC.o
 .text._Z9SDHC_initP17esdhc_info_structPK17esdhc_init_struct
                0x0000fea0      0x1c4 Drivers\SDHC.o
                0x0000fea0                SDHC_init(esdhc_info_struct*, esdhc_init_struct const*)
 .text._ZL15SDHC_is_runningv
                0x00010064       0x28 Drivers\SDHC.o
 .text._ZL16SDHC_status_waitm
                0x0001008c       0x38 Drivers\SDHC.o
 .text._ZL17SDHC_send_commandP20esdhc_command_struct
                0x000100c4      0x2a0 Drivers\SDHC.o
 .text._Z10SDHC_ioctlmPv
                0x00010364      0x978 Drivers\SDHC.o
                0x00010364                SDHC_ioctl(unsigned long, void*)
 .text._ZL14rcvr_datablockPhm
                0x00010cdc      0x134 Drivers\SDHC.o
 .text._Z9disk_readhPhmh
                0x00010e10      0x13c Drivers\SDHC.o
                0x00010e10                disk_read(unsigned char, unsigned char*, unsigned long, unsigned char)
 .text._ZL14xmit_datablockPKhm
                0x00010f4c       0xe0 Drivers\SDHC.o
 .text._Z10disk_writehPKhmh
                0x0001102c      0x1cc Drivers\SDHC.o
                0x0001102c                disk_write(unsigned char, unsigned char const*, unsigned long, unsigned char)
 .text._Z10disk_ioctlhhPv
                0x000111f8      0x128 Drivers\SDHC.o
                0x000111f8                disk_ioctl(unsigned char, unsigned char, void*)
 .text._Z11disk_statush
                0x00011320       0x30 Drivers\SDHC.o
                0x00011320                disk_status(unsigned char)
 .text._Z13time_delay_msm
                0x00011350       0xa4 Drivers\lptmr.o
                0x00011350                time_delay_ms(unsigned long)
 .text._Z41__static_initialization_and_destruction_0ii
                0x000113f4       0x30 FEHProteus.o
 .text._GLOBAL__sub_I_Propeller
                0x00011424       0x14 FEHProteus.o
 .text._ZN12FEHPropellerC2Ev
                0x00011438       0x20 Drivers\FEHPropeller.o
                0x00011438                FEHPropeller::FEHPropeller()
                0x00011438                FEHPropeller::FEHPropeller()
 .text._ZN12FEHPropeller10InitializeEv
                0x00011458       0x94 Drivers\FEHPropeller.o
                0x00011458                FEHPropeller::Initialize()
 .text._ZN12FEHPropeller12SetMotorRateEhhh
                0x000114ec       0x78 Drivers\FEHPropeller.o
                0x000114ec                FEHPropeller::SetMotorRate(unsigned char, unsigned char, unsigned char)
 .text._ZL5Delaymjj
                0x00011564       0xc4 Libraries\FEHUtility.o
 .text._Z5Sleepi
                0x00011628       0x34 Libraries\FEHUtility.o
                0x00011628                Sleep(int)
 *fill*         0x0001165c        0x4 00
 .text._Z5Sleepd
                0x00011660       0x58 Libraries\FEHUtility.o
                0x00011660                Sleep(double)
 .text._Z7TimeNowv
                0x000116b8       0x70 Libraries\FEHUtility.o
                0x000116b8                TimeNow()
 .text._Z11TimeNowMSecv
                0x00011728       0x44 Libraries\FEHUtility.o
                0x00011728                TimeNowMSec()
 .text._ZN15DigitalInputPinC2EN5FEHIO8FEHIOPinE
                0x0001176c       0x24 Libraries\FEHIO.o
                0x0001176c                DigitalInputPin::DigitalInputPin(FEHIO::FEHIOPin)
                0x0001176c                DigitalInputPin::DigitalInputPin(FEHIO::FEHIOPin)
 .text._ZN15DigitalInputPin10InitializeEN5FEHIO8FEHIOPinE
                0x00011790      0x224 Libraries\FEHIO.o
                0x00011790                DigitalInputPin::Initialize(FEHIO::FEHIOPin)
 .text._ZN14DigitalEncoderC2EN5FEHIO8FEHIOPinE
                0x000119b4       0x2c Libraries\FEHIO.o
                0x000119b4                DigitalEncoder::DigitalEncoder(FEHIO::FEHIOPin)
                0x000119b4                DigitalEncoder::DigitalEncoder(FEHIO::FEHIOPin)
 .text._Z10enable_irqi
                0x000119e0      0x1cc Libraries\FEHIO.o
                0x000119e0                enable_irq(int)
 .text._ZN14DigitalEncoder10InitializeEN5FEHIO8FEHIOPinENS0_21FEHIOInterruptTriggerE
                0x00011bac      0x224 Libraries\FEHIO.o
                0x00011bac                DigitalEncoder::Initialize(FEHIO::FEHIOPin, FEHIO::FEHIOInterruptTrigger)
 .text._Z9portB_isrv
                0x00011dd0       0xd4 Libraries\FEHIO.o
                0x00011dd0                portB_isr()
 .text._Z9portC_isrv
                0x00011ea4       0xd8 Libraries\FEHIO.o
                0x00011ea4                portC_isr()
 .text._Z9portA_isrv
                0x00011f7c       0xd8 Libraries\FEHIO.o
                0x00011f7c                portA_isr()
 .text._Z9portE_isrv
                0x00012054       0xd0 Libraries\FEHIO.o
                0x00012054                portE_isr()
 .text._ZN14DigitalEncoder6CountsEv
                0x00012124       0x28 Libraries\FEHIO.o
                0x00012124                DigitalEncoder::Counts()
 .text._ZN14DigitalEncoder11ResetCountsEv
                0x0001214c       0x28 Libraries\FEHIO.o
                0x0001214c                DigitalEncoder::ResetCounts()
 .text._ZN14AnalogInputPinC2EN5FEHIO8FEHIOPinE
                0x00012174       0x20 Libraries\FEHIO.o
                0x00012174                AnalogInputPin::AnalogInputPin(FEHIO::FEHIOPin)
                0x00012174                AnalogInputPin::AnalogInputPin(FEHIO::FEHIOPin)
 *fill*         0x00012194        0x4 00
 .text._ZN14AnalogInputPin5ValueEv
                0x00012198      0x180 Libraries\FEHIO.o
                0x00012198                AnalogInputPin::Value()
 .text._ZN13AnalogEncoder12EncoderValueEv
                0x00012318       0xe4 Libraries\FEHIO.o
                0x00012318                AnalogEncoder::EncoderValue()
 .text._ZN14AnalogInputPin8InitADCsEv
                0x000123fc      0x120 Libraries\FEHIO.o
                0x000123fc                AnalogInputPin::InitADCs()
 .text._Z8pit0_isrv
                0x0001251c       0x34 Libraries\FEHIO.o
                0x0001251c                pit0_isr()
 .text._ZN13AnalogEncoder4InitEv
                0x00012550       0x64 Libraries\FEHIO.o
                0x00012550                AnalogEncoder::Init()
 .text._ZN13AnalogEncoder14SetCounterInitEj
                0x000125b4       0x20 Libraries\FEHIO.o
                0x000125b4                AnalogEncoder::SetCounterInit(unsigned int)
 .text._ZN13AnalogEncoder10ProcessIntEv
                0x000125d4       0x80 Libraries\FEHIO.o
                0x000125d4                AnalogEncoder::ProcessInt()
 .text._ZN13AnalogEncoder14ProcessIntSelfEv
                0x00012654       0x80 Libraries\FEHIO.o
                0x00012654                AnalogEncoder::ProcessIntSelf()
 .text._Z7ADC_CalPV10ADC_MemMap
                0x000126d4      0x14c Drivers\adc16.o
                0x000126d4                ADC_Cal(ADC_MemMap volatile*)
 .text._Z14ADC_Config_AltPV10ADC_MemMapP7adc_cfg
                0x00012820       0x6c Drivers\adc16.o
                0x00012820                ADC_Config_Alt(ADC_MemMap volatile*, adc_cfg*)
 .text._ZN9FEHBuzzerC2Ev
                0x0001288c       0x18 Libraries\FEHBuzzer.o
                0x0001288c                FEHBuzzer::FEHBuzzer()
                0x0001288c                FEHBuzzer::FEHBuzzer()
 .text._Z41__static_initialization_and_destruction_0ii
                0x000128a4       0x30 Libraries\FEHBuzzer.o
 .text._GLOBAL__sub_I_Buzzer
                0x000128d4       0x14 Libraries\FEHBuzzer.o
 .text._ZN8FEHServoC2ENS_12FEHServoPortE
                0x000128e8       0x3c Libraries\FEHServo.o
                0x000128e8                FEHServo::FEHServo(FEHServo::FEHServoPort)
                0x000128e8                FEHServo::FEHServo(FEHServo::FEHServoPort)
 .text._ZN8FEHServo6SetMinEi
                0x00012924       0x3c Libraries\FEHServo.o
                0x00012924                FEHServo::SetMin(int)
 .text._ZN8FEHServo6SetMaxEi
                0x00012960       0x3c Libraries\FEHServo.o
                0x00012960                FEHServo::SetMax(int)
 *fill*         0x0001299c        0x4 00
 .text._ZN8FEHServo9SetDegreeEf
                0x000129a0      0x148 Libraries\FEHServo.o
                0x000129a0                FEHServo::SetDegree(float)
 .text._ZN6FEHLCD11_InitializeEv
                0x00012ae8      0x5dc Libraries\FEHLCD.o
                0x00012ae8                FEHLCD::_Initialize()
 .text._ZN6FEHLCDC2Ev
                0x000130c4       0x64 Libraries\FEHLCD.o
                0x000130c4                FEHLCD::FEHLCD()
                0x000130c4                FEHLCD::FEHLCD()
 .text._ZN6FEHLCD10InitializeEv
                0x00013128       0x38 Libraries\FEHLCD.o
                0x00013128                FEHLCD::Initialize()
 .text._ZN6FEHLCD10PrintImageEii
                0x00013160      0x100 Libraries\FEHLCD.o
                0x00013160                FEHLCD::PrintImage(int, int)
 .text._ZN6FEHLCD9PrintLogoEii
                0x00013260      0x100 Libraries\FEHLCD.o
                0x00013260                FEHLCD::PrintLogo(int, int)
 .text._ZN6FEHLCD22ConvertFEHColorTo24BitENS_11FEHLCDColorE
                0x00013360       0x80 Libraries\FEHLCD.o
                0x00013360                FEHLCD::ConvertFEHColorTo24Bit(FEHLCD::FEHLCDColor)
 .text._ZN6FEHLCD24Convert24BitColorTo16BitEj
                0x000133e0       0x40 Libraries\FEHLCD.o
                0x000133e0                FEHLCD::Convert24BitColorTo16Bit(unsigned int)
 .text._ZN6FEHLCD22ConvertRGBColorTo16BitEhhh
                0x00013420       0x44 Libraries\FEHLCD.o
                0x00013420                FEHLCD::ConvertRGBColorTo16Bit(unsigned char, unsigned char, unsigned char)
 .text._ZN6FEHLCD5ClearENS_11FEHLCDColorE
                0x00013464       0x28 Libraries\FEHLCD.o
                0x00013464                FEHLCD::Clear(FEHLCD::FEHLCDColor)
 .text._ZN6FEHLCD5ClearEj
                0x0001348c       0x2c Libraries\FEHLCD.o
                0x0001348c                FEHLCD::Clear(unsigned int)
 .text._ZN6FEHLCD5ClearEv
                0x000134b8       0x18 Libraries\FEHLCD.o
                0x000134b8                FEHLCD::Clear()
 .text._ZN6FEHLCD18SetBackgroundColorENS_11FEHLCDColorE
                0x000134d0       0x28 Libraries\FEHLCD.o
                0x000134d0                FEHLCD::SetBackgroundColor(FEHLCD::FEHLCDColor)
 .text._ZN6FEHLCD18SetBackgroundColorEj
                0x000134f8       0x28 Libraries\FEHLCD.o
                0x000134f8                FEHLCD::SetBackgroundColor(unsigned int)
 .text._ZN6FEHLCD12SetFontColorENS_11FEHLCDColorE
                0x00013520       0x28 Libraries\FEHLCD.o
                0x00013520                FEHLCD::SetFontColor(FEHLCD::FEHLCDColor)
 .text._ZN6FEHLCD12SetFontColorEj
                0x00013548       0x28 Libraries\FEHLCD.o
                0x00013548                FEHLCD::SetFontColor(unsigned int)
 .text._ZN6FEHLCD7WriteAtEPKcii
                0x00013570       0x58 Libraries\FEHLCD.o
                0x00013570                FEHLCD::WriteAt(char const*, int, int)
 .text._ZN6FEHLCD11TS_SPI_InitEv
                0x000135c8       0xa8 Libraries\FEHLCD.o
                0x000135c8                FEHLCD::TS_SPI_Init()
 .text._ZN6FEHLCD5TouchEPfS0_
                0x00013670      0x240 Libraries\FEHLCD.o
                0x00013670                FEHLCD::Touch(float*, float*)
 .text._ZN6FEHLCD3absEi
                0x000138b0       0x28 Libraries\FEHLCD.o
                0x000138b0                FEHLCD::abs(int)
 .text._ZN6FEHLCD5WriteEPKc
                0x000138d8       0x5c Libraries\FEHLCD.o
                0x000138d8                FEHLCD::Write(char const*)
 .text._ZN6FEHLCD5WriteEi
                0x00013934       0x34 Libraries\FEHLCD.o
                0x00013934                FEHLCD::Write(int)
 .text._ZN6FEHLCD5WriteEf
                0x00013968       0xdc Libraries\FEHLCD.o
                0x00013968                FEHLCD::Write(float)
 .text._ZN6FEHLCD5WriteEd
                0x00013a44       0x28 Libraries\FEHLCD.o
                0x00013a44                FEHLCD::Write(double)
 .text._ZN6FEHLCD5WriteEc
                0x00013a6c       0x30 Libraries\FEHLCD.o
                0x00013a6c                FEHLCD::Write(char)
 .text._ZN6FEHLCD9WriteLineEPKc
                0x00013a9c       0x28 Libraries\FEHLCD.o
                0x00013a9c                FEHLCD::WriteLine(char const*)
 .text._ZN6FEHLCD9WriteLineEi
                0x00013ac4       0x28 Libraries\FEHLCD.o
                0x00013ac4                FEHLCD::WriteLine(int)
 .text._ZN6FEHLCD9WriteLineEf
                0x00013aec       0x28 Libraries\FEHLCD.o
                0x00013aec                FEHLCD::WriteLine(float)
 .text._ZN6FEHLCD9WriteLineEc
                0x00013b14       0x2c Libraries\FEHLCD.o
                0x00013b14                FEHLCD::WriteLine(char)
 .text._ZN6FEHLCD10WriteIndexEh
                0x00013b40      0x288 Libraries\FEHLCD.o
                0x00013b40                FEHLCD::WriteIndex(unsigned char)
 .text._ZN6FEHLCD14WriteParameterEh
                0x00013dc8      0x254 Libraries\FEHLCD.o
                0x00013dc8                FEHLCD::WriteParameter(unsigned char)
 .text._ZN6FEHLCD6_ClearEv
                0x0001401c      0x228 Libraries\FEHLCD.o
                0x0001401c                FEHLCD::_Clear()
 .text._ZN6FEHLCD8NextLineEv
                0x00014244       0x30 Libraries\FEHLCD.o
                0x00014244                FEHLCD::NextLine()
 .text._ZN6FEHLCD9CheckLineEv
                0x00014274       0x2c Libraries\FEHLCD.o
                0x00014274                FEHLCD::CheckLine()
 .text._ZN6FEHLCD8NextCharEv
                0x000142a0       0x34 Libraries\FEHLCD.o
                0x000142a0                FEHLCD::NextChar()
 .text._ZN6FEHLCD9DrawPixelEii
                0x000142d4       0x30 Libraries\FEHLCD.o
                0x000142d4                FEHLCD::DrawPixel(int, int)
 .text._Z4SwapRiS_
                0x00014304       0x28 Libraries\FEHLCD.o
                0x00014304                Swap(int&, int&)
 .text._ZN6FEHLCD13DrawRectangleEiiii
                0x0001432c       0x80 Libraries\FEHLCD.o
                0x0001432c                FEHLCD::DrawRectangle(int, int, int, int)
 .text._ZN6FEHLCD13SetDrawRegionEiiii
                0x000143ac      0x10c Libraries\FEHLCD.o
                0x000143ac                FEHLCD::SetDrawRegion(int, int, int, int)
 .text._ZN6FEHLCD8DrawLineEiiii
                0x000144b8      0x17c Libraries\FEHLCD.o
                0x000144b8                FEHLCD::DrawLine(int, int, int, int)
 .text._ZN6FEHLCD9WriteCharEiic
                0x00014634       0x40 Libraries\FEHLCD.o
                0x00014634                FEHLCD::WriteChar(int, int, char)
 .text._ZN6FEHLCD11WriteCharAtEiic
                0x00014674      0x278 Libraries\FEHLCD.o
                0x00014674                FEHLCD::WriteCharAt(int, int, char)
 .text._ZN6FEHLCD11RepeatColorEv
                0x000148ec       0xbc Libraries\FEHLCD.o
                0x000148ec                FEHLCD::RepeatColor()
 .text._ZN6FEHLCD10_ForePixelEv
                0x000149a8      0x160 Libraries\FEHLCD.o
                0x000149a8                FEHLCD::_ForePixel()
 .text._ZN6FEHLCD10_BackPixelEv
                0x00014b08      0x160 Libraries\FEHLCD.o
                0x00014b08                FEHLCD::_BackPixel()
 .text._ZN6FEHLCD22SetRegisterColorValuesEv
                0x00014c68      0x4c0 Libraries\FEHLCD.o
                0x00014c68                FEHLCD::SetRegisterColorValues()
 .text._ZN7FEHIcon4IconC2Ev
                0x00015128       0x18 Libraries\FEHLCD.o
                0x00015128                FEHIcon::Icon::Icon()
                0x00015128                FEHIcon::Icon::Icon()
 .text._ZN7FEHIcon4Icon13SetPropertiesEPciiiijj
                0x00015140       0x70 Libraries\FEHLCD.o
                0x00015140                FEHIcon::Icon::SetProperties(char*, int, int, int, int, unsigned int, unsigned int)
 .text._ZN7FEHIcon4Icon4DrawEv
                0x000151b0       0xb0 Libraries\FEHLCD.o
                0x000151b0                FEHIcon::Icon::Draw()
 .text._ZN7FEHIcon4Icon6SelectEv
                0x00015260       0xb8 Libraries\FEHLCD.o
                0x00015260                FEHIcon::Icon::Select()
 .text._ZN7FEHIcon4Icon8DeselectEv
                0x00015318       0xb4 Libraries\FEHLCD.o
                0x00015318                FEHIcon::Icon::Deselect()
 .text._ZN7FEHIcon4Icon7PressedEffi
                0x000153cc      0x1dc Libraries\FEHLCD.o
                0x000153cc                FEHIcon::Icon::Pressed(float, float, int)
 .text._ZN7FEHIcon4Icon12WhilePressedEff
                0x000155a8       0x5c Libraries\FEHLCD.o
                0x000155a8                FEHIcon::Icon::WhilePressed(float, float)
 .text._ZN7FEHIcon13DrawIconArrayEPNS_4IconEiiiiiiPA20_cjj
                0x00015604      0x194 Libraries\FEHLCD.o
                0x00015604                FEHIcon::DrawIconArray(FEHIcon::Icon*, int, int, int, int, int, int, char (*) [20], unsigned int, unsigned int)
 .text._Z41__static_initialization_and_destruction_0ii
                0x00015798       0x30 Libraries\FEHLCD.o
 .text._GLOBAL__sub_I_image
                0x000157c8       0x14 Libraries\FEHLCD.o
 .text._ZN8FEHAccelC2Ev
                0x000157dc       0x8c Libraries\FEHAccel.o
                0x000157dc                FEHAccel::FEHAccel()
                0x000157dc                FEHAccel::FEHAccel()
 .text._Z41__static_initialization_and_destruction_0ii
                0x00015868       0x30 Libraries\FEHAccel.o
 .text._GLOBAL__sub_I_Accel
                0x00015898       0x14 Libraries\FEHAccel.o
 .text._ZN10FEHBatteryC2EN5FEHIO8FEHIOPinE
                0x000158ac       0x24 Libraries\FEHBattery.o
                0x000158ac                FEHBattery::FEHBattery(FEHIO::FEHIOPin)
                0x000158ac                FEHBattery::FEHBattery(FEHIO::FEHIOPin)
 .text._Z41__static_initialization_and_destruction_0ii
                0x000158d0       0x34 Libraries\FEHBattery.o
 .text._GLOBAL__sub_I_Battery
                0x00015904       0x14 Libraries\FEHBattery.o
 .text._ZN7FEHXBeeC2Ev
                0x00015918       0x20 Drivers\FEHXBee.o
                0x00015918                FEHXBee::FEHXBee()
                0x00015918                FEHXBee::FEHXBee()
 .text._ZN7FEHXBee10InitializeEv
                0x00015938      0x148 Drivers\FEHXBee.o
                0x00015938                FEHXBee::Initialize()
 .text._ZN7FEHXBee13IsInitializedEv
                0x00015a80       0x18 Drivers\FEHXBee.o
                0x00015a80                FEHXBee::IsInitialized()
 .text._ZN7FEHXBee17ReceiveDataSearchEPcjh
                0x00015a98       0xb4 Drivers\FEHXBee.o
                0x00015a98                FEHXBee::ReceiveDataSearch(char*, unsigned int, unsigned char)
 .text._ZN7FEHXBee8SendDataEPcj
                0x00015b4c       0x50 Drivers\FEHXBee.o
                0x00015b4c                FEHXBee::SendData(char*, unsigned int)
 .text._ZN7FEHXBee17SetPacketCallBackEPFvPhhE
                0x00015b9c       0x20 Drivers\FEHXBee.o
                0x00015b9c                FEHXBee::SetPacketCallBack(void (*)(unsigned char*, unsigned char))
 .text._Z9UART0_ISRv
                0x00015bbc      0x174 Drivers\FEHXBee.o
                0x00015bbc                UART0_ISR()
 .text._ZN6FEHRPSC2Ev
                0x00015d30       0x88 Libraries\FEHRPS.o
                0x00015d30                FEHRPS::FEHRPS()
                0x00015d30                FEHRPS::FEHRPS()
 .text._ZN6FEHRPS10InitializeEi
                0x00015db8      0x994 Libraries\FEHRPS.o
                0x00015db8                FEHRPS::Initialize(int)
 .text._ZN6FEHRPS10InitializeEc
                0x0001674c       0x4c Libraries\FEHRPS.o
                0x0001674c                FEHRPS::Initialize(char)
 .text._ZN6FEHRPS19InitializeTouchMenuEv
                0x00016798      0x908 Libraries\FEHRPS.o
                0x00016798                FEHRPS::InitializeTouchMenu()
 .text._ZN6FEHRPS19CurrentRegionLetterEv
                0x000170a0       0x20 Libraries\FEHRPS.o
                0x000170a0                FEHRPS::CurrentRegionLetter()
 .text._ZN6FEHRPS13WaitForPacketEv
                0x000170c0       0x78 Libraries\FEHRPS.o
                0x000170c0                FEHRPS::WaitForPacket()
 .text._ZN6FEHRPS1XEv
                0x00017138       0x20 Libraries\FEHRPS.o
                0x00017138                FEHRPS::X()
 .text._ZN6FEHRPS1YEv
                0x00017158       0x20 Libraries\FEHRPS.o
                0x00017158                FEHRPS::Y()
 .text._ZN6FEHRPS7HeadingEv
                0x00017178       0x20 Libraries\FEHRPS.o
                0x00017178                FEHRPS::Heading()
 .text._Z14RPSDataProcessPhh
                0x00017198      0x164 Libraries\FEHRPS.o
                0x00017198                RPSDataProcess(unsigned char*, unsigned char)
 .text._Z41__static_initialization_and_destruction_0ii
                0x000172fc       0x30 Libraries\FEHRPS.o
 .text._GLOBAL__sub_I_RPS
                0x0001732c       0x14 Libraries\FEHRPS.o
 .text._ZN5FEHSDC2Ev
                0x00017340       0x24 Libraries\FEHSD.o
                0x00017340                FEHSD::FEHSD()
                0x00017340                FEHSD::FEHSD()
 .text._ZN5FEHSD8CloseLogEv
                0x00017364       0x38 Libraries\FEHSD.o
                0x00017364                FEHSD::CloseLog()
 .text._Z41__static_initialization_and_destruction_0ii
                0x0001739c       0x30 Libraries\FEHSD.o
 .text._GLOBAL__sub_I_SD
                0x000173cc       0x14 Libraries\FEHSD.o
 .text.sprintf  0x000173e0       0x1c C:\fehqt\Proteus/EWL/lib/armv7e-m\libc.a(sprintf.o)
                0x000173e0                sprintf
 .text.__StringWrite
                0x000173fc       0x28 C:\fehqt\Proteus/EWL/lib/armv7e-m\libc.a(vsnprintf.o)
                0x000173fc                __StringWrite
 .text.vsnprintf
                0x00017424       0x34 C:\fehqt\Proteus/EWL/lib/armv7e-m\libc.a(vsnprintf.o)
                0x00017424                vsnprintf
 .text.exit     0x00017458       0x38 C:\fehqt\Proteus/EWL/lib/armv7e-m\libc.a(exit.o)
                0x00017458                exit
 .text.memcpy   0x00017490       0x12 C:\fehqt\Proteus/EWL/lib/armv7e-m\libc.a(memcpy.o)
                0x00017490                memcpy
 .text.memset   0x000174a2        0xc C:\fehqt\Proteus/EWL/lib/armv7e-m\libc.a(memset.o)
                0x000174a2                memset
 .text.strcpy   0x000174ae       0x18 C:\fehqt\Proteus/EWL/lib/armv7e-m\libc.a(strcpy.o)
                0x000174ae                strcpy
 .text.strlen   0x000174c6       0x10 C:\fehqt\Proteus/EWL/lib/armv7e-m\libc.a(strlen.o)
                0x000174c6                strlen
 .text.long2str.isra.0
                0x000174d6      0x196 C:\fehqt\Proteus/EWL/lib/armv7e-m\libc.a(printformat_.o)
 .text.__pformatter_
                0x0001766c      0x3f8 C:\fehqt\Proteus/EWL/lib/armv7e-m\libc.a(printformat_.o)
                0x0001766c                __pformatter_
 .text.__sformatter
                0x00017a64      0x74e C:\fehqt\Proteus/EWL/lib/armv7e-m\libc.a(scanformat_.o)
                0x00017a64                __sformatter
 *fill*         0x000181b2        0x2 00
 .text.isalpha  0x000181b4       0x1c C:\fehqt\Proteus/EWL/lib/armv7e-m\libc.a(ctype_aeabi.o)
                0x000181b4                isalpha
 .text.isspace  0x000181d0       0x1c C:\fehqt\Proteus/EWL/lib/armv7e-m\libc.a(ctype_aeabi.o)
                0x000181d0                isspace
 .text.toupper  0x000181ec        0xc C:\fehqt\Proteus/EWL/lib/armv7e-m\libc.a(ctype_aeabi.o)
                0x000181ec                toupper
 .text.__strtoul
                0x000181f8      0x1dc C:\fehqt\Proteus/EWL/lib/armv7e-m\libc.a(__strtoul.o)
                0x000181f8                __strtoul
 .text.__fill_mem
                0x000183d4       0x76 C:\fehqt\Proteus/EWL/lib/armv7e-m\libc.a(__filll_mem.o)
                0x000183d4                __fill_mem
 .text.memchr   0x0001844a       0x1a C:\fehqt\Proteus/EWL/lib/armv7e-m\libc.a(memchr.o)
                0x0001844a                memchr
 .text.strchr   0x00018464       0x1c C:\fehqt\Proteus/EWL/lib/armv7e-m\libc.a(strchr.o)
                0x00018464                strchr
 .text.__init_cpp
                0x00018480       0x4c C:\fehqt\Proteus/EWL/lib/armv7e-m\librt.a(gcc_ctor_dtor.o)
                0x00018480                __init_cpp
 .text.__fini_cpp
                0x000184cc       0x34 C:\fehqt\Proteus/EWL/lib/armv7e-m\librt.a(gcc_ctor_dtor.o)
                0x000184cc                __fini_cpp
 .text.__copy_rom_section
                0x00018500       0x44 C:\fehqt\Proteus/EWL/lib/armv7e-m\librt.a(ROMCopy.o)
                0x00018500                __copy_rom_section
 .text.__copy_rom_sections_to_ram
                0x00018544       0x34 C:\fehqt\Proteus/EWL/lib/armv7e-m\librt.a(ROMCopy.o)
                0x00018544                __copy_rom_sections_to_ram
 .text.__destroy_global_chain
                0x00018578       0x1c C:\fehqt\Proteus/EWL/lib/armv7e-m\librt.a(__arm_eabi_init.o)
                0x00018578                __destroy_global_chain
 .text.__init_registers
                0x00018594       0x20 C:\fehqt\Proteus/EWL/lib/armv7e-m\librt.a(__arm_eabi_init.o)
                0x00018594                __init_registers
 .text.__init_user
                0x000185b4        0x4 C:\fehqt\Proteus/EWL/lib/armv7e-m\librt.a(__arm_eabi_init.o)
                0x000185b4                __init_user
 *(.rodata)
 .rodata        0x000185b8       0xa0 ..\performance-test-four.o
 .rodata        0x00018658       0x70 ..\rps-functions.o
 .rodata        0x000186c8       0xcc ..\shaft-encoders-drive-functions.o
 .rodata        0x00018794       0x2c ..\time-drive-functions.o
 .rodata        0x000187c0       0x78 Libraries\FEHIO.o
 .rodata        0x00018838       0x34 Libraries\FEHLCD.o
 .rodata        0x0001886c      0x238 Libraries\FEHRPS.o
 *(.rodata*)
 .rodata.K60_SDHC0_init
                0x00018aa4        0xc Drivers\SDHC.o
                0x00018aa4                K60_SDHC0_init
 .rodata._ZL21ESDHC_COMMAND_XFERTYP
                0x00018ab0      0x100 Drivers\SDHC.o
 .rodata._ZL9GPIOPorts
                0x00018bb0       0x20 Libraries\FEHIO.o
 .rodata._ZL10ADCNumbers
                0x00018bd0       0x24 Libraries\FEHIO.o
 .rodata._ZL14GPIOPinNumbers
                0x00018bf4       0x80 Libraries\FEHIO.o
 .rodata._ZL16AnalogPinNumbers
                0x00018c74       0x84 Libraries\FEHIO.o
 .rodata.str1.1
                0x00018cf8        0x1 C:\fehqt\Proteus/EWL/lib/armv7e-m\libc.a(printformat_.o)
 .rodata.__aeabi_ctype_table_C
                0x00018cf9      0x101 C:\fehqt\Proteus/EWL/lib/armv7e-m\libc.a(ctype_aeabi.o)
                0x00018cf9                __aeabi_ctype_table_C
 *(.glue_7)
 .glue_7        0x00000000        0x0 linker stubs
 *(.glue_7t)
 .glue_7t       0x00000000        0x0 linker stubs
 *(.eh_frame)
 *(.init)
 *(.fini)
                0x00018dfc                . = ALIGN (0x4)
 *fill*         0x00018dfa        0x2 00
                0x00018dfc                _etext = .

.vfp11_veneer   0x00018dfc        0x0
 .vfp11_veneer  0x00000000        0x0 linker stubs

.v4_bx          0x00018dfc        0x0
 .v4_bx         0x00000000        0x0 linker stubs

.ARM.extab
 *(.ARM.extab* .gnu.linkonce.armextab.*)

.ARM            0x00018dfc        0x0
                0x00018dfc                __exidx_start = .
 *(.ARM.exidx*)
                0x00018dfc                __exidx_end = .

.ctors          0x00018dfc        0x0
                0x00018dfc                __CTOR_LIST__ = .
 *crtbegin.o(.ctors)
 *(EXCLUDE_FILE(*crtend.o) .ctors)
 *(SORT(.ctors.*))
 *(.ctors)
                0x00018dfc                __CTOR_END__ = .

.dtors          0x00018dfc        0x0
                0x00018dfc                __DTOR_LIST__ = .
 *crtbegin.o(.dtors)
 *(EXCLUDE_FILE(*crtend.o) .dtors)
 *(SORT(.dtors.*))
 *(.dtors)
                0x00018dfc                __DTOR_END__ = .

.preinit_array  0x00018dfc        0x0
                0x00018dfc                PROVIDE (__preinit_array_start, .)
 *(.preinit_array*)
                0x00018dfc                PROVIDE (__preinit_array_end, .)

.init_array     0x00018dfc       0x20
                0x00018dfc                PROVIDE (__init_array_start, .)
 *(SORT(.init_array.*))
 *(.init_array*)
 .init_array    0x00018dfc        0x4 ..\main.o
 .init_array    0x00018e00        0x4 FEHProteus.o
 .init_array    0x00018e04        0x4 Libraries\FEHBuzzer.o
 .init_array    0x00018e08        0x4 Libraries\FEHLCD.o
 .init_array    0x00018e0c        0x4 Libraries\FEHAccel.o
 .init_array    0x00018e10        0x4 Libraries\FEHBattery.o
 .init_array    0x00018e14        0x4 Libraries\FEHRPS.o
 .init_array    0x00018e18        0x4 Libraries\FEHSD.o
                0x00018e1c                PROVIDE (__init_array_end, .)

.fini_array     0x00018e1c        0x0
                0x00018e1c                PROVIDE (__fini_array_start, .)
 *(SORT(.fini_array.*))
 *(.fini_array*)
                0x00018e1c                PROVIDE (__fini_array_end, .)
                0x00018e1c                ___ROM_AT = .

.data           0x1fff0400      0xd1c load address 0x00018e1c
                0x1fff0400                . = ALIGN (0x4)
                0x1fff0400                _sdata = .
 *(.data)
 *(.data*)
 .data._ZL4Stat
                0x1fff0400        0x1 Drivers\SDHC.o
 *fill*         0x1fff0401        0x3 00
 .data.image    0x1fff0404      0x750 Libraries\FEHLCD.o
                0x1fff0404                image
 .data.logo     0x1fff0b54      0x3e8 Libraries\FEHLCD.o
                0x1fff0b54                logo
 .data._ZN6FEHLCD8fontDataE
                0x1fff0f3c      0x1e0 Libraries\FEHLCD.o
                0x1fff0f3c                FEHLCD::fontData
                0x1fff111c                . = ALIGN (0x4)
                0x1fff111c                _edata = .
                0x00000d1c                ___data_size = (_edata - _sdata)
                0x00019b38                ___m_data2_ROMStart = (___ROM_AT + SIZEOF (.data))

.user_data2     0x20000000        0x0 load address 0x00019b38
                0x20000000                . = ALIGN (0x4)
                0x20000000                ___m_data2_RAMStart = .
 *(.data2)
                0x20000000                ___m_data2_RAMEnd = .
                0x20000000                . = ALIGN (0x4)
                0x00000000                ___m_data2_ROMSize = (___m_data2_RAMEnd - ___m_data2_RAMStart)
                0x20000000                . = ALIGN (0x4)

.bss            0x1fff111c      0x600 load address 0x00019b38
                0x1fff111c                __START_BSS = .
                0x1fff111c                PROVIDE (__bss_start__, __START_BSS)
 *(.bss)
 *(.bss*)
 .bss.cdsCell   0x1fff111c        0x4 ..\main.o
                0x1fff111c                cdsCell
 .bss.left_encoder
                0x1fff1120        0x4 ..\main.o
                0x1fff1120                left_encoder
 .bss.right_encoder
                0x1fff1124        0x4 ..\main.o
                0x1fff1124                right_encoder
 .bss.leftMotor
                0x1fff1128        0x8 ..\main.o
                0x1fff1128                leftMotor
 .bss.rightMotor
                0x1fff1130        0x8 ..\main.o
                0x1fff1130                rightMotor
 .bss.lower_servo
                0x1fff1138        0xc ..\main.o
                0x1fff1138                lower_servo
 .bss.upper_servo
                0x1fff1144        0xc ..\main.o
                0x1fff1144                upper_servo
 .bss.frontLeftBump
                0x1fff1150        0x4 ..\main.o
                0x1fff1150                frontLeftBump
 .bss.frontRightBump
                0x1fff1154        0x4 ..\main.o
                0x1fff1154                frontRightBump
 .bss.backLeftBump
                0x1fff1158        0x4 ..\main.o
                0x1fff1158                backLeftBump
 .bss.backRightBump
                0x1fff115c        0x4 ..\main.o
                0x1fff115c                backRightBump
 .bss.leftOptosensor
                0x1fff1160        0x4 ..\main.o
                0x1fff1160                leftOptosensor
 .bss.middleOptosensor
                0x1fff1164        0x4 ..\main.o
                0x1fff1164                middleOptosensor
 .bss.rightOptosensor
                0x1fff1168        0x4 ..\main.o
                0x1fff1168                rightOptosensor
 .bss._ZL4argv  0x1fff116c        0x4 Startup\__arm_start.o
 .bss.MasterTransmission
                0x1fff1170        0x1 Drivers\i2c.o
                0x1fff1170                MasterTransmission
 .bss.SlaveID   0x1fff1171        0x1 Drivers\i2c.o
                0x1fff1171                SlaveID
 *fill*         0x1fff1172        0x2 00
 .bss.SDHC_Card
                0x1fff1174       0x14 Drivers\SDHC.o
                0x1fff1174                SDHC_Card
 .bss.SDHC_Info
                0x1fff1188      0x204 Drivers\SDHC.o
                0x1fff1188                SDHC_Info
 .bss.SDHC_Device
                0x1fff138c        0x8 Drivers\SDHC.o
                0x1fff138c                SDHC_Device
 .bss.Propeller
                0x1fff1394        0x4 FEHProteus.o
                0x1fff1394                Propeller
 .bss.CoreClockKHz
                0x1fff1398        0x4 FEHProteus.o
                0x1fff1398                CoreClockKHz
 .bss.CoreClockMHz
                0x1fff139c        0x4 FEHProteus.o
                0x1fff139c                CoreClockMHz
 .bss.PeripheralClockKHz
                0x1fff13a0        0x4 FEHProteus.o
                0x1fff13a0                PeripheralClockKHz
 .bss._ZN14AnalogInputPin17Master_Adc_ConfigE
                0x1fff13a4       0x10 Libraries\FEHIO.o
                0x1fff13a4                AnalogInputPin::Master_Adc_Config
 .bss._ZN14AnalogInputPin18Encoder_Adc_ConfigE
                0x1fff13b4       0x10 Libraries\FEHIO.o
                0x1fff13b4                AnalogInputPin::Encoder_Adc_Config
 .bss.interrupt_counts
                0x1fff13c4       0x80 Libraries\FEHIO.o
                0x1fff13c4                interrupt_counts
 .bss._ZN13AnalogEncoder7pinListE
                0x1fff1444        0x4 Libraries\FEHIO.o
                0x1fff1444                AnalogEncoder::pinList
 .bss.__interrupt_counter
                0x1fff1448        0x4 Libraries\FEHIO.o
                0x1fff1448                __interrupt_counter
 .bss.Buzzer    0x1fff144c        0x4 Libraries\FEHBuzzer.o
                0x1fff144c                Buzzer
 .bss.LCD       0x1fff1450       0x44 Libraries\FEHLCD.o
                0x1fff1450                LCD
 .bss.initialized
                0x1fff1494        0x1 Libraries\FEHLCD.o
                0x1fff1494                initialized
 *fill*         0x1fff1495        0x3 00
 .bss.Accel     0x1fff1498        0x4 Libraries\FEHAccel.o
                0x1fff1498                Accel
 .bss.Battery   0x1fff149c        0x4 Libraries\FEHBattery.o
                0x1fff149c                Battery
 .bss.XBeeDataProcess
                0x1fff14a0        0x4 Drivers\FEHXBee.o
                0x1fff14a0                XBeeDataProcess
 .bss._xbeebuffer
                0x1fff14a4       0x10 Drivers\FEHXBee.o
                0x1fff14a4                _xbeebuffer
 .bss._xbeebufferindex
                0x1fff14b4        0x1 Drivers\FEHXBee.o
                0x1fff14b4                _xbeebufferindex
 .bss._xbeestate
                0x1fff14b5        0x1 Drivers\FEHXBee.o
                0x1fff14b5                _xbeestate
 .bss._xbeebytereceived
                0x1fff14b6        0x1 Drivers\FEHXBee.o
                0x1fff14b6                _xbeebytereceived
 .bss._xbeebyte
                0x1fff14b7        0x1 Drivers\FEHXBee.o
                0x1fff14b7                _xbeebyte
 .bss.RPS       0x1fff14b8        0x8 Libraries\FEHRPS.o
                0x1fff14b8                RPS
 .bss._enabled  0x1fff14c0        0x1 Libraries\FEHRPS.o
                0x1fff14c0                _enabled
 *fill*         0x1fff14c1        0x3 00
 .bss._RPS_x    0x1fff14c4        0x4 Libraries\FEHRPS.o
                0x1fff14c4                _RPS_x
 .bss._RPS_y    0x1fff14c8        0x4 Libraries\FEHRPS.o
                0x1fff14c8                _RPS_y
 .bss._RPS_heading
                0x1fff14cc        0x4 Libraries\FEHRPS.o
                0x1fff14cc                _RPS_heading
 .bss._RPS_objective
                0x1fff14d0        0x4 Libraries\FEHRPS.o
                0x1fff14d0                _RPS_objective
 .bss._RPS_time
                0x1fff14d4        0x1 Libraries\FEHRPS.o
                0x1fff14d4                _RPS_time
 .bss._RPS_stop
                0x1fff14d5        0x1 Libraries\FEHRPS.o
                0x1fff14d5                _RPS_stop
 .bss._RPS_foundpacket
                0x1fff14d6        0x1 Libraries\FEHRPS.o
                0x1fff14d6                _RPS_foundpacket
 *fill*         0x1fff14d7        0x1 00
 .bss.SD        0x1fff14d8        0x4 Libraries\FEHSD.o
                0x1fff14d8                SD
 .bss.logfil    0x1fff14dc      0x228 Libraries\FEHSD.o
                0x1fff14dc                logfil
 .bss.__stdio_exit
                0x1fff1704        0x4 C:\fehqt\Proteus/EWL/lib/armv7e-m\libc.a(exit.o)
                0x1fff1704                __stdio_exit
 .bss.__console_exit
                0x1fff1708        0x4 C:\fehqt\Proteus/EWL/lib/armv7e-m\libc.a(exit.o)
                0x1fff1708                __console_exit
 .bss.__S_romp  0x1fff170c        0xc C:\fehqt\Proteus/EWL/lib/armv7e-m\librt.a(ROMCopy.o)
 .bss.__global_destructor_chain
                0x1fff1718        0x4 C:\fehqt\Proteus/EWL/lib/armv7e-m\librt.a(__arm_eabi_init.o)
                0x1fff1718                __global_destructor_chain
 *(COMMON)
                0x1fff171c                . = ALIGN (0x4)
                0x1fff171c                __END_BSS = .
                0x1fff171c                PROVIDE (__bss_end__, __END_BSS)

._user_heap_stack
                0x1fff171c     0x1000 load address 0x0001a138
                0x1fff171c                . = ALIGN (0x4)
                0x1fff171c                PROVIDE (end, .)
                0x1fff171c                PROVIDE (_end, .)
                0x1fff171c                __heap_addr = .
                0x1fff1f1c                . = (. + __heap_size)
 *fill*         0x1fff171c      0x800 00
                0x1fff271c                . = (. + __stack_size)
 *fill*         0x1fff1f1c      0x800 00
                0x1fff271c                . = ALIGN (0x4)
                0x00019b38                _romp_at = ((___ROM_AT + SIZEOF (.data)) + SIZEOF (.user_data2))

.romp           0x20000000       0x24 load address 0x00019b38
                0x00019b38                __S_romp = _romp_at
                0x20000000        0x4 LONG 0x18e1c ___ROM_AT
                0x20000004        0x4 LONG 0x1fff0400 _sdata
                0x20000008        0x4 LONG 0xd1c ___data_size
                0x2000000c        0x4 LONG 0x19b38 ___m_data2_ROMStart
                0x20000010        0x4 LONG 0x20000000 ___m_data2_RAMStart
                0x20000014        0x4 LONG 0x0 ___m_data2_ROMSize
                0x20000018        0x4 LONG 0x0
                0x2000001c        0x4 LONG 0x0
                0x20000020        0x4 LONG 0x0

.ARM.attributes
                0x00000000       0x33
 *(.ARM.attributes)
 .ARM.attributes
                0x00000000       0x33 ..\cds-cell-functions.o
 .ARM.attributes
                0x00000033       0x33 ..\performance-test-four.o
 .ARM.attributes
                0x00000066       0x33 ..\rps-functions.o
 .ARM.attributes
                0x00000099       0x33 ..\shaft-encoders-drive-functions.o
 .ARM.attributes
                0x000000cc       0x33 ..\time-drive-functions.o
 .ARM.attributes
                0x000000ff       0x33 ..\main.o
 .ARM.attributes
                0x00000132       0x33 Startup\__arm_start.o
 .ARM.attributes
                0x00000165       0x33 Startup\__arm_end.o
 .ARM.attributes
                0x00000198       0x33 Startup\kinetis_sysinit.o
 .ARM.attributes
                0x000001cb       0x33 Libraries\FEHMotor.o
 .ARM.attributes
                0x000001fe       0x33 Drivers\i2c.o
 .ARM.attributes
                0x00000231       0x33 Drivers\spi.o
 .ARM.attributes
                0x00000264       0x33 Drivers\uart.o
 .ARM.attributes
                0x00000297       0x33 Drivers\ff.o
 .ARM.attributes
                0x000002ca       0x33 Drivers\SDHC.o
 .ARM.attributes
                0x000002fd       0x33 Drivers\lptmr.o
 .ARM.attributes
                0x00000330       0x33 FEHProteus.o
 .ARM.attributes
                0x00000363       0x33 Drivers\FEHPropeller.o
 .ARM.attributes
                0x00000396       0x33 Libraries\FEHUtility.o
 .ARM.attributes
                0x000003c9       0x33 Libraries\FEHIO.o
 .ARM.attributes
                0x000003fc       0x33 Drivers\adc16.o
 .ARM.attributes
                0x0000042f       0x33 Libraries\FEHBuzzer.o
 .ARM.attributes
                0x00000462       0x33 Libraries\FEHServo.o
 .ARM.attributes
                0x00000495       0x33 Libraries\FEHLCD.o
 .ARM.attributes
                0x000004c8       0x33 Libraries\FEHAccel.o
 .ARM.attributes
                0x000004fb       0x33 Libraries\FEHBattery.o
 .ARM.attributes
                0x0000052e       0x33 Drivers\FEHXBee.o
 .ARM.attributes
                0x00000561       0x33 Libraries\FEHRPS.o
 .ARM.attributes
                0x00000594       0x33 Libraries\FEHSD.o
 .ARM.attributes
                0x000005c7       0x33 C:\fehqt\Proteus/EWL/lib/armv7e-m\libc.a(sprintf.o)
 .ARM.attributes
                0x000005fa       0x33 C:\fehqt\Proteus/EWL/lib/armv7e-m\libc.a(vsnprintf.o)
 .ARM.attributes
                0x0000062d       0x33 C:\fehqt\Proteus/EWL/lib/armv7e-m\libc.a(exit.o)
 .ARM.attributes
                0x00000660       0x33 C:\fehqt\Proteus/EWL/lib/armv7e-m\libc.a(memcpy.o)
 .ARM.attributes
                0x00000693       0x33 C:\fehqt\Proteus/EWL/lib/armv7e-m\libc.a(memset.o)
 .ARM.attributes
                0x000006c6       0x33 C:\fehqt\Proteus/EWL/lib/armv7e-m\libc.a(strcpy.o)
 .ARM.attributes
                0x000006f9       0x33 C:\fehqt\Proteus/EWL/lib/armv7e-m\libc.a(strlen.o)
 .ARM.attributes
                0x0000072c       0x33 C:\fehqt\Proteus/EWL/lib/armv7e-m\libc.a(printformat_.o)
 .ARM.attributes
                0x0000075f       0x33 C:\fehqt\Proteus/EWL/lib/armv7e-m\libc.a(scanformat_.o)
 .ARM.attributes
                0x00000792       0x33 C:\fehqt\Proteus/EWL/lib/armv7e-m\libc.a(ctype_aeabi.o)
 .ARM.attributes
                0x000007c5       0x33 C:\fehqt\Proteus/EWL/lib/armv7e-m\libc.a(__strtoul.o)
 .ARM.attributes
                0x000007f8       0x33 C:\fehqt\Proteus/EWL/lib/armv7e-m\libc.a(__filll_mem.o)
 .ARM.attributes
                0x0000082b       0x33 C:\fehqt\Proteus/EWL/lib/armv7e-m\libc.a(memchr.o)
 .ARM.attributes
                0x0000085e       0x33 C:\fehqt\Proteus/EWL/lib/armv7e-m\libc.a(strchr.o)
 .ARM.attributes
                0x00000891       0x1e c:/fehqt/proteus/gcc/bin/../lib/gcc/arm-none-eabi/4.6.2/armv7e-m\libgcc.a(_arm_addsubdf3.o)
 .ARM.attributes
                0x000008af       0x1e c:/fehqt/proteus/gcc/bin/../lib/gcc/arm-none-eabi/4.6.2/armv7e-m\libgcc.a(_arm_muldivdf3.o)
 .ARM.attributes
                0x000008cd       0x1e c:/fehqt/proteus/gcc/bin/../lib/gcc/arm-none-eabi/4.6.2/armv7e-m\libgcc.a(_arm_cmpdf2.o)
 .ARM.attributes
                0x000008eb       0x1e c:/fehqt/proteus/gcc/bin/../lib/gcc/arm-none-eabi/4.6.2/armv7e-m\libgcc.a(_arm_fixdfsi.o)
 .ARM.attributes
                0x00000909       0x1e c:/fehqt/proteus/gcc/bin/../lib/gcc/arm-none-eabi/4.6.2/armv7e-m\libgcc.a(_arm_fixunsdfsi.o)
 .ARM.attributes
                0x00000927       0x1e c:/fehqt/proteus/gcc/bin/../lib/gcc/arm-none-eabi/4.6.2/armv7e-m\libgcc.a(_arm_truncdfsf2.o)
 .ARM.attributes
                0x00000945       0x1e c:/fehqt/proteus/gcc/bin/../lib/gcc/arm-none-eabi/4.6.2/armv7e-m\libgcc.a(_arm_addsubsf3.o)
 .ARM.attributes
                0x00000963       0x1e c:/fehqt/proteus/gcc/bin/../lib/gcc/arm-none-eabi/4.6.2/armv7e-m\libgcc.a(_arm_muldivsf3.o)
 .ARM.attributes
                0x00000981       0x1e c:/fehqt/proteus/gcc/bin/../lib/gcc/arm-none-eabi/4.6.2/armv7e-m\libgcc.a(_arm_cmpsf2.o)
 .ARM.attributes
                0x0000099f       0x1e c:/fehqt/proteus/gcc/bin/../lib/gcc/arm-none-eabi/4.6.2/armv7e-m\libgcc.a(_arm_fixsfsi.o)
 .ARM.attributes
                0x000009bd       0x33 C:\fehqt\Proteus/EWL/lib/armv7e-m\librt.a(gcc_ctor_dtor.o)
 .ARM.attributes
                0x000009f0       0x33 C:\fehqt\Proteus/EWL/lib/armv7e-m\librt.a(ROMCopy.o)
 .ARM.attributes
                0x00000a23       0x33 C:\fehqt\Proteus/EWL/lib/armv7e-m\librt.a(__arm_eabi_init.o)
OUTPUT(../local-t4-feh-robot.elf elf32-littlearm)

.debug_info     0x00000000    0x18b69
 .debug_info    0x00000000      0xeb8 ..\cds-cell-functions.o
 .debug_info    0x00000eb8     0x12d5 ..\performance-test-four.o
 .debug_info    0x0000218d      0xe88 ..\rps-functions.o
 .debug_info    0x00003015      0xf04 ..\shaft-encoders-drive-functions.o
 .debug_info    0x00003f19      0xccb ..\time-drive-functions.o
 .debug_info    0x00004be4      0x7ec ..\main.o
 .debug_info    0x000053d0     0x12c5 Startup\__arm_start.o
 .debug_info    0x00006695       0x58 Startup\__arm_end.o
 .debug_info    0x000066ed      0x61c Startup\kinetis_sysinit.o
 .debug_info    0x00006d09      0x335 Libraries\FEHMotor.o
 .debug_info    0x0000703e      0x250 Drivers\i2c.o
 .debug_info    0x0000728e      0x6cf Drivers\spi.o
 .debug_info    0x0000795d      0x59c Drivers\uart.o
 .debug_info    0x00007ef9     0x1da0 Drivers\ff.o
 .debug_info    0x00009c99      0xf1d Drivers\SDHC.o
 .debug_info    0x0000abb6      0x2de Drivers\lptmr.o
 .debug_info    0x0000ae94      0x1a7 FEHProteus.o
 .debug_info    0x0000b03b      0x722 Drivers\FEHPropeller.o
 .debug_info    0x0000b75d      0x36c Libraries\FEHUtility.o
 .debug_info    0x0000bac9     0x1c6a Libraries\FEHIO.o
 .debug_info    0x0000d733      0x4ab Drivers\adc16.o
 .debug_info    0x0000dbde      0xa42 Libraries\FEHBuzzer.o
 .debug_info    0x0000e620     0x1500 Libraries\FEHServo.o
 .debug_info    0x0000fb20     0x2c25 Libraries\FEHLCD.o
 .debug_info    0x00012745      0x26a Libraries\FEHAccel.o
 .debug_info    0x000129af      0x3a9 Libraries\FEHBattery.o
 .debug_info    0x00012d58      0xac3 Drivers\FEHXBee.o
 .debug_info    0x0001381b     0x1b23 Libraries\FEHRPS.o
 .debug_info    0x0001533e     0x16c8 Libraries\FEHSD.o
 .debug_info    0x00016a06      0x11f C:\fehqt\Proteus/EWL/lib/armv7e-m\libc.a(sprintf.o)
 .debug_info    0x00016b25      0x206 C:\fehqt\Proteus/EWL/lib/armv7e-m\libc.a(vsnprintf.o)
 .debug_info    0x00016d2b      0x103 C:\fehqt\Proteus/EWL/lib/armv7e-m\libc.a(exit.o)
 .debug_info    0x00016e2e      0x113 C:\fehqt\Proteus/EWL/lib/armv7e-m\libc.a(memcpy.o)
 .debug_info    0x00016f41       0xf4 C:\fehqt\Proteus/EWL/lib/armv7e-m\libc.a(memset.o)
 .debug_info    0x00017035      0x10a C:\fehqt\Proteus/EWL/lib/armv7e-m\libc.a(strcpy.o)
 .debug_info    0x0001713f       0xf3 C:\fehqt\Proteus/EWL/lib/armv7e-m\libc.a(strlen.o)
 .debug_info    0x00017232      0x512 C:\fehqt\Proteus/EWL/lib/armv7e-m\libc.a(printformat_.o)
 .debug_info    0x00017744      0x564 C:\fehqt\Proteus/EWL/lib/armv7e-m\libc.a(scanformat_.o)
 .debug_info    0x00017ca8      0x32a C:\fehqt\Proteus/EWL/lib/armv7e-m\libc.a(ctype_aeabi.o)
 .debug_info    0x00017fd2      0x1d7 C:\fehqt\Proteus/EWL/lib/armv7e-m\libc.a(__strtoul.o)
 .debug_info    0x000181a9      0x13d C:\fehqt\Proteus/EWL/lib/armv7e-m\libc.a(__filll_mem.o)
 .debug_info    0x000182e6      0x129 C:\fehqt\Proteus/EWL/lib/armv7e-m\libc.a(memchr.o)
 .debug_info    0x0001840f      0x110 C:\fehqt\Proteus/EWL/lib/armv7e-m\libc.a(strchr.o)
 .debug_info    0x0001851f      0x1c0 C:\fehqt\Proteus/EWL/lib/armv7e-m\librt.a(gcc_ctor_dtor.o)
 .debug_info    0x000186df      0x1b8 C:\fehqt\Proteus/EWL/lib/armv7e-m\librt.a(ROMCopy.o)
 .debug_info    0x00018897      0x2d2 C:\fehqt\Proteus/EWL/lib/armv7e-m\librt.a(__arm_eabi_init.o)

.debug_abbrev   0x00000000     0x4862
 .debug_abbrev  0x00000000      0x251 ..\cds-cell-functions.o
 .debug_abbrev  0x00000251      0x26c ..\performance-test-four.o
 .debug_abbrev  0x000004bd      0x22d ..\rps-functions.o
 .debug_abbrev  0x000006ea      0x1f8 ..\shaft-encoders-drive-functions.o
 .debug_abbrev  0x000008e2      0x1e3 ..\time-drive-functions.o
 .debug_abbrev  0x00000ac5      0x1e5 ..\main.o
 .debug_abbrev  0x00000caa      0x28f Startup\__arm_start.o
 .debug_abbrev  0x00000f39       0x45 Startup\__arm_end.o
 .debug_abbrev  0x00000f7e      0x1c3 Startup\kinetis_sysinit.o
 .debug_abbrev  0x00001141      0x18c Libraries\FEHMotor.o
 .debug_abbrev  0x000012cd       0xfc Drivers\i2c.o
 .debug_abbrev  0x000013c9      0x18b Drivers\spi.o
 .debug_abbrev  0x00001554      0x15f Drivers\uart.o
 .debug_abbrev  0x000016b3      0x18f Drivers\ff.o
 .debug_abbrev  0x00001842      0x223 Drivers\SDHC.o
 .debug_abbrev  0x00001a65       0xd2 Drivers\lptmr.o
 .debug_abbrev  0x00001b37      0x101 FEHProteus.o
 .debug_abbrev  0x00001c38      0x1c6 Drivers\FEHPropeller.o
 .debug_abbrev  0x00001dfe      0x154 Libraries\FEHUtility.o
 .debug_abbrev  0x00001f52      0x448 Libraries\FEHIO.o
 .debug_abbrev  0x0000239a      0x12a Drivers\adc16.o
 .debug_abbrev  0x000024c4      0x1da Libraries\FEHBuzzer.o
 .debug_abbrev  0x0000269e      0x312 Libraries\FEHServo.o
 .debug_abbrev  0x000029b0      0x38c Libraries\FEHLCD.o
 .debug_abbrev  0x00002d3c      0x13b Libraries\FEHAccel.o
 .debug_abbrev  0x00002e77      0x1cb Libraries\FEHBattery.o
 .debug_abbrev  0x00003042      0x231 Drivers\FEHXBee.o
 .debug_abbrev  0x00003273      0x38c Libraries\FEHRPS.o
 .debug_abbrev  0x000035ff      0x357 Libraries\FEHSD.o
 .debug_abbrev  0x00003956       0xb5 C:\fehqt\Proteus/EWL/lib/armv7e-m\libc.a(sprintf.o)
 .debug_abbrev  0x00003a0b       0xf4 C:\fehqt\Proteus/EWL/lib/armv7e-m\libc.a(vsnprintf.o)
 .debug_abbrev  0x00003aff       0x8f C:\fehqt\Proteus/EWL/lib/armv7e-m\libc.a(exit.o)
 .debug_abbrev  0x00003b8e       0x97 C:\fehqt\Proteus/EWL/lib/armv7e-m\libc.a(memcpy.o)
 .debug_abbrev  0x00003c25       0x66 C:\fehqt\Proteus/EWL/lib/armv7e-m\libc.a(memset.o)
 .debug_abbrev  0x00003c8b       0x7c C:\fehqt\Proteus/EWL/lib/armv7e-m\libc.a(strcpy.o)
 .debug_abbrev  0x00003d07       0x7e C:\fehqt\Proteus/EWL/lib/armv7e-m\libc.a(strlen.o)
 .debug_abbrev  0x00003d85      0x204 C:\fehqt\Proteus/EWL/lib/armv7e-m\libc.a(printformat_.o)
 .debug_abbrev  0x00003f89      0x1fb C:\fehqt\Proteus/EWL/lib/armv7e-m\libc.a(scanformat_.o)
 .debug_abbrev  0x00004184       0x9a C:\fehqt\Proteus/EWL/lib/armv7e-m\libc.a(ctype_aeabi.o)
 .debug_abbrev  0x0000421e       0xc6 C:\fehqt\Proteus/EWL/lib/armv7e-m\libc.a(__strtoul.o)
 .debug_abbrev  0x000042e4       0x8b C:\fehqt\Proteus/EWL/lib/armv7e-m\libc.a(__filll_mem.o)
 .debug_abbrev  0x0000436f       0x99 C:\fehqt\Proteus/EWL/lib/armv7e-m\libc.a(memchr.o)
 .debug_abbrev  0x00004408       0x8d C:\fehqt\Proteus/EWL/lib/armv7e-m\libc.a(strchr.o)
 .debug_abbrev  0x00004495       0x9d C:\fehqt\Proteus/EWL/lib/armv7e-m\librt.a(gcc_ctor_dtor.o)
 .debug_abbrev  0x00004532      0x160 C:\fehqt\Proteus/EWL/lib/armv7e-m\librt.a(ROMCopy.o)
 .debug_abbrev  0x00004692      0x1d0 C:\fehqt\Proteus/EWL/lib/armv7e-m\librt.a(__arm_eabi_init.o)

.debug_loc      0x00000000     0x69ea
 .debug_loc     0x00000000       0xbc ..\cds-cell-functions.o
 .debug_loc     0x000000bc       0x3a ..\performance-test-four.o
 .debug_loc     0x000000f6      0x10c ..\rps-functions.o
 .debug_loc     0x00000202       0xaa ..\shaft-encoders-drive-functions.o
 .debug_loc     0x000002ac       0xe0 ..\time-drive-functions.o
 .debug_loc     0x0000038c       0xbc ..\main.o
 .debug_loc     0x00000448       0xb0 Startup\__arm_start.o
 .debug_loc     0x000004f8       0x38 Startup\__arm_end.o
 .debug_loc     0x00000530       0x84 Startup\kinetis_sysinit.o
 .debug_loc     0x000005b4       0xe0 Libraries\FEHMotor.o
 .debug_loc     0x00000694       0xe0 Drivers\i2c.o
 .debug_loc     0x00000774      0x19c Drivers\spi.o
 .debug_loc     0x00000910       0xe0 Drivers\uart.o
 .debug_loc     0x000009f0      0xa96 Drivers\ff.o
 .debug_loc     0x00001486      0x370 Drivers\SDHC.o
 .debug_loc     0x000017f6       0x38 Drivers\lptmr.o
 .debug_loc     0x0000182e       0x64 FEHProteus.o
 .debug_loc     0x00001892      0x118 Drivers\FEHPropeller.o
 .debug_loc     0x000019aa      0x1a8 Libraries\FEHUtility.o
 .debug_loc     0x00001b52      0x8d6 Libraries\FEHIO.o
 .debug_loc     0x00002428       0xa8 Drivers\adc16.o
 .debug_loc     0x000024d0      0x304 Libraries\FEHBuzzer.o
 .debug_loc     0x000027d4      0x1fa Libraries\FEHServo.o
 .debug_loc     0x000029ce     0x1147 Libraries\FEHLCD.o
 .debug_loc     0x00003b15      0x144 Libraries\FEHAccel.o
 .debug_loc     0x00003c59       0xd4 Libraries\FEHBattery.o
 .debug_loc     0x00003d2d      0x1c0 Drivers\FEHXBee.o
 .debug_loc     0x00003eed      0x3e8 Libraries\FEHRPS.o
 .debug_loc     0x000042d5      0x24a Libraries\FEHSD.o
 .debug_loc     0x0000451f       0x3f C:\fehqt\Proteus/EWL/lib/armv7e-m\libc.a(sprintf.o)
 .debug_loc     0x0000455e      0x105 C:\fehqt\Proteus/EWL/lib/armv7e-m\libc.a(vsnprintf.o)
 .debug_loc     0x00004663       0x3e C:\fehqt\Proteus/EWL/lib/armv7e-m\libc.a(exit.o)
 .debug_loc     0x000046a1       0x46 C:\fehqt\Proteus/EWL/lib/armv7e-m\libc.a(memcpy.o)
 .debug_loc     0x000046e7       0x64 C:\fehqt\Proteus/EWL/lib/armv7e-m\libc.a(memset.o)
 .debug_loc     0x0000474b       0x20 C:\fehqt\Proteus/EWL/lib/armv7e-m\libc.a(strcpy.o)
 .debug_loc     0x0000476b       0x31 C:\fehqt\Proteus/EWL/lib/armv7e-m\libc.a(strlen.o)
 .debug_loc     0x0000479c     0x106f C:\fehqt\Proteus/EWL/lib/armv7e-m\libc.a(printformat_.o)
 .debug_loc     0x0000580b      0x8cb C:\fehqt\Proteus/EWL/lib/armv7e-m\libc.a(scanformat_.o)
 .debug_loc     0x000060d6      0x18e C:\fehqt\Proteus/EWL/lib/armv7e-m\libc.a(ctype_aeabi.o)
 .debug_loc     0x00006264      0x2ad C:\fehqt\Proteus/EWL/lib/armv7e-m\libc.a(__strtoul.o)
 .debug_loc     0x00006511      0x12c C:\fehqt\Proteus/EWL/lib/armv7e-m\libc.a(__filll_mem.o)
 .debug_loc     0x0000663d       0x82 C:\fehqt\Proteus/EWL/lib/armv7e-m\libc.a(memchr.o)
 .debug_loc     0x000066bf       0x78 C:\fehqt\Proteus/EWL/lib/armv7e-m\libc.a(strchr.o)
 .debug_loc     0x00006737       0xbe C:\fehqt\Proteus/EWL/lib/armv7e-m\librt.a(gcc_ctor_dtor.o)
 .debug_loc     0x000067f5       0x9b C:\fehqt\Proteus/EWL/lib/armv7e-m\librt.a(ROMCopy.o)
 .debug_loc     0x00006890      0x15a C:\fehqt\Proteus/EWL/lib/armv7e-m\librt.a(__arm_eabi_init.o)

.debug_aranges  0x00000000      0xfb8
 .debug_aranges
                0x00000000       0x38 ..\cds-cell-functions.o
 .debug_aranges
                0x00000038       0x20 ..\performance-test-four.o
 .debug_aranges
                0x00000058       0x40 ..\rps-functions.o
 .debug_aranges
                0x00000098       0x30 ..\shaft-encoders-drive-functions.o
 .debug_aranges
                0x000000c8       0x38 ..\time-drive-functions.o
 .debug_aranges
                0x00000100       0x38 ..\main.o
 .debug_aranges
                0x00000138       0x48 Startup\__arm_start.o
 .debug_aranges
                0x00000180       0x20 Startup\__arm_end.o
 .debug_aranges
                0x000001a0       0x30 Startup\kinetis_sysinit.o
 .debug_aranges
                0x000001d0       0x38 Libraries\FEHMotor.o
 .debug_aranges
                0x00000208       0x38 Drivers\i2c.o
 .debug_aranges
                0x00000240       0x58 Drivers\spi.o
 .debug_aranges
                0x00000298       0x38 Drivers\uart.o
 .debug_aranges
                0x000002d0      0x198 Drivers\ff.o
 .debug_aranges
                0x00000468       0x98 Drivers\SDHC.o
 .debug_aranges
                0x00000500       0x20 Drivers\lptmr.o
 .debug_aranges
                0x00000520       0x28 FEHProteus.o
 .debug_aranges
                0x00000548       0x40 Drivers\FEHPropeller.o
 .debug_aranges
                0x00000588       0x58 Libraries\FEHUtility.o
 .debug_aranges
                0x000005e0      0x160 Libraries\FEHIO.o
 .debug_aranges
                0x00000740       0x30 Drivers\adc16.o
 .debug_aranges
                0x00000770       0x88 Libraries\FEHBuzzer.o
 .debug_aranges
                0x000007f8       0x60 Libraries\FEHServo.o
 .debug_aranges
                0x00000858      0x290 Libraries\FEHLCD.o
 .debug_aranges
                0x00000ae8       0x48 Libraries\FEHAccel.o
 .debug_aranges
                0x00000b30       0x38 Libraries\FEHBattery.o
 .debug_aranges
                0x00000b68       0x58 Drivers\FEHXBee.o
 .debug_aranges
                0x00000bc0       0xa8 Libraries\FEHRPS.o
 .debug_aranges
                0x00000c68       0x68 Libraries\FEHSD.o
 .debug_aranges
                0x00000cd0       0x20 C:\fehqt\Proteus/EWL/lib/armv7e-m\libc.a(sprintf.o)
 .debug_aranges
                0x00000cf0       0x28 C:\fehqt\Proteus/EWL/lib/armv7e-m\libc.a(vsnprintf.o)
 .debug_aranges
                0x00000d18       0x20 C:\fehqt\Proteus/EWL/lib/armv7e-m\libc.a(exit.o)
 .debug_aranges
                0x00000d38       0x20 C:\fehqt\Proteus/EWL/lib/armv7e-m\libc.a(memcpy.o)
 .debug_aranges
                0x00000d58       0x20 C:\fehqt\Proteus/EWL/lib/armv7e-m\libc.a(memset.o)
 .debug_aranges
                0x00000d78       0x20 C:\fehqt\Proteus/EWL/lib/armv7e-m\libc.a(strcpy.o)
 .debug_aranges
                0x00000d98       0x20 C:\fehqt\Proteus/EWL/lib/armv7e-m\libc.a(strlen.o)
 .debug_aranges
                0x00000db8       0x28 C:\fehqt\Proteus/EWL/lib/armv7e-m\libc.a(printformat_.o)
 .debug_aranges
                0x00000de0       0x20 C:\fehqt\Proteus/EWL/lib/armv7e-m\libc.a(scanformat_.o)
 .debug_aranges
                0x00000e00       0x88 C:\fehqt\Proteus/EWL/lib/armv7e-m\libc.a(ctype_aeabi.o)
 .debug_aranges
                0x00000e88       0x20 C:\fehqt\Proteus/EWL/lib/armv7e-m\libc.a(__strtoul.o)
 .debug_aranges
                0x00000ea8       0x20 C:\fehqt\Proteus/EWL/lib/armv7e-m\libc.a(__filll_mem.o)
 .debug_aranges
                0x00000ec8       0x20 C:\fehqt\Proteus/EWL/lib/armv7e-m\libc.a(memchr.o)
 .debug_aranges
                0x00000ee8       0x20 C:\fehqt\Proteus/EWL/lib/armv7e-m\libc.a(strchr.o)
 .debug_aranges
                0x00000f08       0x28 C:\fehqt\Proteus/EWL/lib/armv7e-m\librt.a(gcc_ctor_dtor.o)
 .debug_aranges
                0x00000f30       0x30 C:\fehqt\Proteus/EWL/lib/armv7e-m\librt.a(ROMCopy.o)
 .debug_aranges
                0x00000f60       0x58 C:\fehqt\Proteus/EWL/lib/armv7e-m\librt.a(__arm_eabi_init.o)

.debug_line     0x00000000     0x8d38
 .debug_line    0x00000000      0x316 ..\cds-cell-functions.o
 .debug_line    0x00000316      0x351 ..\performance-test-four.o
 .debug_line    0x00000667      0x3fc ..\rps-functions.o
 .debug_line    0x00000a63      0x32e ..\shaft-encoders-drive-functions.o
 .debug_line    0x00000d91      0x2cd ..\time-drive-functions.o
 .debug_line    0x0000105e      0x3f0 ..\main.o
 .debug_line    0x0000144e      0x3ad Startup\__arm_start.o
 .debug_line    0x000017fb      0x21a Startup\__arm_end.o
 .debug_line    0x00001a15      0x291 Startup\kinetis_sysinit.o
 .debug_line    0x00001ca6      0x237 Libraries\FEHMotor.o
 .debug_line    0x00001edd      0x2ad Drivers\i2c.o
 .debug_line    0x0000218a      0x295 Drivers\spi.o
 .debug_line    0x0000241f      0x212 Drivers\uart.o
 .debug_line    0x00002631     0x1114 Drivers\ff.o
 .debug_line    0x00003745      0x678 Drivers\SDHC.o
 .debug_line    0x00003dbd      0x1c0 Drivers\lptmr.o
 .debug_line    0x00003f7d      0x1da FEHProteus.o
 .debug_line    0x00004157      0x264 Drivers\FEHPropeller.o
 .debug_line    0x000043bb      0x282 Libraries\FEHUtility.o
 .debug_line    0x0000463d      0x6ee Libraries\FEHIO.o
 .debug_line    0x00004d2b      0x20f Drivers\adc16.o
 .debug_line    0x00004f3a      0x2df Libraries\FEHBuzzer.o
 .debug_line    0x00005219      0x545 Libraries\FEHServo.o
 .debug_line    0x0000575e     0x1151 Libraries\FEHLCD.o
 .debug_line    0x000068af      0x23f Libraries\FEHAccel.o
 .debug_line    0x00006aee      0x218 Libraries\FEHBattery.o
 .debug_line    0x00006d06      0x349 Drivers\FEHXBee.o
 .debug_line    0x0000704f      0x746 Libraries\FEHRPS.o
 .debug_line    0x00007795      0x3fa Libraries\FEHSD.o
 .debug_line    0x00007b8f       0x94 C:\fehqt\Proteus/EWL/lib/armv7e-m\libc.a(sprintf.o)
 .debug_line    0x00007c23       0xd2 C:\fehqt\Proteus/EWL/lib/armv7e-m\libc.a(vsnprintf.o)
 .debug_line    0x00007cf5       0x94 C:\fehqt\Proteus/EWL/lib/armv7e-m\libc.a(exit.o)
 .debug_line    0x00007d89       0x8d C:\fehqt\Proteus/EWL/lib/armv7e-m\libc.a(memcpy.o)
 .debug_line    0x00007e16       0x8f C:\fehqt\Proteus/EWL/lib/armv7e-m\libc.a(memset.o)
 .debug_line    0x00007ea5       0x8e C:\fehqt\Proteus/EWL/lib/armv7e-m\libc.a(strcpy.o)
 .debug_line    0x00007f33       0x89 C:\fehqt\Proteus/EWL/lib/armv7e-m\libc.a(strlen.o)
 .debug_line    0x00007fbc      0x2c6 C:\fehqt\Proteus/EWL/lib/armv7e-m\libc.a(printformat_.o)
 .debug_line    0x00008282      0x2e3 C:\fehqt\Proteus/EWL/lib/armv7e-m\libc.a(scanformat_.o)
 .debug_line    0x00008565      0x1dd C:\fehqt\Proteus/EWL/lib/armv7e-m\libc.a(ctype_aeabi.o)
 .debug_line    0x00008742      0x141 C:\fehqt\Proteus/EWL/lib/armv7e-m\libc.a(__strtoul.o)
 .debug_line    0x00008883      0x121 C:\fehqt\Proteus/EWL/lib/armv7e-m\libc.a(__filll_mem.o)
 .debug_line    0x000089a4       0xa3 C:\fehqt\Proteus/EWL/lib/armv7e-m\libc.a(memchr.o)
 .debug_line    0x00008a47       0x84 C:\fehqt\Proteus/EWL/lib/armv7e-m\libc.a(strchr.o)
 .debug_line    0x00008acb       0x94 C:\fehqt\Proteus/EWL/lib/armv7e-m\librt.a(gcc_ctor_dtor.o)
 .debug_line    0x00008b5f       0xc0 C:\fehqt\Proteus/EWL/lib/armv7e-m\librt.a(ROMCopy.o)
 .debug_line    0x00008c1f      0x119 C:\fehqt\Proteus/EWL/lib/armv7e-m\librt.a(__arm_eabi_init.o)

.debug_macinfo  0x00000000   0xa929c4
 .debug_macinfo
                0x00000000    0x6493e ..\cds-cell-functions.o
 .debug_macinfo
                0x0006493e    0x649af ..\performance-test-four.o
 .debug_macinfo
                0x000c92ed    0x64963 ..\rps-functions.o
 .debug_macinfo
                0x0012dc50    0x6493e ..\shaft-encoders-drive-functions.o
 .debug_macinfo
                0x0019258e    0x6493e ..\time-drive-functions.o
 .debug_macinfo
                0x001f6ecc    0x64a8e ..\main.o
 .debug_macinfo
                0x0025b95a    0x647fb Startup\__arm_start.o
 .debug_macinfo
                0x002c0155     0x3464 Startup\__arm_end.o
 .debug_macinfo
                0x002c35b9    0x64cce Startup\kinetis_sysinit.o
 .debug_macinfo
                0x00328287    0x6305c Libraries\FEHMotor.o
 .debug_macinfo
                0x0038b2e3    0x6318f Drivers\i2c.o
 .debug_macinfo
                0x003ee472    0x62fd6 Drivers\spi.o
 .debug_macinfo
                0x00451448    0x62fc7 Drivers\uart.o
 .debug_macinfo
                0x004b440f     0x4396 Drivers\ff.o
 .debug_macinfo
                0x004b87a5    0x6452b Drivers\SDHC.o
 .debug_macinfo
                0x0051ccd0    0x63036 Drivers\lptmr.o
 .debug_macinfo
                0x0057fd06    0x62fdc FEHProteus.o
 .debug_macinfo
                0x005e2ce2    0x63085 Drivers\FEHPropeller.o
 .debug_macinfo
                0x00645d67    0x62ff1 Libraries\FEHUtility.o
 .debug_macinfo
                0x006a8d58    0x64348 Libraries\FEHIO.o
 .debug_macinfo
                0x0070d0a0    0x63678 Drivers\adc16.o
 .debug_macinfo
                0x00770718    0x6301e Libraries\FEHBuzzer.o
 .debug_macinfo
                0x007d3736    0x64476 Libraries\FEHServo.o
 .debug_macinfo
                0x00837bac    0x649ab Libraries\FEHLCD.o
 .debug_macinfo
                0x0089c557    0x631be Libraries\FEHAccel.o
 .debug_macinfo
                0x008ff715    0x636a3 Libraries\FEHBattery.o
 .debug_macinfo
                0x00962db8    0x63d5d Drivers\FEHXBee.o
 .debug_macinfo
                0x009c6b15    0x66196 Libraries\FEHRPS.o
 .debug_macinfo
                0x00a2ccab    0x65d19 Libraries\FEHSD.o

.debug_str      0x00000000     0x538b
 .debug_str     0x00000000      0xe81 ..\cds-cell-functions.o
                                0xf1c (size before relaxing)
 .debug_str     0x00000e81      0x4ec ..\performance-test-four.o
                               0x1348 (size before relaxing)
 .debug_str     0x0000136d      0x13d ..\rps-functions.o
                                0xf19 (size before relaxing)
 .debug_str     0x000014aa      0x353 ..\shaft-encoders-drive-functions.o
                                0xf39 (size before relaxing)
 .debug_str     0x000017fd       0xb0 ..\time-drive-functions.o
                                0xce6 (size before relaxing)
 .debug_str     0x000018ad      0x154 ..\main.o
                                0x7ee (size before relaxing)
 .debug_str     0x00001a01      0x346 Startup\__arm_start.o
                                0xe6c (size before relaxing)
 .debug_str     0x00001d47       0x23 Startup\__arm_end.o
                                 0xc0 (size before relaxing)
 .debug_str     0x00001d6a      0x23a Startup\kinetis_sysinit.o
                                0x3e1 (size before relaxing)
 .debug_str     0x00001fa4       0x2f Libraries\FEHMotor.o
                                0x2de (size before relaxing)
 .debug_str     0x00001fd3      0x11a Drivers\i2c.o
                                0x207 (size before relaxing)
 .debug_str     0x000020ed      0x18b Drivers\spi.o
                                0x3c0 (size before relaxing)
 .debug_str     0x00002278      0x188 Drivers\uart.o
                                0x355 (size before relaxing)
 .debug_str     0x00002400      0x6b0 Drivers\ff.o
                                0x858 (size before relaxing)
 .debug_str     0x00002ab0      0x546 Drivers\SDHC.o
                                0x82e (size before relaxing)
 .debug_str     0x00002ff6       0x5a Drivers\lptmr.o
                                0x20e (size before relaxing)
 .debug_str     0x00003050       0x28 FEHProteus.o
                                0x25a (size before relaxing)
 .debug_str     0x00003078       0x25 Drivers\FEHPropeller.o
                                0x39b (size before relaxing)
 .debug_str     0x0000309d       0xc0 Libraries\FEHUtility.o
                                0x1df (size before relaxing)
 .debug_str     0x0000315d      0xcf1 Libraries\FEHIO.o
                               0x12b0 (size before relaxing)
 .debug_str     0x00003e4e       0xd7 Drivers\adc16.o
                                0x29f (size before relaxing)
 .debug_str     0x00003f25      0x1ba Libraries\FEHBuzzer.o
                                0x3b1 (size before relaxing)
 .debug_str     0x000040df      0x245 Libraries\FEHServo.o
                               0x1111 (size before relaxing)
 .debug_str     0x00004324      0x2c3 Libraries\FEHLCD.o
                               0x1112 (size before relaxing)
 .debug_str     0x000045e7       0x68 Libraries\FEHAccel.o
                                0x1a3 (size before relaxing)
 .debug_str     0x0000464f       0x5d Libraries\FEHBattery.o
                                0x364 (size before relaxing)
 .debug_str     0x000046ac       0xfd Drivers\FEHXBee.o
                                0x54a (size before relaxing)
 .debug_str     0x000047a9      0x1df Libraries\FEHRPS.o
                               0x160b (size before relaxing)
 .debug_str     0x00004988       0x9c Libraries\FEHSD.o
                               0x116b (size before relaxing)
 .debug_str     0x00004a24       0xab C:\fehqt\Proteus/EWL/lib/armv7e-m\libc.a(sprintf.o)
                                0x15a (size before relaxing)
 .debug_str     0x00004acf       0x83 C:\fehqt\Proteus/EWL/lib/armv7e-m\libc.a(vsnprintf.o)
                                0x1c3 (size before relaxing)
 .debug_str     0x00004b52       0x2e C:\fehqt\Proteus/EWL/lib/armv7e-m\libc.a(exit.o)
                                0x14e (size before relaxing)
 .debug_str     0x00004b80       0x1c C:\fehqt\Proteus/EWL/lib/armv7e-m\libc.a(memcpy.o)
                                0x138 (size before relaxing)
 .debug_str     0x00004b9c       0x1c C:\fehqt\Proteus/EWL/lib/armv7e-m\libc.a(memset.o)
                                0x140 (size before relaxing)
 .debug_str     0x00004bb8       0x24 C:\fehqt\Proteus/EWL/lib/armv7e-m\libc.a(strcpy.o)
                                0x139 (size before relaxing)
 .debug_str     0x00004bdc       0x1c C:\fehqt\Proteus/EWL/lib/armv7e-m\libc.a(strlen.o)
                                0x140 (size before relaxing)
 .debug_str     0x00004bf8      0x21a C:\fehqt\Proteus/EWL/lib/armv7e-m\libc.a(printformat_.o)
                                0x3aa (size before relaxing)
 .debug_str     0x00004e12      0x17b C:\fehqt\Proteus/EWL/lib/armv7e-m\libc.a(scanformat_.o)
                                0x3f0 (size before relaxing)
 .debug_str     0x00004f8d       0x9d C:\fehqt\Proteus/EWL/lib/armv7e-m\libc.a(ctype_aeabi.o)
                                0x1b3 (size before relaxing)
 .debug_str     0x0000502a       0x55 C:\fehqt\Proteus/EWL/lib/armv7e-m\libc.a(__strtoul.o)
                                0x1f2 (size before relaxing)
 .debug_str     0x0000507f       0x25 C:\fehqt\Proteus/EWL/lib/armv7e-m\libc.a(__filll_mem.o)
                                0x152 (size before relaxing)
 .debug_str     0x000050a4       0x1c C:\fehqt\Proteus/EWL/lib/armv7e-m\libc.a(memchr.o)
                                0x148 (size before relaxing)
 .debug_str     0x000050c0       0x1c C:\fehqt\Proteus/EWL/lib/armv7e-m\libc.a(strchr.o)
                                0x137 (size before relaxing)
 .debug_str     0x000050dc      0x126 C:\fehqt\Proteus/EWL/lib/armv7e-m\librt.a(gcc_ctor_dtor.o)
                                0x185 (size before relaxing)
 .debug_str     0x00005202       0x96 C:\fehqt\Proteus/EWL/lib/armv7e-m\librt.a(ROMCopy.o)
                                0x140 (size before relaxing)
 .debug_str     0x00005298       0xf3 C:\fehqt\Proteus/EWL/lib/armv7e-m\librt.a(__arm_eabi_init.o)
                                0x1ac (size before relaxing)

.comment        0x00000000       0x79
 .comment       0x00000000       0x79 ..\cds-cell-functions.o
                                 0x7a (size before relaxing)
 .comment       0x00000000       0x7a ..\performance-test-four.o
 .comment       0x00000000       0x7a ..\rps-functions.o
 .comment       0x00000000       0x7a ..\shaft-encoders-drive-functions.o
 .comment       0x00000000       0x7a ..\time-drive-functions.o
 .comment       0x00000000       0x7a ..\main.o
 .comment       0x00000000       0x7a Startup\__arm_start.o
 .comment       0x00000000       0x7a Startup\__arm_end.o
 .comment       0x00000000       0x7a Startup\kinetis_sysinit.o
 .comment       0x00000000       0x7a Libraries\FEHMotor.o
 .comment       0x00000000       0x7a Drivers\i2c.o
 .comment       0x00000000       0x7a Drivers\spi.o
 .comment       0x00000000       0x7a Drivers\uart.o
 .comment       0x00000000       0x7a Drivers\ff.o
 .comment       0x00000000       0x7a Drivers\SDHC.o
 .comment       0x00000000       0x7a Drivers\lptmr.o
 .comment       0x00000000       0x7a FEHProteus.o
 .comment       0x00000000       0x7a Drivers\FEHPropeller.o
 .comment       0x00000000       0x7a Libraries\FEHUtility.o
 .comment       0x00000000       0x7a Libraries\FEHIO.o
 .comment       0x00000000       0x7a Drivers\adc16.o
 .comment       0x00000000       0x7a Libraries\FEHBuzzer.o
 .comment       0x00000000       0x7a Libraries\FEHServo.o
 .comment       0x00000000       0x7a Libraries\FEHLCD.o
 .comment       0x00000000       0x7a Libraries\FEHAccel.o
 .comment       0x00000000       0x7a Libraries\FEHBattery.o
 .comment       0x00000000       0x7a Drivers\FEHXBee.o
 .comment       0x00000000       0x7a Libraries\FEHRPS.o
 .comment       0x00000000       0x7a Libraries\FEHSD.o
 .comment       0x00000000       0x7a C:\fehqt\Proteus/EWL/lib/armv7e-m\libc.a(sprintf.o)
 .comment       0x00000000       0x7a C:\fehqt\Proteus/EWL/lib/armv7e-m\libc.a(vsnprintf.o)
 .comment       0x00000000       0x7a C:\fehqt\Proteus/EWL/lib/armv7e-m\libc.a(exit.o)
 .comment       0x00000000       0x7a C:\fehqt\Proteus/EWL/lib/armv7e-m\libc.a(memcpy.o)
 .comment       0x00000000       0x7a C:\fehqt\Proteus/EWL/lib/armv7e-m\libc.a(memset.o)
 .comment       0x00000000       0x7a C:\fehqt\Proteus/EWL/lib/armv7e-m\libc.a(strcpy.o)
 .comment       0x00000000       0x7a C:\fehqt\Proteus/EWL/lib/armv7e-m\libc.a(strlen.o)
 .comment       0x00000000       0x7a C:\fehqt\Proteus/EWL/lib/armv7e-m\libc.a(printformat_.o)
 .comment       0x00000000       0x7a C:\fehqt\Proteus/EWL/lib/armv7e-m\libc.a(scanformat_.o)
 .comment       0x00000000       0x7a C:\fehqt\Proteus/EWL/lib/armv7e-m\libc.a(ctype_aeabi.o)
 .comment       0x00000000       0x7a C:\fehqt\Proteus/EWL/lib/armv7e-m\libc.a(__strtoul.o)
 .comment       0x00000000       0x7a C:\fehqt\Proteus/EWL/lib/armv7e-m\libc.a(__filll_mem.o)
 .comment       0x00000000       0x7a C:\fehqt\Proteus/EWL/lib/armv7e-m\libc.a(memchr.o)
 .comment       0x00000000       0x7a C:\fehqt\Proteus/EWL/lib/armv7e-m\libc.a(strchr.o)
 .comment       0x00000000       0x7a C:\fehqt\Proteus/EWL/lib/armv7e-m\librt.a(gcc_ctor_dtor.o)
 .comment       0x00000000       0x7a C:\fehqt\Proteus/EWL/lib/armv7e-m\librt.a(ROMCopy.o)
 .comment       0x00000000       0x7a C:\fehqt\Proteus/EWL/lib/armv7e-m\librt.a(__arm_eabi_init.o)

.debug_frame    0x00000000     0x2d5c
 .debug_frame   0x00000000       0x8c ..\cds-cell-functions.o
 .debug_frame   0x0000008c       0x34 ..\performance-test-four.o
 .debug_frame   0x000000c0       0xbc ..\rps-functions.o
 .debug_frame   0x0000017c       0x78 ..\shaft-encoders-drive-functions.o
 .debug_frame   0x000001f4       0x90 ..\time-drive-functions.o
 .debug_frame   0x00000284       0x84 ..\main.o
 .debug_frame   0x00000308       0x98 Startup\__arm_start.o
 .debug_frame   0x000003a0       0x2c Startup\__arm_end.o
 .debug_frame   0x000003cc       0x5c Startup\kinetis_sysinit.o
 .debug_frame   0x00000428       0x94 Libraries\FEHMotor.o
 .debug_frame   0x000004bc       0x88 Drivers\i2c.o
 .debug_frame   0x00000544       0xf8 Drivers\spi.o
 .debug_frame   0x0000063c       0x84 Drivers\uart.o
 .debug_frame   0x000006c0      0x5e8 Drivers\ff.o
 .debug_frame   0x00000ca8      0x1e8 Drivers\SDHC.o
 .debug_frame   0x00000e90       0x2c Drivers\lptmr.o
 .debug_frame   0x00000ebc       0x4c FEHProteus.o
 .debug_frame   0x00000f08       0xa8 Drivers\FEHPropeller.o
 .debug_frame   0x00000fb0       0xf8 Libraries\FEHUtility.o
 .debug_frame   0x000010a8      0x4e8 Libraries\FEHIO.o
 .debug_frame   0x00001590       0x64 Drivers\adc16.o
 .debug_frame   0x000015f4      0x1c8 Libraries\FEHBuzzer.o
 .debug_frame   0x000017bc      0x12c Libraries\FEHServo.o
 .debug_frame   0x000018e8      0x9c0 Libraries\FEHLCD.o
 .debug_frame   0x000022a8       0xd8 Libraries\FEHAccel.o
 .debug_frame   0x00002380       0x8c Libraries\FEHBattery.o
 .debug_frame   0x0000240c       0xfc Drivers\FEHXBee.o
 .debug_frame   0x00002508      0x230 Libraries\FEHRPS.o
 .debug_frame   0x00002738      0x168 Libraries\FEHSD.o
 .debug_frame   0x000028a0       0x34 C:\fehqt\Proteus/EWL/lib/armv7e-m\libc.a(sprintf.o)
 .debug_frame   0x000028d4       0x4c C:\fehqt\Proteus/EWL/lib/armv7e-m\libc.a(vsnprintf.o)
 .debug_frame   0x00002920       0x28 C:\fehqt\Proteus/EWL/lib/armv7e-m\libc.a(exit.o)
 .debug_frame   0x00002948       0x28 C:\fehqt\Proteus/EWL/lib/armv7e-m\libc.a(memcpy.o)
 .debug_frame   0x00002970       0x28 C:\fehqt\Proteus/EWL/lib/armv7e-m\libc.a(memset.o)
 .debug_frame   0x00002998       0x28 C:\fehqt\Proteus/EWL/lib/armv7e-m\libc.a(strcpy.o)
 .debug_frame   0x000029c0       0x20 C:\fehqt\Proteus/EWL/lib/armv7e-m\libc.a(strlen.o)
 .debug_frame   0x000029e0       0x64 C:\fehqt\Proteus/EWL/lib/armv7e-m\libc.a(printformat_.o)
 .debug_frame   0x00002a44       0x3c C:\fehqt\Proteus/EWL/lib/armv7e-m\libc.a(scanformat_.o)
 .debug_frame   0x00002a80       0xf0 C:\fehqt\Proteus/EWL/lib/armv7e-m\libc.a(ctype_aeabi.o)
 .debug_frame   0x00002b70       0x3c C:\fehqt\Proteus/EWL/lib/armv7e-m\libc.a(__strtoul.o)
 .debug_frame   0x00002bac       0x2c C:\fehqt\Proteus/EWL/lib/armv7e-m\libc.a(__filll_mem.o)
 .debug_frame   0x00002bd8       0x28 C:\fehqt\Proteus/EWL/lib/armv7e-m\libc.a(memchr.o)
 .debug_frame   0x00002c00       0x20 C:\fehqt\Proteus/EWL/lib/armv7e-m\libc.a(strchr.o)
 .debug_frame   0x00002c20       0x48 C:\fehqt\Proteus/EWL/lib/armv7e-m\librt.a(gcc_ctor_dtor.o)
 .debug_frame   0x00002c68       0x48 C:\fehqt\Proteus/EWL/lib/armv7e-m\librt.a(ROMCopy.o)
 .debug_frame   0x00002cb0       0xac C:\fehqt\Proteus/EWL/lib/armv7e-m\librt.a(__arm_eabi_init.o)
